###############################################################################
#
# IAR ELF Linker V8.50.9.278/W32 for ARM                  12/Jan/2021  16:14:44
# Copyright 2007-2020 IAR Systems AB.
#
#    Output file  =
#        C:\Users\Elias\Documents\IAR Embedded
#        Workbench\CSE_GR18_Project\Debug\Exe\CSE_GR18_Project.out
#    Map file     =
#        C:\Users\Elias\Documents\IAR Embedded
#        Workbench\CSE_GR18_Project\Debug\List\CSE_GR18_Project.map
#    Command line =
#        -f C:\Users\Elias\AppData\Local\Temp\EW8492.tmp
#        ("C:\Users\Elias\Documents\IAR Embedded
#        Workbench\CSE_GR18_Project\Debug\Obj\cstartup.o"
#        "C:\Users\Elias\Documents\IAR Embedded
#        Workbench\CSE_GR18_Project\Debug\Obj\exceptions.o"
#        "C:\Users\Elias\Documents\IAR Embedded
#        Workbench\CSE_GR18_Project\Debug\Obj\main.o"
#        "C:\Users\Elias\Documents\IAR Embedded
#        Workbench\CSE_GR18_Project\Debug\Obj\startup_sam3x.o"
#        "C:\Users\Elias\Documents\IAR Embedded
#        Workbench\CSE_GR18_Project\Debug\Obj\system_sam3x.o"
#        --no_out_extension -o "C:\Users\Elias\Documents\IAR Embedded
#        Workbench\CSE_GR18_Project\Debug\Exe\CSE_GR18_Project.out" --redirect
#        _Printf=_PrintfFullNoMb --redirect _Scanf=_ScanfFullNoMb --map
#        "C:\Users\Elias\Documents\IAR Embedded
#        Workbench\CSE_GR18_Project\Debug\List\CSE_GR18_Project.map" --config
#        "C:\Program Files (x86)\IAR Systems\Embedded Workbench
#        8.4\arm\config\linker\Microchip\sam3x8\sram.icf" --semihosting --entry
#        __iar_program_start --vfe --text_out locale --advanced_heap)
#
###############################################################################

*******************************************************************************
*** RUNTIME MODEL ATTRIBUTES
***

CppFlavor       = *
__Heap_Handler  = DLMalloc
__SystemLibrary = DLib
__dlib_version  = 6


*******************************************************************************
*** HEAP SELECTION
***

The advanced heap was selected because of --advanced_heap.


*******************************************************************************
*** PLACEMENT SUMMARY
***

"A0":  place at address 0x2007'0000 { ro section .intvec };
"P1":  place in [from 0x2007'0000 to 0x2008'7fff] { ro };
define block CSTACK with size = 4K, alignment = 8 { };
define block HEAP with size = 8K, alignment = 8 { };
"P2":  place in [from 0x2007'0000 to 0x2008'7fff] {
          rw, block CSTACK, block HEAP };
initialize by copy with packing = copy, complex ranges { rw };

  Section            Kind         Address    Size  Object
  -------            ----         -------    ----  ------
"A0":                                        0xf4
  .intvec                     0x2007'0000    0xf4  <Block>
    .intvec          const    0x2007'0000    0xf4  startup_sam3x.o [1]
                            - 0x2007'00f4    0xf4

"P1-P2", part 1 of 3:                      0x6be0
  .text              ro code  0x2007'00f4  0x4340  main.o [1]
  .text              ro code  0x2007'4434    0x3a  DblToS32.o [3]
  .text              ro code  0x2007'446e    0x3a  zero_init3.o [4]
  .text              ro code  0x2007'44a8    0x22  S32ToDbl.o [3]
  .text              ro code  0x2007'44ca    0x2e  copy_init3.o [4]
  .text              ro code  0x2007'44f8    0xe2  DblSub.o [3]
  .text              ro code  0x2007'45da     0x2  exceptions.o [1]
  .text              ro code  0x2007'45dc   0x1a2  DblMul.o [3]
  .text              ro code  0x2007'4780   0x246  DblDiv.o [3]
  .text              ro code  0x2007'49c8    0x86  ABImemcpy.o [4]
  .text              ro code  0x2007'4a50    0x2e  DblCmpLe.o [3]
  .text              ro code  0x2007'4a80   0x17a  DblAdd.o [3]
  .text              ro code  0x2007'4bfc   0x274  I64DivMod.o [4]
  .text              ro code  0x2007'4e70  0x15cc  dlmalloc.o [2]
  .text              ro code  0x2007'643c    0x2e  DblCmpGe.o [3]
  .text              ro code  0x2007'646c    0x1a  U32ToDbl.o [3]
  .text              ro code  0x2007'6488    0x1e  U64Shr.o [4]
  .text              ro code  0x2007'64a8    0x46  U64ToDbl.o [3]
  .text              ro code  0x2007'64f0    0xa0  system_sam3x.o [1]
  .text              ro code  0x2007'6590     0x2  I64DivZer.o [4]
  .text              ro code  0x2007'6592     0x6  abort.o [2]
  .text              ro code  0x2007'6598    0x2c  xgetmemchunk.o [2]
  .text              ro code  0x2007'65c4     0x6  ABImemclr.o [4]
  .text              ro code  0x2007'65cc     0x6  ABImemclr4.o [4]
  .text              ro code  0x2007'65d4    0x14  exit.o [5]
  .text              ro code  0x2007'65e8    0x5e  ABImemset.o [4]
  .text              ro code  0x2007'6648    0x32  ABImemset48.o [4]
  .rodata            const    0x2007'667c    0x30  main.o [1]
  .text              ro code  0x2007'66ac    0x30  startup_sam3x.o [1]
  .text              ro code  0x2007'66dc     0xc  cstartup.o [1]
  .text              ro code  0x2007'66e8    0x1e  cmain.o [4]
  .text              ro code  0x2007'6708    0x28  data_init.o [4]
  .text              ro code  0x2007'6730     0x4  exit.o [2]
  .text              ro code  0x2007'6734     0xa  cexit.o [4]
  .rodata            const    0x2007'6740    0x28  main.o [1]
  .rodata            const    0x2007'6768    0x28  main.o [1]
  .iar.init_table    const    0x2007'6790    0x24  - Linker created -
  .rodata            const    0x2007'67b4    0x20  main.o [1]
  .rodata            const    0x2007'67d4    0x1c  main.o [1]
  .rodata            const    0x2007'67f0    0x1c  main.o [1]
  .rodata            const    0x2007'680c    0x1c  main.o [1]
  .rodata            const    0x2007'6828    0x18  main.o [1]
  .rodata            const    0x2007'6840    0x18  main.o [1]
  .rodata            const    0x2007'6858    0x18  main.o [1]
  .rodata            const    0x2007'6870    0x18  main.o [1]
  .rodata            const    0x2007'6888    0x18  main.o [1]
  .rodata            const    0x2007'68a0    0x18  main.o [1]
  .rodata            const    0x2007'68b8    0x14  main.o [1]
  .rodata            const    0x2007'68cc    0x14  main.o [1]
  .rodata            const    0x2007'68e0    0x14  main.o [1]
  .rodata            const    0x2007'68f4    0x14  main.o [1]
  .rodata            const    0x2007'6908    0x14  main.o [1]
  .rodata            const    0x2007'691c    0x14  main.o [1]
  .rodata            const    0x2007'6930    0x14  main.o [1]
  .rodata            const    0x2007'6944    0x14  main.o [1]
  .rodata            const    0x2007'6958    0x14  main.o [1]
  .rodata            const    0x2007'696c    0x10  main.o [1]
  .rodata            const    0x2007'697c    0x10  main.o [1]
  .rodata            const    0x2007'698c    0x10  main.o [1]
  .rodata            const    0x2007'699c    0x10  main.o [1]
  .rodata            const    0x2007'69ac    0x10  main.o [1]
  .rodata            const    0x2007'69bc    0x10  main.o [1]
  .rodata            const    0x2007'69cc    0x10  main.o [1]
  .rodata            const    0x2007'69dc    0x10  main.o [1]
  .rodata            const    0x2007'69ec    0x10  main.o [1]
  .rodata            const    0x2007'69fc    0x10  main.o [1]
  .rodata            const    0x2007'6a0c    0x10  main.o [1]
  .rodata            const    0x2007'6a1c    0x10  main.o [1]
  .rodata            const    0x2007'6a2c    0x10  main.o [1]
  .rodata            const    0x2007'6a3c    0x10  main.o [1]
  .rodata            const    0x2007'6a4c    0x10  main.o [1]
  .rodata            const    0x2007'6a5c    0x10  main.o [1]
  .rodata            const    0x2007'6a6c     0xc  main.o [1]
  .rodata            const    0x2007'6a78     0xc  main.o [1]
  .rodata            const    0x2007'6a84     0xc  main.o [1]
  .rodata            const    0x2007'6a90     0xc  main.o [1]
  .rodata            const    0x2007'6a9c     0xc  main.o [1]
  .rodata            const    0x2007'6aa8     0xc  main.o [1]
  .rodata            const    0x2007'6ab4     0xc  main.o [1]
  .rodata            const    0x2007'6ac0     0xc  main.o [1]
  .rodata            const    0x2007'6acc     0xc  main.o [1]
  .rodata            const    0x2007'6ad8     0xc  main.o [1]
  .rodata            const    0x2007'6ae4     0xc  main.o [1]
  .rodata            const    0x2007'6af0     0xc  main.o [1]
  .rodata            const    0x2007'6afc     0xc  main.o [1]
  .rodata            const    0x2007'6b08     0xc  main.o [1]
  .rodata            const    0x2007'6b14     0xc  main.o [1]
  .rodata            const    0x2007'6b20     0xc  main.o [1]
  .rodata            const    0x2007'6b2c     0xc  main.o [1]
  .rodata            const    0x2007'6b38     0xc  main.o [1]
  .rodata            const    0x2007'6b44     0xc  main.o [1]
  .rodata            const    0x2007'6b50     0x8  main.o [1]
  .rodata            const    0x2007'6b58     0x8  main.o [1]
  .rodata            const    0x2007'6b60     0x8  main.o [1]
  .rodata            const    0x2007'6b68     0x8  main.o [1]
  .rodata            const    0x2007'6b70     0x8  main.o [1]
  .rodata            const    0x2007'6b78     0x8  main.o [1]
  .rodata            const    0x2007'6b80     0x8  main.o [1]
  .rodata            const    0x2007'6b88     0x8  main.o [1]
  .rodata            const    0x2007'6b90     0x4  main.o [1]
  .rodata            const    0x2007'6b94     0x4  main.o [1]
  .rodata            const    0x2007'6b98     0x4  main.o [1]
  .rodata            const    0x2007'6b9c     0x0  zero_init3.o [4]
  .rodata            const    0x2007'6b9c     0x0  copy_init3.o [4]
  P1-P2 s0                    0x2007'6ba0    0x9c  <Init block>
    .data            inited   0x2007'6ba0    0x20  main.o [1]
    .data            inited   0x2007'6bc0    0x1c  main.o [1]
    .data            inited   0x2007'6bdc     0xc  main.o [1]
    .data            inited   0x2007'6be8     0xc  main.o [1]
    .data            inited   0x2007'6bf4     0x4  main.o [1]
    .data            inited   0x2007'6bf8     0x8  main.o [1]
    .data            inited   0x2007'6c00     0x8  main.o [1]
    .data            inited   0x2007'6c08     0x8  main.o [1]
    .data            inited   0x2007'6c10     0x4  main.o [1]
    .data            inited   0x2007'6c14     0x4  main.o [1]
    .data            inited   0x2007'6c18     0x4  main.o [1]
    .data            inited   0x2007'6c1c     0x4  main.o [1]
    .data            inited   0x2007'6c20     0x4  main.o [1]
    .data            inited   0x2007'6c24     0x4  main.o [1]
    .data            inited   0x2007'6c28     0x4  main.o [1]
    .data            inited   0x2007'6c2c     0x4  main.o [1]
    .data            inited   0x2007'6c30     0x4  main.o [1]
    .data            inited   0x2007'6c34     0x4  system_sam3x.o [1]
  Initializer bytes  const    0x2007'6c38    0x9c  <for P1-P2 s0> (used: 0x98)
                            - 0x2007'6cd4  0x6be0

"P1-P2", part 2 of 3:                       0x460
  .bss               zero     0x2007'6cd4   0x1d8  dlmalloc.o [2]
  .bss               zero     0x2007'6eb0   0x120  main.o [1]
  .bss               zero     0x2007'6fd0    0x18  dlmalloc.o [2]
  .bss               zero     0x2007'6fe8    0x10  main.o [1]
  .bss               zero     0x2007'6ff8    0x10  main.o [1]
  .bss               zero     0x2007'7008     0xc  main.o [1]
  .bss               zero     0x2007'7014     0x4  main.o [1]
  .bss               zero     0x2007'7018     0x8  main.o [1]
  .bss               zero     0x2007'7020     0x8  main.o [1]
  .bss               zero     0x2007'7028     0x8  main.o [1]
  .bss               zero     0x2007'7030     0x8  main.o [1]
  .bss               zero     0x2007'7038     0x8  main.o [1]
  .bss               zero     0x2007'7040     0x8  main.o [1]
  .bss               zero     0x2007'7048     0x8  main.o [1]
  .bss               zero     0x2007'7050     0x8  main.o [1]
  .bss               zero     0x2007'7058     0x8  main.o [1]
  .bss               zero     0x2007'7060     0x8  main.o [1]
  .bss               zero     0x2007'7068     0x8  main.o [1]
  .bss               zero     0x2007'7070     0x8  main.o [1]
  .bss               zero     0x2007'7078     0x4  main.o [1]
  .bss               zero     0x2007'707c     0x4  main.o [1]
  .bss               zero     0x2007'7080     0x4  main.o [1]
  .bss               zero     0x2007'7084     0x4  main.o [1]
  .bss               zero     0x2007'7088     0x4  main.o [1]
  .bss               zero     0x2007'708c     0x4  main.o [1]
  .bss               zero     0x2007'7090     0x4  main.o [1]
  .bss               zero     0x2007'7094     0x4  main.o [1]
  .bss               zero     0x2007'7098     0x4  main.o [1]
  .bss               zero     0x2007'709c     0x4  main.o [1]
  .bss               zero     0x2007'70a0     0x4  main.o [1]
  .bss               zero     0x2007'70a4     0x4  main.o [1]
  .bss               zero     0x2007'70a8     0x4  main.o [1]
  .bss               zero     0x2007'70ac     0x4  main.o [1]
  .bss               zero     0x2007'70b0     0x4  main.o [1]
  .bss               zero     0x2007'70b4     0x4  main.o [1]
  .bss               zero     0x2007'70b8     0x4  main.o [1]
  .bss               zero     0x2007'70bc     0x4  main.o [1]
  .bss               zero     0x2007'70c0     0x4  main.o [1]
  .bss               zero     0x2007'70c4     0x4  main.o [1]
  .bss               zero     0x2007'70c8     0x4  main.o [1]
  .bss               zero     0x2007'70cc     0x4  main.o [1]
  .bss               zero     0x2007'70d0     0x4  main.o [1]
  .bss               zero     0x2007'70d4     0x4  main.o [1]
  .bss               zero     0x2007'70d8     0x4  main.o [1]
  .bss               zero     0x2007'70dc     0x4  main.o [1]
  .bss               zero     0x2007'70e0     0x4  main.o [1]
  .bss               zero     0x2007'70e4     0x4  main.o [1]
  .bss               zero     0x2007'70e8     0x4  main.o [1]
  .bss               zero     0x2007'70ec     0x4  main.o [1]
  .bss               zero     0x2007'70f0     0x4  main.o [1]
  .bss               zero     0x2007'70f4     0x4  main.o [1]
  .bss               zero     0x2007'70f8     0x4  main.o [1]
  .bss               zero     0x2007'70fc     0x4  main.o [1]
  .bss               zero     0x2007'7100     0x4  main.o [1]
  .bss               zero     0x2007'7104     0x4  main.o [1]
  .bss               zero     0x2007'7108     0x4  main.o [1]
  .bss               zero     0x2007'710c     0x4  main.o [1]
  .bss               zero     0x2007'7110     0x4  main.o [1]
  .bss               zero     0x2007'7114     0x4  main.o [1]
  .bss               zero     0x2007'7118     0x4  main.o [1]
  .bss               zero     0x2007'711c     0x4  main.o [1]
  .bss               zero     0x2007'7120     0x4  main.o [1]
  .bss               zero     0x2007'7124     0x4  main.o [1]
  .bss               zero     0x2007'7128     0x4  xgetmemchunk.o [2]
  .bss               zero     0x2007'712c     0x2  main.o [1]
  .bss               zero     0x2007'712e     0x1  main.o [1]
  .bss               zero     0x2007'712f     0x1  main.o [1]
  .bss               zero     0x2007'7130     0x1  main.o [1]
  .bss               zero     0x2007'7131     0x1  main.o [1]
  .bss               zero     0x2007'7132     0x1  main.o [1]
                            - 0x2007'7133   0x45f

"P1-P2", part 3 of 3:                      0x3000
  CSTACK                      0x2007'7138  0x1000  <Block>
    CSTACK           uninit   0x2007'7138  0x1000  <Block tail>
  HEAP                        0x2007'8138  0x2000  <Block>
    HEAP             uninit   0x2007'8138  0x2000  <Block tail>
                            - 0x2007'a138  0x3000

Unused ranges:

         From           To    Size
         ----           --    ----
  0x2007'7134  0x2007'7137     0x4
  0x2007'a138  0x2008'7fff  0xdec8


*******************************************************************************
*** INIT TABLE
***

          Address      Size
          -------      ----
Zero (__iar_zero_init3)
    1 destination range, total size 0x45f:
          0x2007'6cd4  0x45f

Copy (__iar_copy_init3)
    1 source range, total size 0x9c (102% of destination):
          0x2007'6c38   0x9c
    1 destination range, total size 0x98:
          0x2007'6ba0   0x98



*******************************************************************************
*** MODULE SUMMARY
***

    Module           ro code  ro data  rw data
    ------           -------  -------  -------
command line/config:
    ------------------------------------------
    Total:

C:\Users\Elias\Documents\IAR Embedded Workbench\CSE_GR18_Project\Debug\Obj: [1]
    cstartup.o            12
    exceptions.o           2
    main.o            17'216    1'276      763
    startup_sam3x.o       48      244
    system_sam3x.o       160        4        4
    ------------------------------------------
    Total:            17'438    1'524      767

dl7M_tlf.a: [2]
    abort.o                6
    dlmalloc.o         5'580               496
    exit.o                 4
    xgetmemchunk.o        44                 4
    ------------------------------------------
    Total:             5'634               500

m7M_tl.a: [3]
    DblAdd.o             378
    DblCmpGe.o            46
    DblCmpLe.o            46
    DblDiv.o             582
    DblMul.o             418
    DblSub.o             226
    DblToS32.o            58
    S32ToDbl.o            34
    U32ToDbl.o            26
    U64ToDbl.o            70
    ------------------------------------------
    Total:             1'884

rt7M_tl.a: [4]
    ABImemclr.o            6
    ABImemclr4.o           6
    ABImemcpy.o          134
    ABImemset.o           94
    ABImemset48.o         50
    I64DivMod.o          628
    I64DivZer.o            2
    U64Shr.o              30
    cexit.o               10
    cmain.o               30
    copy_init3.o          46
    data_init.o           40
    zero_init3.o          58
    ------------------------------------------
    Total:             1'134

shb_l.a: [5]
    exit.o                20
    ------------------------------------------
    Total:                20

    Gaps                  26        4        4
    Linker created                 40   12'288
----------------------------------------------
    Grand Total:      26'136    1'568   13'559


*******************************************************************************
*** ENTRY LIST
***

Entry                       Address   Size  Type      Object
-----                       -------   ----  ----      ------
.iar.init_table$$Base   0x2007'6790          --   Gb  - Linker created -
.iar.init_table$$Limit  0x2007'67b4          --   Gb  - Linker created -
.intvec$$Base           0x2007'0000          --   Gb  - Linker created -
.intvec$$Limit          0x2007'00f4          --   Gb  - Linker created -
?main                   0x2007'66e9         Code  Gb  cmain.o [4]
ADC_Handler             0x2007'0231   0x3e  Code  Gb  main.o [1]
BusFault_Handler        0x2007'45db    0x2  Code  Wk  exceptions.o [1]
CAN0_Handler            0x2007'45db    0x2  Code  Wk  exceptions.o [1]
CAN1_Handler            0x2007'45db    0x2  Code  Wk  exceptions.o [1]
CSTACK$$Base            0x2007'7138          --   Gb  - Linker created -
CSTACK$$Limit           0x2007'8138          --   Gb  - Linker created -
DACC_Handler            0x2007'45db    0x2  Code  Wk  exceptions.o [1]
DMAC_Handler            0x2007'45db    0x2  Code  Wk  exceptions.o [1]
DebugMon_Handler        0x2007'45db    0x2  Code  Wk  exceptions.o [1]
Dummy_Handler           0x2007'45db    0x2  Code  Gb  exceptions.o [1]
EFC0_Handler            0x2007'45db    0x2  Code  Wk  exceptions.o [1]
EFC1_Handler            0x2007'45db    0x2  Code  Wk  exceptions.o [1]
HEAP$$Base              0x2007'8138          --   Gb  - Linker created -
HEAP$$Limit             0x2007'a138          --   Gb  - Linker created -
HSMCI_Handler           0x2007'45db    0x2  Code  Wk  exceptions.o [1]
HardFault_Handler       0x2007'026f    0x2  Code  Gb  main.o [1]
Init_Display            0x2007'05e7   0x7e  Code  Gb  main.o [1]
MemManage_Handler       0x2007'45db    0x2  Code  Wk  exceptions.o [1]
NMI_Handler             0x2007'45db    0x2  Code  Wk  exceptions.o [1]
NVIC_ClearPendingIRQ    0x2007'010b   0x16  Code  Lc  main.o [1]
NVIC_EnableIRQ          0x2007'00f5   0x16  Code  Lc  main.o [1]
NVIC_SetPriority        0x2007'0121   0x28  Code  Lc  main.o [1]
PIOA_Handler            0x2007'45db    0x2  Code  Wk  exceptions.o [1]
PIOB_Handler            0x2007'45db    0x2  Code  Wk  exceptions.o [1]
PIOC_Handler            0x2007'45db    0x2  Code  Wk  exceptions.o [1]
PIOD_Handler            0x2007'45db    0x2  Code  Wk  exceptions.o [1]
PMC_Handler             0x2007'45db    0x2  Code  Wk  exceptions.o [1]
PWM_Handler             0x2007'45db    0x2  Code  Wk  exceptions.o [1]
PendSV_Handler          0x2007'45db    0x2  Code  Wk  exceptions.o [1]
RSTC_Handler            0x2007'45db    0x2  Code  Wk  exceptions.o [1]
RTC_Handler             0x2007'45db    0x2  Code  Wk  exceptions.o [1]
RTT_Handler             0x2007'45db    0x2  Code  Wk  exceptions.o [1]
Read_Status_Display     0x2007'0665   0x5a  Code  Gb  main.o [1]
Region$$Table$$Base     0x2007'6790          --   Gb  - Linker created -
Region$$Table$$Limit    0x2007'67b4          --   Gb  - Linker created -
Reset_Handler           0x2007'66d5    0x8  Code  Gb  startup_sam3x.o [1]
SPI0_Handler            0x2007'45db    0x2  Code  Wk  exceptions.o [1]
SSC_Handler             0x2007'45db    0x2  Code  Wk  exceptions.o [1]
SUPC_Handler            0x2007'45db    0x2  Code  Wk  exceptions.o [1]
SVC_Handler             0x2007'45db    0x2  Code  Wk  exceptions.o [1]
SysTick_Config          0x2007'0149   0x36  Code  Lc  main.o [1]
SysTick_Handler         0x2007'01f5   0x3c  Code  Gb  main.o [1]
SystemCoreClock         0x2007'6c34    0x4  Data  Gb  system_sam3x.o [1]
SystemInit              0x2007'64f1   0x70  Code  Gb  system_sam3x.o [1]
TC0_Handler             0x2007'01e3   0x12  Code  Gb  main.o [1]
TC1_Handler             0x2007'45db    0x2  Code  Wk  exceptions.o [1]
TC2_Handler             0x2007'45db    0x2  Code  Wk  exceptions.o [1]
TC3_Handler             0x2007'45db    0x2  Code  Wk  exceptions.o [1]
TC4_Handler             0x2007'45db    0x2  Code  Wk  exceptions.o [1]
TC5_Handler             0x2007'45db    0x2  Code  Wk  exceptions.o [1]
TRNG_Handler            0x2007'45db    0x2  Code  Wk  exceptions.o [1]
TWI0_Handler            0x2007'45db    0x2  Code  Wk  exceptions.o [1]
TWI1_Handler            0x2007'45db    0x2  Code  Wk  exceptions.o [1]
UART_Handler            0x2007'45db    0x2  Code  Wk  exceptions.o [1]
UOTGHS_Handler          0x2007'45db    0x2  Code  Wk  exceptions.o [1]
USART0_Handler          0x2007'45db    0x2  Code  Wk  exceptions.o [1]
USART1_Handler          0x2007'45db    0x2  Code  Wk  exceptions.o [1]
USART2_Handler          0x2007'45db    0x2  Code  Wk  exceptions.o [1]
UsageFault_Handler      0x2007'45db    0x2  Code  Wk  exceptions.o [1]
WDT_Handler             0x2007'45db    0x2  Code  Wk  exceptions.o [1]
Write_Command_2_Display
                        0x2007'071d   0x5e  Code  Gb  main.o [1]
Write_Data_2_Display    0x2007'06bf   0x5e  Code  Gb  main.o [1]
__aeabi_cdcmple         0x2007'4a51         Code  Gb  DblCmpLe.o [3]
__aeabi_cdrcmple        0x2007'643d         Code  Gb  DblCmpGe.o [3]
__aeabi_d2iz            0x2007'4435         Code  Gb  DblToS32.o [3]
__aeabi_dadd            0x2007'4a81         Code  Gb  DblAdd.o [3]
__aeabi_ddiv            0x2007'4781         Code  Gb  DblDiv.o [3]
__aeabi_dmul            0x2007'45dd         Code  Gb  DblMul.o [3]
__aeabi_dsub            0x2007'44f9         Code  Gb  DblSub.o [3]
__aeabi_i2d             0x2007'44a9         Code  Gb  S32ToDbl.o [3]
__aeabi_ldiv0           0x2007'6591         Code  Gb  I64DivZer.o [4]
__aeabi_ldivmod         0x2007'4bfd         Code  Gb  I64DivMod.o [4]
__aeabi_llsr            0x2007'6489         Code  Gb  U64Shr.o [4]
__aeabi_memclr          0x2007'65c5         Code  Gb  ABImemclr.o [4]
__aeabi_memclr4         0x2007'65cd         Code  Gb  ABImemclr4.o [4]
__aeabi_memcpy4         0x2007'49c9         Code  Gb  ABImemcpy.o [4]
__aeabi_memcpy8         0x2007'49c9         Code  Gb  ABImemcpy.o [4]
__aeabi_ui2d            0x2007'646d         Code  Gb  U32ToDbl.o [3]
__aeabi_ul2d            0x2007'64a9         Code  Gb  U64ToDbl.o [3]
__aeabi_uldivmod        0x2007'4c41         Code  Gb  I64DivMod.o [4]
__cmain                 0x2007'66e9         Code  Gb  cmain.o [4]
__data_GetMemChunk      0x2007'6599   0x2c  Code  Gb  xgetmemchunk.o [2]
__data_GetMemChunk::start
                        0x2007'7128    0x4  Data  Lc  xgetmemchunk.o [2]
__exit                  0x2007'65d5   0x14  Code  Gb  exit.o [5]
__iar_Memset4_word      0x2007'6649         Code  Gb  ABImemset48.o [4]
__iar_Memset8_word      0x2007'6649         Code  Gb  ABImemset48.o [4]
__iar_Memset_word       0x2007'65e9         Code  Gb  ABImemset.o [4]
__iar_copy_init3        0x2007'44cb   0x2e  Code  Gb  copy_init3.o [4]
__iar_dadd              0x2007'4509         Code  Gb  DblSub.o [3]
__iar_data_init3        0x2007'6709   0x28  Code  Gb  data_init.o [4]
__iar_dlcalloc          0x2007'6331   0x3e  Code  Gb  dlmalloc.o [2]
__iar_dlfree            0x2007'5e01  0x52c  Code  Gb  dlmalloc.o [2]
__iar_dlmallinfo        0x2007'6375   0xc0  Code  Gb  dlmalloc.o [2]
__iar_dlmalloc          0x2007'4ef9  0xf08  Code  Gb  dlmalloc.o [2]
__iar_dsub              0x2007'4a91         Code  Gb  DblAdd.o [3]
__iar_dsubStart         0x2007'4aa3         Code  Gb  DblAdd.o [3]
__iar_program_start     0x2007'66dd         Code  Gb  cstartup.o [1]
__iar_zero_init3        0x2007'446f   0x3a  Code  Gb  zero_init3.o [4]
__low_level_init        0x2007'66ad   0x20  Code  Gb  startup_sam3x.o [1]
__vector_table          0x2007'0000   0xf4  Data  Gb  startup_sam3x.o [1]
_call_main              0x2007'66f5         Code  Gb  cmain.o [4]
_exit                   0x2007'6735         Code  Gb  cexit.o [4]
_gm_                    0x2007'6cd4  0x1d8  Data  Lc  dlmalloc.o [2]
_main                   0x2007'66ff         Code  Gb  cmain.o [4]
abort                   0x2007'6593    0x6  Code  Gb  abort.o [2]
adc_CDR1_value          0x2007'7020    0x8  Data  Gb  main.o [1]
adc_CDR2_value          0x2007'7028    0x8  Data  Gb  main.o [1]
adc_ch1_voltage         0x2007'7030    0x8  Data  Gb  main.o [1]
adc_ch2_voltage         0x2007'7038    0x8  Data  Gb  main.o [1]
adc_measure             0x2007'1ea9   0x8c  Code  Gb  main.o [1]
adc_setup               0x2007'1e51   0x54  Code  Gb  main.o [1]
add_temp_recording      0x2007'41ed   0xe0  Code  Gb  main.o [1]
append_length           0x2007'23e3   0x24  Code  Lc  main.o [1]
append_padding_bits     0x2007'23cb   0x18  Code  Lc  main.o [1]
append_to_list          0x2007'19e7   0x4c  Code  Gb  main.o [1]
calc_statistics         0x2007'1585   0x78  Code  Gb  main.o [1]
char_array_erase        0x2007'04a7    0xe  Code  Gb  main.o [1]
circular_overwrite      0x2007'1b45   0x4e  Code  Gb  main.o [1]
circular_start          0x2007'70ec    0x4  Data  Gb  main.o [1]
clear                   0x2007'0809   0x44  Code  Gb  main.o [1]
clear_day_data          0x2007'179d   0xac  Code  Gb  main.o [1]
clear_display_direct    0x2007'0983   0x1a  Code  Gb  main.o [1]
clear_graphics          0x2007'0a35   0x14  Code  Gb  main.o [1]
clear_main_menu         0x2007'331f   0x18  Code  Gb  main.o [1]
clear_menu              0x2007'3305   0x1a  Code  Gb  main.o [1]
clear_sidebar_menu      0x2007'3499   0x18  Code  Gb  main.o [1]
colsArr                 0x2007'6c08    0x8  Data  Gb  main.o [1]
config_date             0x2007'1145  0x19c  Code  Gb  main.o [1]
config_time             0x2007'12e9  0x1ac  Code  Gb  main.o [1]
convert_to_circular_list
                        0x2007'1af1   0x48  Code  Gb  main.o [1]
convert_to_scord        0x2007'084d   0x40  Code  Gb  main.o [1]
create_node_with_data   0x2007'1a4d   0x98  Code  Gb  main.o [1]
create_screen_element   0x2007'088d   0x2a  Code  Gb  main.o [1]
curr_day_data           0x2007'70fc    0x4  Data  Gb  main.o [1]
curr_min_temp_values    0x2007'7100    0x4  Data  Gb  main.o [1]
curr_temp               0x2007'7040    0x8  Data  Gb  main.o [1]
current_date            0x2007'70d0    0x4  Data  Gb  main.o [1]
current_graph_type      0x2007'6c10    0x4  Data  Gb  main.o [1]
current_time            0x2007'70d4    0x4  Data  Gb  main.o [1]
current_time_hm         0x2007'712c    0x2  Data  Gb  main.o [1]
current_user            0x2007'70b8    0x4  Data  Gb  main.o [1]
date_str                0x2007'7008    0xc  Data  Gb  main.o [1]
date_to_str             0x2007'14d3   0x42  Code  Gb  main.o [1]
date_to_string          0x2007'0271   0x3e  Code  Gb  main.o [1]
day_temp_data_to_string
                        0x2007'18f7   0xf0  Code  Gb  main.o [1]
def_pass_len            0x2007'6c24    0x4  Data  Gb  main.o [1]
def_us_len              0x2007'6c20    0x4  Data  Gb  main.o [1]
default_password        0x2007'6c1c    0x4  Data  Gb  main.o [1]
default_user            0x2007'70b0    0x4  Data  Gb  main.o [1]
default_username        0x2007'6c18    0x4  Data  Gb  main.o [1]
delay_micro             0x2007'01b9   0x1a  Code  Gb  main.o [1]
delay_milis             0x2007'0199   0x20  Code  Gb  main.o [1]
delete_first_node       0x2007'1b99   0x1c  Code  Gb  main.o [1]
display_clear           0x2007'07e3   0x26  Code  Gb  main.o [1]
display_date_time       0x2007'10ad   0x70  Code  Gb  main.o [1]
display_graphics_write  0x2007'0a25   0x10  Code  Gb  main.o [1]
display_setup           0x2007'0531   0xb6  Code  Gb  main.o [1]
display_staple_plot     0x2007'0a49   0x6a  Code  Gb  main.o [1]
display_write           0x2007'08b7   0x5e  Code  Gb  main.o [1]
display_write_direct    0x2007'0965   0x1e  Code  Gb  main.o [1]
display_write_disable_flag
                        0x2007'7078    0x4  Data  Gb  main.o [1]
double_to_str           0x2007'0377   0x7e  Code  Gb  main.o [1]
double_to_str_fixed_length
                        0x2007'03f5   0x9e  Code  Gb  main.o [1]
double_to_temp          0x2007'04b5   0x2c  Code  Gb  main.o [1]
draw_horizontal_line    0x2007'0ab3   0x4e  Code  Gb  main.o [1]
draw_temp_value         0x2007'0c49   0x7c  Code  Gb  main.o [1]
draw_values             0x2007'0b6f   0xda  Code  Gb  main.o [1]
draw_vertical_line      0x2007'0b01   0x6e  Code  Gb  main.o [1]
edit_user               0x2007'309d   0xf4  Code  Gb  main.o [1]
edit_user_text          0x2007'6ba0   0x20  Data  Gb  main.o [1]
edit_user_text_length   0x2007'6c28    0x4  Data  Gb  main.o [1]
exit                    0x2007'6731    0x4  Code  Gb  exit.o [2]
fast_mode_flag          0x2007'7080    0x4  Data  Gb  main.o [1]
finalize_hash           0x2007'2b9d   0x3e  Code  Lc  main.o [1]
full_setup              0x2007'4109   0x6c  Code  Gb  main.o [1]
general_delay           0x2007'01d5    0xe  Code  Gb  main.o [1]
get_keypad_key          0x2007'0cd5   0xac  Code  Gb  main.o [1]
get_light_rotation_data
                        0x2007'1fdb   0x42  Code  Gb  main.o [1]
get_node_temps          0x2007'050b   0x26  Code  Gb  main.o [1]
get_num_mes_per_min     0x2007'34b1   0x4c  Code  Gb  main.o [1]
get_temp                0x2007'1cb9   0x4c  Code  Gb  main.o [1]
get_user_input          0x2007'0d85   0x2e  Code  Gb  main.o [1]
graph_data_test         0x2007'35b9  0x154  Code  Gb  main.o [1]
hash_password           0x2007'31c1   0x26  Code  Gb  main.o [1]
hash_test               0x2007'3861  0x2d2  Code  Gb  main.o [1]
head                    0x2007'70e0    0x4  Data  Gb  main.o [1]
init_buffer             0x2007'2407   0x1a  Code  Lc  main.o [1]
init_date_time          0x2007'0e65    0xa  Code  Gb  main.o [1]
init_mparams            0x2007'4e8b   0x2c  Code  Lc  dlmalloc.o [2]
init_top                0x2007'4eb7   0x34  Code  Lc  dlmalloc.o [2]
int_to_str              0x2007'02f9   0x3e  Code  Gb  main.o [1]
int_to_str_fixed_length
                        0x2007'0337   0x40  Code  Gb  main.o [1]
keypad_setup            0x2007'0dd5   0x8a  Code  Gb  main.o [1]
keypad_test             0x2007'3b3d  0x1d8  Code  Gb  main.o [1]
last_servo_update       0x2007'708c    0x4  Data  Gb  main.o [1]
last_temp_measure       0x2007'7110    0x4  Data  Gb  main.o [1]
leap_feb                0x2007'6b98    0x4  Data  Gb  main.o [1]
light_measure           0x2007'1f35   0x3c  Code  Gb  main.o [1]
light_rotation_data     0x2007'6eb0  0x120  Data  Gb  main.o [1]
light_sens_ch1_ready    0x2007'7098    0x4  Data  Gb  main.o [1]
light_sens_ch2_ready    0x2007'709c    0x4  Data  Gb  main.o [1]
light_sensor_test       0x2007'3d21   0xa0  Code  Gb  main.o [1]
light_to_volt_coefficcient
                        0x2007'6bf8    0x8  Data  Gb  main.o [1]
list_size               0x2007'70e8    0x4  Data  Gb  main.o [1]
login                   0x2007'2e55   0xee  Code  Gb  main.o [1]
login_get_user_input    0x2007'2f55   0xa2  Code  Gb  main.o [1]
login_init              0x2007'2c15   0xb8  Code  Gb  main.o [1]
login_pass_str          0x2007'6be8    0xc  Data  Gb  main.o [1]
login_text              0x2007'6bc0   0x1c  Data  Gb  main.o [1]
login_text_length       0x2007'6b90    0x4  Data  Gb  main.o [1]
login_user_str          0x2007'6bdc    0xc  Data  Gb  main.o [1]
loopCount               0x2007'7124    0x4  Data  Gb  main.o [1]
main                    0x2007'3edd  0x21a  Code  Gb  main.o [1]
main_menu               0x2007'31e7   0xda  Code  Gb  main.o [1]
maximum_list_size       0x2007'711c    0x4  Data  Gb  main.o [1]
md5_definitive_hash     0x2007'2079   0x2e  Code  Lc  main.o [1]
md5_hash                0x2007'2251  0x17a  Code  Lc  main.o [1]
md5_itterating_hash     0x2007'2199   0xb8  Code  Lc  main.o [1]
md5_salt_hash           0x2007'20a7   0xf2  Code  Lc  main.o [1]
measure_temp_flag       0x2007'710c    0x4  Data  Gb  main.o [1]
measures_per_min        0x2007'6c30    0x4  Data  Gb  main.o [1]
mem_full_flag           0x2007'7120    0x4  Data  Gb  main.o [1]
mem_write               0x2007'04f7   0x14  Code  Gb  main.o [1]
menu_type               0x2007'707c    0x4  Data  Gb  main.o [1]
microseconds            0x2007'7050    0x8  Data  Gb  main.o [1]
month_days              0x2007'667c   0x30  Data  Gb  main.o [1]
mparams                 0x2007'6fd0   0x18  Data  Lc  dlmalloc.o [2]
new_day_flag            0x2007'7108    0x4  Data  Gb  main.o [1]
new_minute_flag         0x2007'7114    0x4  Data  Gb  main.o [1]
num_of_measurements     0x2007'7104    0x4  Data  Gb  main.o [1]
num_saved_day_data      0x2007'70f8    0x4  Data  Gb  main.o [1]
password                0x2007'70cc    0x4  Data  Gb  main.o [1]
pre_login               0x2007'70c4    0x4  Data  Gb  main.o [1]
pre_password            0x2007'70bc    0x4  Data  Gb  main.o [1]
pre_username            0x2007'70c0    0x4  Data  Gb  main.o [1]
prev_keypad_key         0x2007'70a4    0x4  Data  Gb  main.o [1]
prev_servo_call         0x2007'7088    0x4  Data  Gb  main.o [1]
previous_day            0x2007'7130    0x1  Data  Gb  main.o [1]
previous_hour           0x2007'712f    0x1  Data  Gb  main.o [1]
previous_minute         0x2007'712e    0x1  Data  Gb  main.o [1]
previous_month          0x2007'7131    0x1  Data  Gb  main.o [1]
previous_year           0x2007'7132    0x1  Data  Gb  main.o [1]
print_day_data          0x2007'1849   0xae  Code  Gb  main.o [1]
process_hash            0x2007'24e9  0x6a6  Code  Lc  main.o [1]
pwm_setup               0x2007'1f71   0x44  Code  Gb  main.o [1]
reverse_str             0x2007'02dd   0x1c  Code  Gb  main.o [1]
rowsArr                 0x2007'6c00    0x8  Data  Gb  main.o [1]
saved_day_temp_data     0x2007'70f0    0x4  Data  Gb  main.o [1]
screen_date             0x2007'6ff8   0x10  Data  Gb  main.o [1]
screen_password         0x2007'70ac    0x4  Data  Gb  main.o [1]
screen_post_login       0x2007'2deb   0x6a  Code  Gb  main.o [1]
screen_pre_login        0x2007'2cd5  0x116  Code  Gb  main.o [1]
screen_time             0x2007'6fe8   0x10  Data  Gb  main.o [1]
screen_username         0x2007'70a8    0x4  Data  Gb  main.o [1]
segment_holding         0x2007'4e71   0x1a  Code  Lc  dlmalloc.o [2]
servo_get_position      0x2007'1fd3    0x8  Code  Gb  main.o [1]
servo_position          0x2007'7018    0x8  Data  Gb  main.o [1]
servo_set_position      0x2007'1fb5   0x1e  Code  Gb  main.o [1]
set_cursor              0x2007'077b   0x2c  Code  Gb  main.o [1]
set_cursor_graph        0x2007'09db   0x4a  Code  Gb  main.o [1]
set_day_statistics      0x2007'42dd   0x50  Code  Gb  main.o [1]
set_servo_flag          0x2007'7084    0x4  Data  Gb  main.o [1]
set_timedate            0x2007'0e81  0x21a  Code  Gb  main.o [1]
set_to_max_light        0x2007'201d   0x3e  Code  Gb  main.o [1]
sidebar_menu            0x2007'3337  0x150  Code  Gb  main.o [1]
start_pulse             0x2007'1c41   0x3e  Code  Gb  main.o [1]
startup_alloc           0x2007'417d   0x48  Code  Gb  main.o [1]
startup_flag            0x2007'6bf4    0x4  Data  Gb  main.o [1]
str_concat              0x2007'0493   0x14  Code  Gb  main.o [1]
syst                    0x2007'6c14    0x4  Data  Gb  main.o [1]
systick_delay           0x2007'7090    0x4  Data  Gb  main.o [1]
systick_setup           0x2007'017f   0x18  Code  Gb  main.o [1]
systick_trigger         0x2007'7094    0x4  Data  Gb  main.o [1]
tail                    0x2007'70e4    0x4  Data  Gb  main.o [1]
tcDelta                 0x2007'7048    0x8  Data  Gb  main.o [1]
temp_alarm_flag         0x2007'7014    0x4  Data  Gb  main.o [1]
temp_display_alarm      0x2007'1e01   0x50  Code  Gb  main.o [1]
temp_minute_avg         0x2007'7070    0x8  Data  Gb  main.o [1]
temp_minute_count       0x2007'7118    0x4  Data  Gb  main.o [1]
temp_rdy_flag           0x2007'70a0    0x4  Data  Gb  main.o [1]
temp_reset              0x2007'1c85   0x20  Code  Gb  main.o [1]
temp_setup              0x2007'1cad    0xc  Code  Gb  main.o [1]
temp_to_double          0x2007'04e1   0x16  Code  Gb  main.o [1]
temperature_alarm       0x2007'1d11   0xf0  Code  Gb  main.o [1]
temperature_sensor_test
                        0x2007'3721  0x108  Code  Gb  main.o [1]
test_day_temp_data      0x2007'70f4    0x4  Data  Gb  main.o [1]
testmode_menu           0x2007'3519   0x74  Code  Gb  main.o [1]
time_config_flag        0x2007'6c2c    0x4  Data  Gb  main.o [1]
time_hm_to_string       0x2007'02af   0x2e  Code  Gb  main.o [1]
time_str                0x2007'7058    0x8  Data  Gb  main.o [1]
time_to_str             0x2007'1495   0x3e  Code  Gb  main.o [1]
timer_counter_setup     0x2007'1bc1   0x6e  Code  Gb  main.o [1]
toggle_fastmode         0x2007'1515   0x50  Code  Gb  main.o [1]
toggle_graphics_mode    0x2007'099d   0x3e  Code  Gb  main.o [1]
u_char_copy_erase       0x2007'2beb   0x18  Code  Lc  main.o [1]
u_char_erase            0x2007'2bdb   0x10  Code  Lc  main.o [1]
u_int32_erase           0x2007'2c03   0x12  Code  Lc  main.o [1]
update_avg_min_max      0x2007'1605  0x17e  Code  Gb  main.o [1]
update_statistics       0x2007'1565   0x1c  Code  Gb  main.o [1]
username                0x2007'70c8    0x4  Data  Gb  main.o [1]
users                   0x2007'70b4    0x4  Data  Gb  main.o [1]
usr_pass_str_length     0x2007'6b94    0x4  Data  Gb  main.o [1]
validate_login          0x2007'2ff7   0x76  Code  Gb  main.o [1]
var_sum1                0x2007'7060    0x8  Data  Gb  main.o [1]
var_sum2                0x2007'7068    0x8  Data  Gb  main.o [1]
view_memory_usage       0x2007'3ddd   0xc6  Code  Gb  main.o [1]
write_blank_to_display  0x2007'07a7   0x3c  Code  Gb  main.o [1]
write_string_to_display
                        0x2007'0915   0x50  Code  Gb  main.o [1]
zero_date               0x2007'70dc    0x4  Data  Gb  main.o [1]
zero_time               0x2007'70d8    0x4  Data  Gb  main.o [1]


[1] = C:\Users\Elias\Documents\IAR Embedded Workbench\CSE_GR18_Project\Debug\Obj
[2] = dl7M_tlf.a
[3] = m7M_tl.a
[4] = rt7M_tl.a
[5] = shb_l.a

  26'136 bytes of readonly  code memory
   1'568 bytes of readonly  data memory
  13'559 bytes of readwrite data memory

Errors: none
Warnings: none
