###############################################################################
#
# IAR ELF Linker V8.50.1.245/W32 for ARM                  17/Dec/2020  13:29:23
# Copyright 2007-2020 IAR Systems AB.
#
#    Output file  =
#        C:\Users\Elias\Documents\IAR Embedded
#        Workbench\CSE_GR18_Project\Debug\Exe\CSE_GR18_Project.out
#    Map file     =
#        C:\Users\Elias\Documents\IAR Embedded
#        Workbench\CSE_GR18_Project\Debug\List\CSE_GR18_Project.map
#    Command line =
#        -f C:\Users\Elias\AppData\Local\Temp\EWD4EE.tmp
#        ("C:\Users\Elias\Documents\IAR Embedded
#        Workbench\CSE_GR18_Project\Debug\Obj\cstartup.o"
#        "C:\Users\Elias\Documents\IAR Embedded
#        Workbench\CSE_GR18_Project\Debug\Obj\exceptions.o"
#        "C:\Users\Elias\Documents\IAR Embedded
#        Workbench\CSE_GR18_Project\Debug\Obj\main.o"
#        "C:\Users\Elias\Documents\IAR Embedded
#        Workbench\CSE_GR18_Project\Debug\Obj\startup_sam3x.o"
#        "C:\Users\Elias\Documents\IAR Embedded
#        Workbench\CSE_GR18_Project\Debug\Obj\system_sam3x.o"
#        --no_out_extension -o "C:\Users\Elias\Documents\IAR Embedded
#        Workbench\CSE_GR18_Project\Debug\Exe\CSE_GR18_Project.out" --redirect
#        _Printf=_PrintfFullNoMb --redirect _Scanf=_ScanfFullNoMb --map
#        "C:\Users\Elias\Documents\IAR Embedded
#        Workbench\CSE_GR18_Project\Debug\List\CSE_GR18_Project.map" --config
#        "C:\Program Files (x86)\IAR Systems\Embedded Workbench
#        8.4\arm\config\linker\Microchip\sam3x8\sram.icf" --semihosting --entry
#        __iar_program_start --vfe --text_out locale)
#
###############################################################################

*******************************************************************************
*** RUNTIME MODEL ATTRIBUTES
***

CppFlavor       = *
__Heap_Handler  = Basic
__SystemLibrary = DLib
__dlib_version  = 6


*******************************************************************************
*** HEAP SELECTION
***

The basic heap was selected because some modules are built with
size limitations (and not runtime checking), and --advanced_heap
was not specified.


*******************************************************************************
*** PLACEMENT SUMMARY
***

"A0":  place at address 0x2007'0000 { ro section .intvec };
"P1":  place in [from 0x2007'0000 to 0x2008'7fff] { ro };
define block CSTACK with size = 4K, alignment = 8 { };
define block HEAP with size = 8K, alignment = 8 { };
"P2":  place in [from 0x2007'0000 to 0x2008'7fff] {
          rw, block CSTACK, block HEAP };
initialize by copy with packing = copy, complex ranges { rw };

  Section            Kind         Address    Size  Object
  -------            ----         -------    ----  ------
"A0":                                        0xf4
  .intvec                     0x2007'0000    0xf4  <Block>
    .intvec          const    0x2007'0000    0xf4  startup_sam3x.o [1]
                            - 0x2007'00f4    0xf4

"P1-P2", part 1 of 3:                      0x2318
  .text              ro code  0x2007'00f4  0x1684  main.o [1]
  .text              ro code  0x2007'1778    0x3a  DblToS32.o [3]
  .text              ro code  0x2007'17b2    0x3a  zero_init3.o [4]
  .text              ro code  0x2007'17ec    0x22  S32ToDbl.o [3]
  .text              ro code  0x2007'180e    0x2e  copy_init3.o [4]
  .text              ro code  0x2007'183c    0xe2  DblSub.o [3]
  .text              ro code  0x2007'191e     0x2  exceptions.o [1]
  .text              ro code  0x2007'1920   0x1a2  DblMul.o [3]
  .text              ro code  0x2007'1ac4    0x86  ABImemcpy.o [4]
  .text              ro code  0x2007'1b4c   0x246  DblDiv.o [3]
  .text              ro code  0x2007'1d94   0x17a  DblAdd.o [3]
  .text              ro code  0x2007'1f10    0x2e  DblCmpGe.o [3]
  .text              ro code  0x2007'1f40    0x2e  DblCmpLe.o [3]
  .text              ro code  0x2007'1f70    0x1a  U32ToDbl.o [3]
  .text              ro code  0x2007'1f8c   0x13c  heap0.o [2]
  .text              ro code  0x2007'20c8     0x4  heaptramp0.o [2]
  .text              ro code  0x2007'20cc    0xa0  system_sam3x.o [1]
  .text              ro code  0x2007'216c    0x2c  xgetmemchunk.o [2]
  .text              ro code  0x2007'2198    0x30  startup_sam3x.o [1]
  .text              ro code  0x2007'21c8     0xc  cstartup.o [1]
  .text              ro code  0x2007'21d4    0x1e  cmain.o [4]
  .text              ro code  0x2007'21f4    0x28  data_init.o [4]
  .text              ro code  0x2007'221c     0x4  exit.o [2]
  .text              ro code  0x2007'2220     0xa  cexit.o [4]
  .text              ro code  0x2007'222c    0x14  exit.o [5]
  .rodata            const    0x2007'2240    0x2c  main.o [1]
  .iar.init_table    const    0x2007'226c    0x24  - Linker created -
  .rodata            const    0x2007'2290    0x18  main.o [1]
  .rodata            const    0x2007'22a8    0x18  main.o [1]
  .rodata            const    0x2007'22c0    0x18  main.o [1]
  .rodata            const    0x2007'22d8    0x18  main.o [1]
  .rodata            const    0x2007'22f0    0x10  main.o [1]
  .rodata            const    0x2007'2300     0x4  main.o [1]
  .rodata            const    0x2007'2304     0x4  main.o [1]
  .rodata            const    0x2007'2308     0x4  main.o [1]
  .rodata            const    0x2007'230c     0x4  main.o [1]
  .rodata            const    0x2007'2310     0x4  main.o [1]
  .rodata            const    0x2007'2314     0x4  main.o [1]
  .rodata            const    0x2007'2318     0x0  zero_init3.o [4]
  .rodata            const    0x2007'2318     0x0  copy_init3.o [4]
  P1-P2 s0                    0x2007'2318    0x78  <Init block>
    .data            inited   0x2007'2318    0x20  main.o [1]
    .data            inited   0x2007'2338    0x1c  main.o [1]
    .data            inited   0x2007'2354     0xc  main.o [1]
    .data            inited   0x2007'2360     0xc  main.o [1]
    .data            inited   0x2007'236c     0x4  main.o [1]
    .data            inited   0x2007'2370     0x8  main.o [1]
    .data            inited   0x2007'2378     0x8  main.o [1]
    .data            inited   0x2007'2380     0x8  main.o [1]
    .data            inited   0x2007'2388     0x4  main.o [1]
    .data            inited   0x2007'238c     0x4  system_sam3x.o [1]
  Initializer bytes  const    0x2007'2390    0x7c  <for P1-P2 s0> (used: 0x78)
                            - 0x2007'240c  0x2318

"P1-P2", part 2 of 3:                       0x1b4
  .bss               zero     0x2007'2410   0x120  main.o [1]
  .bss               zero     0x2007'2530     0x8  main.o [1]
  .bss               zero     0x2007'2538     0x8  main.o [1]
  .bss               zero     0x2007'2540     0x8  main.o [1]
  .bss               zero     0x2007'2548     0x8  main.o [1]
  .bss               zero     0x2007'2550     0x8  main.o [1]
  .bss               zero     0x2007'2558     0x8  main.o [1]
  .bss               zero     0x2007'2560     0x8  main.o [1]
  .bss               zero     0x2007'2568     0x8  main.o [1]
  .bss               zero     0x2007'2570     0x8  heap0.o [2]
  .bss               zero     0x2007'2578     0x4  main.o [1]
  .bss               zero     0x2007'257c     0x4  main.o [1]
  .bss               zero     0x2007'2580     0x4  main.o [1]
  .bss               zero     0x2007'2584     0x4  main.o [1]
  .bss               zero     0x2007'2588     0x4  main.o [1]
  .bss               zero     0x2007'258c     0x4  main.o [1]
  .bss               zero     0x2007'2590     0x4  main.o [1]
  .bss               zero     0x2007'2594     0x4  main.o [1]
  .bss               zero     0x2007'2598     0x4  main.o [1]
  .bss               zero     0x2007'259c     0x4  main.o [1]
  .bss               zero     0x2007'25a0     0x4  main.o [1]
  .bss               zero     0x2007'25a4     0x4  main.o [1]
  .bss               zero     0x2007'25a8     0x4  main.o [1]
  .bss               zero     0x2007'25ac     0x4  main.o [1]
  .bss               zero     0x2007'25b0     0x4  main.o [1]
  .bss               zero     0x2007'25b4     0x4  main.o [1]
  .bss               zero     0x2007'25b8     0x4  main.o [1]
  .bss               zero     0x2007'25bc     0x4  xgetmemchunk.o [2]
                            - 0x2007'25c0   0x1b4

"P1-P2", part 3 of 3:                      0x3000
  CSTACK                      0x2007'25c0  0x1000  <Block>
    CSTACK           uninit   0x2007'25c0  0x1000  <Block tail>
  HEAP                        0x2007'35c0  0x2000  <Block>
    HEAP             uninit   0x2007'35c0  0x2000  <Block tail>
                            - 0x2007'55c0  0x3000

Unused ranges:

         From           To      Size
         ----           --      ----
  0x2007'55c0  0x2008'7fff  0x1'2a40


*******************************************************************************
*** INIT TABLE
***

          Address      Size
          -------      ----
Zero (__iar_zero_init3)
    1 destination range, total size 0x1b0:
          0x2007'2410  0x1b0

Copy (__iar_copy_init3)
    1 source range, total size 0x7c (103% of destination):
          0x2007'2390   0x7c
    1 destination range, total size 0x78:
          0x2007'2318   0x78



*******************************************************************************
*** MODULE SUMMARY
***

    Module           ro code  ro data  rw data
    ------           -------  -------  -------
command line/config:
    ------------------------------------------
    Total:

C:\Users\Elias\Documents\IAR Embedded Workbench\CSE_GR18_Project\Debug\Obj: [1]
    cstartup.o            12
    exceptions.o           2
    main.o             5'764      296      536
    startup_sam3x.o       48      244
    system_sam3x.o       160        4        4
    ------------------------------------------
    Total:             5'986      544      540

dl7M_tln.a: [2]
    exit.o                 4
    heap0.o              316                 8
    heaptramp0.o           4
    xgetmemchunk.o        44                 4
    ------------------------------------------
    Total:               368                12

m7M_tl.a: [3]
    DblAdd.o             378
    DblCmpGe.o            46
    DblCmpLe.o            46
    DblDiv.o             582
    DblMul.o             418
    DblSub.o             226
    DblToS32.o            58
    S32ToDbl.o            34
    U32ToDbl.o            26
    ------------------------------------------
    Total:             1'814

rt7M_tl.a: [4]
    ABImemcpy.o          134
    cexit.o               10
    cmain.o               30
    copy_init3.o          46
    data_init.o           40
    zero_init3.o          58
    ------------------------------------------
    Total:               318

shb_l.a: [5]
    exit.o                20
    ------------------------------------------
    Total:                20

    Gaps                  18                 4
    Linker created                 40   12'288
----------------------------------------------
    Grand Total:       8'524      584   12'844


*******************************************************************************
*** ENTRY LIST
***

Entry                       Address   Size  Type      Object
-----                       -------   ----  ----      ------
.iar.init_table$$Base   0x2007'226c          --   Gb  - Linker created -
.iar.init_table$$Limit  0x2007'2290          --   Gb  - Linker created -
.intvec$$Base           0x2007'0000          --   Gb  - Linker created -
.intvec$$Limit          0x2007'00f4          --   Gb  - Linker created -
?main                   0x2007'21d5         Code  Gb  cmain.o [4]
ADC_Handler             0x2007'0215   0x3e  Code  Gb  main.o [1]
Aldata                  0x2007'2570    0x8  Data  Lc  heap0.o [2]
BusFault_Handler        0x2007'191f    0x2  Code  Wk  exceptions.o [1]
CAN0_Handler            0x2007'191f    0x2  Code  Wk  exceptions.o [1]
CAN1_Handler            0x2007'191f    0x2  Code  Wk  exceptions.o [1]
CSTACK$$Base            0x2007'25c0          --   Gb  - Linker created -
CSTACK$$Limit           0x2007'35c0          --   Gb  - Linker created -
DACC_Handler            0x2007'191f    0x2  Code  Wk  exceptions.o [1]
DMAC_Handler            0x2007'191f    0x2  Code  Wk  exceptions.o [1]
DebugMon_Handler        0x2007'191f    0x2  Code  Wk  exceptions.o [1]
Dummy_Handler           0x2007'191f    0x2  Code  Gb  exceptions.o [1]
EFC0_Handler            0x2007'191f    0x2  Code  Wk  exceptions.o [1]
EFC1_Handler            0x2007'191f    0x2  Code  Wk  exceptions.o [1]
HEAP$$Base              0x2007'35c0          --   Gb  - Linker created -
HEAP$$Limit             0x2007'55c0          --   Gb  - Linker created -
HSMCI_Handler           0x2007'191f    0x2  Code  Wk  exceptions.o [1]
HardFault_Handler       0x2007'191f    0x2  Code  Wk  exceptions.o [1]
Init_Display            0x2007'05dd   0x92  Code  Gb  main.o [1]
MemManage_Handler       0x2007'191f    0x2  Code  Wk  exceptions.o [1]
NMI_Handler             0x2007'191f    0x2  Code  Wk  exceptions.o [1]
NVIC_ClearPendingIRQ    0x2007'010b   0x16  Code  Lc  main.o [1]
NVIC_EnableIRQ          0x2007'00f5   0x16  Code  Lc  main.o [1]
NVIC_SetPriority        0x2007'0121   0x28  Code  Lc  main.o [1]
PIOA_Handler            0x2007'191f    0x2  Code  Wk  exceptions.o [1]
PIOB_Handler            0x2007'191f    0x2  Code  Wk  exceptions.o [1]
PIOC_Handler            0x2007'191f    0x2  Code  Wk  exceptions.o [1]
PIOD_Handler            0x2007'191f    0x2  Code  Wk  exceptions.o [1]
PMC_Handler             0x2007'191f    0x2  Code  Wk  exceptions.o [1]
PWM_Handler             0x2007'191f    0x2  Code  Wk  exceptions.o [1]
PendSV_Handler          0x2007'191f    0x2  Code  Wk  exceptions.o [1]
RSTC_Handler            0x2007'191f    0x2  Code  Wk  exceptions.o [1]
RTC_Handler             0x2007'191f    0x2  Code  Wk  exceptions.o [1]
RTT_Handler             0x2007'191f    0x2  Code  Wk  exceptions.o [1]
Read_Status_Display     0x2007'066f   0x5a  Code  Gb  main.o [1]
Region$$Table$$Base     0x2007'226c          --   Gb  - Linker created -
Region$$Table$$Limit    0x2007'2290          --   Gb  - Linker created -
Reset_Handler           0x2007'21c1    0x8  Code  Gb  startup_sam3x.o [1]
SPI0_Handler            0x2007'191f    0x2  Code  Wk  exceptions.o [1]
SSC_Handler             0x2007'191f    0x2  Code  Wk  exceptions.o [1]
SUPC_Handler            0x2007'191f    0x2  Code  Wk  exceptions.o [1]
SVC_Handler             0x2007'191f    0x2  Code  Wk  exceptions.o [1]
SysTick_Config          0x2007'0149   0x36  Code  Lc  main.o [1]
SysTick_Handler         0x2007'01f5   0x20  Code  Gb  main.o [1]
SystemCoreClock         0x2007'238c    0x4  Data  Gb  system_sam3x.o [1]
SystemInit              0x2007'20cd   0x70  Code  Gb  system_sam3x.o [1]
TC0_Handler             0x2007'01e3   0x12  Code  Gb  main.o [1]
TC1_Handler             0x2007'191f    0x2  Code  Wk  exceptions.o [1]
TC2_Handler             0x2007'191f    0x2  Code  Wk  exceptions.o [1]
TC3_Handler             0x2007'191f    0x2  Code  Wk  exceptions.o [1]
TC4_Handler             0x2007'191f    0x2  Code  Wk  exceptions.o [1]
TC5_Handler             0x2007'191f    0x2  Code  Wk  exceptions.o [1]
TRNG_Handler            0x2007'191f    0x2  Code  Wk  exceptions.o [1]
TWI0_Handler            0x2007'191f    0x2  Code  Wk  exceptions.o [1]
TWI1_Handler            0x2007'191f    0x2  Code  Wk  exceptions.o [1]
UART_Handler            0x2007'191f    0x2  Code  Wk  exceptions.o [1]
UOTGHS_Handler          0x2007'191f    0x2  Code  Wk  exceptions.o [1]
USART0_Handler          0x2007'191f    0x2  Code  Wk  exceptions.o [1]
USART1_Handler          0x2007'191f    0x2  Code  Wk  exceptions.o [1]
USART2_Handler          0x2007'191f    0x2  Code  Wk  exceptions.o [1]
UsageFault_Handler      0x2007'191f    0x2  Code  Wk  exceptions.o [1]
WDT_Handler             0x2007'191f    0x2  Code  Wk  exceptions.o [1]
Write_Command_2_Display
                        0x2007'0727   0x5e  Code  Gb  main.o [1]
Write_Data_2_Display    0x2007'06c9   0x5e  Code  Gb  main.o [1]
__aeabi_cdcmple         0x2007'1f41         Code  Gb  DblCmpLe.o [3]
__aeabi_cdrcmple        0x2007'1f11         Code  Gb  DblCmpGe.o [3]
__aeabi_d2iz            0x2007'1779         Code  Gb  DblToS32.o [3]
__aeabi_dadd            0x2007'1d95         Code  Gb  DblAdd.o [3]
__aeabi_ddiv            0x2007'1b4d         Code  Gb  DblDiv.o [3]
__aeabi_dmul            0x2007'1921         Code  Gb  DblMul.o [3]
__aeabi_dsub            0x2007'183d         Code  Gb  DblSub.o [3]
__aeabi_i2d             0x2007'17ed         Code  Gb  S32ToDbl.o [3]
__aeabi_memcpy4         0x2007'1ac5         Code  Gb  ABImemcpy.o [4]
__aeabi_memcpy8         0x2007'1ac5         Code  Gb  ABImemcpy.o [4]
__aeabi_ui2d            0x2007'1f71         Code  Gb  U32ToDbl.o [3]
__basic_free            0x2007'2039   0x16  Code  Gb  heap0.o [2]
__basic_free_intern     0x2007'204f   0x74  Code  Lc  heap0.o [2]
__basic_malloc          0x2007'1f8d   0x18  Code  Gb  heap0.o [2]
__basic_malloc_intern   0x2007'1fa5   0x94  Code  Lc  heap0.o [2]
__cmain                 0x2007'21d5         Code  Gb  cmain.o [4]
__data_GetMemChunk      0x2007'216d   0x2c  Code  Gb  xgetmemchunk.o [2]
__data_GetMemChunk::start
                        0x2007'25bc    0x4  Data  Lc  xgetmemchunk.o [2]
__exit                  0x2007'222d   0x14  Code  Gb  exit.o [5]
__iar_copy_init3        0x2007'180f   0x2e  Code  Gb  copy_init3.o [4]
__iar_dadd              0x2007'184d         Code  Gb  DblSub.o [3]
__iar_data_init3        0x2007'21f5   0x28  Code  Gb  data_init.o [4]
__iar_dsub              0x2007'1da5         Code  Gb  DblAdd.o [3]
__iar_dsubStart         0x2007'1db7         Code  Gb  DblAdd.o [3]
__iar_program_start     0x2007'21c9         Code  Gb  cstartup.o [1]
__iar_zero_init3        0x2007'17b3   0x3a  Code  Gb  zero_init3.o [4]
__low_level_init        0x2007'2199   0x20  Code  Gb  startup_sam3x.o [1]
__vector_table          0x2007'0000   0xf4  Data  Gb  startup_sam3x.o [1]
_call_main              0x2007'21e1         Code  Gb  cmain.o [4]
_exit                   0x2007'2221         Code  Gb  cexit.o [4]
_main                   0x2007'21ef         Code  Gb  cmain.o [4]
adc_CDR1_value          0x2007'2538    0x8  Data  Gb  main.o [1]
adc_CDR2_value          0x2007'2540    0x8  Data  Gb  main.o [1]
adc_ch1_voltage         0x2007'2548    0x8  Data  Gb  main.o [1]
adc_ch2_voltage         0x2007'2550    0x8  Data  Gb  main.o [1]
adc_measure             0x2007'0dbd   0x8c  Code  Gb  main.o [1]
adc_setup               0x2007'0d61   0x52  Code  Gb  main.o [1]
char_array_erase        0x2007'0519    0xe  Code  Gb  main.o [1]
clear                   0x2007'0815   0x44  Code  Gb  main.o [1]
colsArr                 0x2007'2380    0x8  Data  Gb  main.o [1]
convert_to_scord        0x2007'0859   0x40  Code  Gb  main.o [1]
create_screen_element   0x2007'0899   0x2a  Code  Gb  main.o [1]
curr_temp               0x2007'2558    0x8  Data  Gb  main.o [1]
current_user            0x2007'25a8    0x4  Data  Gb  main.o [1]
date_to_string          0x2007'02f7   0x3e  Code  Gb  main.o [1]
day_temp_data_test      0x2007'15cf   0x9e  Code  Gb  main.o [1]
day_temp_data_to_string
                        0x2007'0253   0xa4  Code  Gb  main.o [1]
def_pass_len            0x2007'2314    0x4  Data  Gb  main.o [1]
def_us_len              0x2007'2310    0x4  Data  Gb  main.o [1]
default_password        0x2007'230c    0x4  Data  Gb  main.o [1]
default_user            0x2007'25a0    0x4  Data  Gb  main.o [1]
default_username        0x2007'2308    0x4  Data  Gb  main.o [1]
delay_micro             0x2007'01b9   0x1a  Code  Gb  main.o [1]
delay_milis             0x2007'0199   0x20  Code  Gb  main.o [1]
display_clear           0x2007'07ef   0x26  Code  Gb  main.o [1]
display_setup           0x2007'0527   0xb6  Code  Gb  main.o [1]
display_write           0x2007'08c3   0x5e  Code  Gb  main.o [1]
display_write_disable_flag
                        0x2007'257c    0x4  Data  Gb  main.o [1]
double_to_str           0x2007'03fd   0x7e  Code  Gb  main.o [1]
double_to_str_fixed_length
                        0x2007'047b   0x9e  Code  Gb  main.o [1]
edit_user               0x2007'1389   0x9c  Code  Gb  main.o [1]
edit_user_text          0x2007'2318   0x20  Data  Gb  main.o [1]
edit_user_text_length   0x2007'2388    0x4  Data  Gb  main.o [1]
exit                    0x2007'221d    0x4  Code  Gb  exit.o [2]
free                    0x2007'20c9    0x4  Code  Gb  heaptramp0.o [2]
full_setup              0x2007'1591   0x3e  Code  Gb  main.o [1]
general_delay           0x2007'01d5    0xe  Code  Gb  main.o [1]
get_keypad_key          0x2007'0971   0xac  Code  Gb  main.o [1]
get_light_rotation_data
                        0x2007'0f01   0x42  Code  Gb  main.o [1]
get_temp                0x2007'0bb1   0x4c  Code  Gb  main.o [1]
hash_password           0x2007'143d    0x2  Code  Gb  main.o [1]
int_to_str              0x2007'037f   0x3e  Code  Gb  main.o [1]
int_to_str_fixed_length
                        0x2007'03bd   0x40  Code  Gb  main.o [1]
keypad_setup            0x2007'0a1d   0x92  Code  Gb  main.o [1]
light_measure           0x2007'0e4d   0x3c  Code  Gb  main.o [1]
light_rotation_data     0x2007'2410  0x120  Data  Gb  main.o [1]
light_sens_ch1_ready    0x2007'258c    0x4  Data  Gb  main.o [1]
light_sens_ch2_ready    0x2007'2590    0x4  Data  Gb  main.o [1]
light_to_volt_coefficcient
                        0x2007'2370    0x8  Data  Gb  main.o [1]
login                   0x2007'119d   0xc4  Code  Gb  main.o [1]
login_get_user_input    0x2007'1269   0xa2  Code  Gb  main.o [1]
login_init              0x2007'0fa1   0xa2  Code  Gb  main.o [1]
login_pass_str          0x2007'2360    0xc  Data  Gb  main.o [1]
login_text              0x2007'2338   0x1c  Data  Gb  main.o [1]
login_text_length       0x2007'2300    0x4  Data  Gb  main.o [1]
login_user_str          0x2007'2354    0xc  Data  Gb  main.o [1]
loopCount               0x2007'25b8    0x4  Data  Gb  main.o [1]
main                    0x2007'143f  0x12e  Code  Gb  main.o [1]
pre_login               0x2007'25b4    0x4  Data  Gb  main.o [1]
pre_password            0x2007'25ac    0x4  Data  Gb  main.o [1]
pre_username            0x2007'25b0    0x4  Data  Gb  main.o [1]
prev_servo_call         0x2007'2580    0x4  Data  Gb  main.o [1]
pwm_setup               0x2007'0e91   0x44  Code  Gb  main.o [1]
reverse_str             0x2007'0363   0x1c  Code  Gb  main.o [1]
rowsArr                 0x2007'2378    0x8  Data  Gb  main.o [1]
screen_password         0x2007'259c    0x4  Data  Gb  main.o [1]
screen_post_login       0x2007'1147   0x56  Code  Gb  main.o [1]
screen_pre_login        0x2007'105d   0xea  Code  Gb  main.o [1]
screen_username         0x2007'2598    0x4  Data  Gb  main.o [1]
servo_get_position      0x2007'0ef3    0x8  Code  Gb  main.o [1]
servo_position          0x2007'2530    0x8  Data  Gb  main.o [1]
servo_set_position      0x2007'0ed5   0x1e  Code  Gb  main.o [1]
set_cursor              0x2007'0785   0x2c  Code  Gb  main.o [1]
set_to_max_light        0x2007'0f4d   0x3e  Code  Gb  main.o [1]
start_pulse             0x2007'0b1d   0x3c  Code  Gb  main.o [1]
syst                    0x2007'236c    0x4  Data  Gb  main.o [1]
systick_delay           0x2007'2584    0x4  Data  Gb  main.o [1]
systick_setup           0x2007'017f   0x18  Code  Gb  main.o [1]
systick_trigger         0x2007'2588    0x4  Data  Gb  main.o [1]
tcDelta                 0x2007'2560    0x8  Data  Gb  main.o [1]
temp_alarm_flag         0x2007'2578    0x4  Data  Gb  main.o [1]
temp_display_alarm      0x2007'0cf5   0x50  Code  Gb  main.o [1]
temp_led_alarm          0x2007'0d49    0x8  Code  Gb  main.o [1]
temp_rdy_flag           0x2007'2594    0x4  Data  Gb  main.o [1]
temp_reset              0x2007'0b59   0x20  Code  Gb  main.o [1]
temp_setup              0x2007'0b79   0x38  Code  Gb  main.o [1]
temperature             0x2007'2568    0x8  Data  Gb  main.o [1]
temperature_alarm       0x2007'0c09   0xe8  Code  Gb  main.o [1]
time_hm_to_string       0x2007'0335   0x2e  Code  Gb  main.o [1]
timer_counter_setup     0x2007'0aaf   0x6e  Code  Gb  main.o [1]
users                   0x2007'25a4    0x4  Data  Gb  main.o [1]
usr_pass_str_length     0x2007'2304    0x4  Data  Gb  main.o [1]
validate_login          0x2007'130b   0x76  Code  Gb  main.o [1]
write_blank_to_display  0x2007'07b1   0x3e  Code  Gb  main.o [1]
write_string_to_display
                        0x2007'0921   0x50  Code  Gb  main.o [1]


[1] = C:\Users\Elias\Documents\IAR Embedded Workbench\CSE_GR18_Project\Debug\Obj
[2] = dl7M_tln.a
[3] = m7M_tl.a
[4] = rt7M_tl.a
[5] = shb_l.a

   8'524 bytes of readonly  code memory
     584 bytes of readonly  data memory
  12'844 bytes of readwrite data memory

Errors: none
Warnings: none
