###############################################################################
#
# IAR ELF Linker V8.50.1.245/W32 for ARM                  14/Dec/2020  15:08:22
# Copyright 2007-2020 IAR Systems AB.
#
#    Output file  =
#        C:\Users\Elias\Documents\IAR Embedded
#        Workbench\CSE_GR18_Project\Debug\Exe\CSE_GR18_Project.out
#    Map file     =
#        C:\Users\Elias\Documents\IAR Embedded
#        Workbench\CSE_GR18_Project\Debug\List\CSE_GR18_Project.map
#    Command line =
#        -f C:\Users\Elias\AppData\Local\Temp\EW1559.tmp
#        ("C:\Users\Elias\Documents\IAR Embedded
#        Workbench\CSE_GR18_Project\Debug\Obj\cstartup.o"
#        "C:\Users\Elias\Documents\IAR Embedded
#        Workbench\CSE_GR18_Project\Debug\Obj\exceptions.o"
#        "C:\Users\Elias\Documents\IAR Embedded
#        Workbench\CSE_GR18_Project\Debug\Obj\main.o"
#        "C:\Users\Elias\Documents\IAR Embedded
#        Workbench\CSE_GR18_Project\Debug\Obj\startup_sam3x.o"
#        "C:\Users\Elias\Documents\IAR Embedded
#        Workbench\CSE_GR18_Project\Debug\Obj\system_sam3x.o"
#        --no_out_extension -o "C:\Users\Elias\Documents\IAR Embedded
#        Workbench\CSE_GR18_Project\Debug\Exe\CSE_GR18_Project.out" --redirect
#        _Printf=_PrintfFullNoMb --redirect _Scanf=_ScanfFullNoMb --map
#        "C:\Users\Elias\Documents\IAR Embedded
#        Workbench\CSE_GR18_Project\Debug\List\CSE_GR18_Project.map" --config
#        "C:\Program Files (x86)\IAR Systems\Embedded Workbench
#        8.4\arm\config\linker\Microchip\sam3x8\sram.icf" --semihosting --entry
#        __iar_program_start --vfe --text_out locale)
#
###############################################################################

*******************************************************************************
*** RUNTIME MODEL ATTRIBUTES
***

CppFlavor       = *
__SystemLibrary = DLib
__dlib_version  = 6


*******************************************************************************
*** HEAP SELECTION
***

The basic heap was selected because some modules are built with
size limitations (and not runtime checking), and --advanced_heap
was not specified.


*******************************************************************************
*** PLACEMENT SUMMARY
***

"A0":  place at address 0x2007'0000 { ro section .intvec };
"P1":  place in [from 0x2007'0000 to 0x2008'7fff] { ro };
define block CSTACK with size = 4K, alignment = 8 { };
define block HEAP with size = 8K, alignment = 8 { };
"P2":  place in [from 0x2007'0000 to 0x2008'7fff] {
          rw, block CSTACK, block HEAP };
initialize by copy with packing = copy, complex ranges { rw };

  Section            Kind         Address    Size  Object
  -------            ----         -------    ----  ------
"A0":                                        0xf4
  .intvec                     0x2007'0000    0xf4  <Block>
    .intvec          const    0x2007'0000    0xf4  startup_sam3x.o [1]
                            - 0x2007'00f4    0xf4

"P1-P2", part 1 of 3:                      0x2e84
  .text              ro code  0x2007'00f4   0xfa6  xprintffull_nomb.o [2]
  .text              ro code  0x2007'109a    0x3a  zero_init3.o [4]
  .text              ro code  0x2007'10d4    0x16  strchr.o [4]
  .text              ro code  0x2007'10ea    0x2e  copy_init3.o [4]
  .text              ro code  0x2007'1118    0x40  xfail_s.o [2]
  .text              ro code  0x2007'1158    0x36  strlen.o [4]
  .text              ro code  0x2007'118e    0x1a  xsnprout.o [2]
  .text              ro code  0x2007'11a8    0x58  memchr.o [4]
  .text              ro code  0x2007'1200    0xa6  ABImemcpy.o [4]
  .text              ro code  0x2007'12a6     0x2  exceptions.o [1]
  .text              ro code  0x2007'12a8    0x70  frexp.o [3]
  .text              ro code  0x2007'1318    0x2e  DblCmpLe.o [3]
  .text              ro code  0x2007'1348    0x2e  DblCmpGe.o [3]
  .text              ro code  0x2007'1378   0x13a  ldexp.o [3]
  .text              ro code  0x2007'14b4    0x3a  DblToS32.o [3]
  .text              ro code  0x2007'14f0    0x22  S32ToDbl.o [3]
  .text              ro code  0x2007'1514    0xe2  DblSub.o [3]
  .text              ro code  0x2007'15f8   0x246  DblDiv.o [3]
  .text              ro code  0x2007'1840    0x28  DblToU32.o [3]
  .text              ro code  0x2007'1868    0x1a  U32ToDbl.o [3]
  .text              ro code  0x2007'1884   0x1a2  DblMul.o [3]
  .text              ro code  0x2007'1a28   0x230  I64DivMod.o [4]
  .text              ro code  0x2007'1c58     0x6  abort.o [2]
  .text              ro code  0x2007'1c60   0x17a  DblAdd.o [3]
  .text              ro code  0x2007'1ddc     0x2  I64DivZer.o [4]
  .text              ro code  0x2007'1de0    0x14  exit.o [5]
  .text              ro code  0x2007'1df4   0xf1a  main.o [1]
  .text              ro code  0x2007'2d10    0x44  snprintf.o [2]
  .text              ro code  0x2007'2d54    0x18  strcpy.o [4]
  .text              ro code  0x2007'2d6c    0x1e  strcat.o [2]
  .text              ro code  0x2007'2d8c    0xa0  system_sam3x.o [1]
  .text              ro code  0x2007'2e2c    0x30  startup_sam3x.o [1]
  .text              ro code  0x2007'2e5c     0xc  cstartup.o [1]
  .text              ro code  0x2007'2e68    0x1e  cmain.o [4]
  .text              ro code  0x2007'2e88    0x28  data_init.o [4]
  .text              ro code  0x2007'2eb0     0x4  exit.o [2]
  .text              ro code  0x2007'2eb4     0xa  cexit.o [4]
  .rodata            const    0x2007'2ec0    0x2c  main.o [1]
  .iar.init_table    const    0x2007'2eec    0x24  - Linker created -
  .rodata            const    0x2007'2f10     0xc  main.o [1]
  .rodata            const    0x2007'2f1c     0xc  main.o [1]
  .rodata            const    0x2007'2f28     0x8  main.o [1]
  .rodata            const    0x2007'2f30     0x8  xprintffull_nomb.o [2]
  .rodata            const    0x2007'2f38     0x0  zero_init3.o [4]
  .rodata            const    0x2007'2f38     0x0  copy_init3.o [4]
  P1-P2 s0                    0x2007'2f38    0x20  <Init block>
    .data            inited   0x2007'2f38     0x8  main.o [1]
    .data            inited   0x2007'2f40     0x8  main.o [1]
    .data            inited   0x2007'2f48     0x8  main.o [1]
    .data            inited   0x2007'2f50     0x4  main.o [1]
    .data            inited   0x2007'2f54     0x4  system_sam3x.o [1]
  Initializer bytes  const    0x2007'2f58    0x20  <for P1-P2 s0>
                            - 0x2007'2f78  0x2e84

"P1-P2", part 2 of 3:                       0x180
  .bss               zero     0x2007'2f78   0x120  main.o [1]
  .bss               zero     0x2007'3098     0x8  main.o [1]
  .bss               zero     0x2007'30a0     0x8  main.o [1]
  .bss               zero     0x2007'30a8     0x8  main.o [1]
  .bss               zero     0x2007'30b0     0x8  main.o [1]
  .bss               zero     0x2007'30b8     0x8  main.o [1]
  .bss               zero     0x2007'30c0     0x8  main.o [1]
  .bss               zero     0x2007'30c8     0x8  main.o [1]
  .bss               zero     0x2007'30d0     0x8  main.o [1]
  .bss               zero     0x2007'30d8     0x4  main.o [1]
  .bss               zero     0x2007'30dc     0x4  main.o [1]
  .bss               zero     0x2007'30e0     0x4  main.o [1]
  .bss               zero     0x2007'30e4     0x4  main.o [1]
  .bss               zero     0x2007'30e8     0x4  main.o [1]
  .bss               zero     0x2007'30ec     0x4  main.o [1]
  .bss               zero     0x2007'30f0     0x4  main.o [1]
  .bss               zero     0x2007'30f4     0x4  xfail_s.o [2]
                            - 0x2007'30f8   0x180

"P1-P2", part 3 of 3:                      0x1000
  CSTACK                      0x2007'30f8  0x1000  <Block>
    CSTACK           uninit   0x2007'30f8  0x1000  <Block tail>
                            - 0x2007'40f8  0x1000

Unused ranges:

         From           To      Size
         ----           --      ----
  0x2007'40f8  0x2008'7fff  0x1'3f08


*******************************************************************************
*** INIT TABLE
***

          Address      Size
          -------      ----
Zero (__iar_zero_init3)
    1 destination range, total size 0x180:
          0x2007'2f78  0x180

Copy (__iar_copy_init3)
    1 source range, total size 0x20:
          0x2007'2f58   0x20
    1 destination range, total size 0x20:
          0x2007'2f38   0x20



*******************************************************************************
*** MODULE SUMMARY
***

    Module              ro code  ro data  rw data
    ------              -------  -------  -------
command line/config:
    ---------------------------------------------
    Total:

C:\Users\Elias\Documents\IAR Embedded Workbench\CSE_GR18_Project\Debug\Obj: [1]
    cstartup.o               12
    exceptions.o              2
    main.o                3'866      104      408
    startup_sam3x.o          48      244
    system_sam3x.o          160        4        4
    ---------------------------------------------
    Total:                4'088      352      412

dl7M_tln.a: [2]
    abort.o                   6
    exit.o                    4
    snprintf.o               68
    strcat.o                 30
    xfail_s.o                64                 4
    xprintffull_nomb.o    4'006        8
    xsnprout.o               26
    ---------------------------------------------
    Total:                4'204        8        4

m7M_tl.a: [3]
    DblAdd.o                378
    DblCmpGe.o               46
    DblCmpLe.o               46
    DblDiv.o                582
    DblMul.o                418
    DblSub.o                226
    DblToS32.o               58
    DblToU32.o               40
    S32ToDbl.o               34
    U32ToDbl.o               26
    frexp.o                 112
    ldexp.o                 314
    ---------------------------------------------
    Total:                2'280

rt7M_tl.a: [4]
    ABImemcpy.o             166
    I64DivMod.o             560
    I64DivZer.o               2
    cexit.o                  10
    cmain.o                  30
    copy_init3.o             46
    data_init.o              40
    memchr.o                 88
    strchr.o                 22
    strcpy.o                 24
    strlen.o                 54
    zero_init3.o             58
    ---------------------------------------------
    Total:                1'100

shb_l.a: [5]
    exit.o                   20
    ---------------------------------------------
    Total:                   20

    Gaps                     30        2
    Linker created                    36    4'096
-------------------------------------------------
    Grand Total:         11'722      398    4'512


*******************************************************************************
*** ENTRY LIST
***

Entry                       Address   Size  Type      Object
-----                       -------   ----  ----      ------
.iar.init_table$$Base   0x2007'2eec          --   Gb  - Linker created -
.iar.init_table$$Limit  0x2007'2f10          --   Gb  - Linker created -
.intvec$$Base           0x2007'0000          --   Gb  - Linker created -
.intvec$$Limit          0x2007'00f4          --   Gb  - Linker created -
?main                   0x2007'2e69         Code  Gb  cmain.o [4]
ADC_Handler             0x2007'1f15   0x3e  Code  Gb  main.o [1]
BusFault_Handler        0x2007'12a7    0x2  Code  Wk  exceptions.o [1]
CAN0_Handler            0x2007'12a7    0x2  Code  Wk  exceptions.o [1]
CAN1_Handler            0x2007'12a7    0x2  Code  Wk  exceptions.o [1]
CSTACK$$Base            0x2007'30f8          --   Gb  - Linker created -
CSTACK$$Limit           0x2007'40f8          --   Gb  - Linker created -
DACC_Handler            0x2007'12a7    0x2  Code  Wk  exceptions.o [1]
DMAC_Handler            0x2007'12a7    0x2  Code  Wk  exceptions.o [1]
DebugMon_Handler        0x2007'12a7    0x2  Code  Wk  exceptions.o [1]
Dummy_Handler           0x2007'12a7    0x2  Code  Gb  exceptions.o [1]
EFC0_Handler            0x2007'12a7    0x2  Code  Wk  exceptions.o [1]
EFC1_Handler            0x2007'12a7    0x2  Code  Wk  exceptions.o [1]
HSMCI_Handler           0x2007'12a7    0x2  Code  Wk  exceptions.o [1]
HardFault_Handler       0x2007'12a7    0x2  Code  Wk  exceptions.o [1]
Init_Display            0x2007'21f1   0x92  Code  Gb  main.o [1]
MemManage_Handler       0x2007'12a7    0x2  Code  Wk  exceptions.o [1]
NMI_Handler             0x2007'12a7    0x2  Code  Wk  exceptions.o [1]
NVIC_ClearPendingIRQ    0x2007'1e0b   0x16  Code  Lc  main.o [1]
NVIC_EnableIRQ          0x2007'1df5   0x16  Code  Lc  main.o [1]
NVIC_SetPriority        0x2007'1e21   0x28  Code  Lc  main.o [1]
PIOA_Handler            0x2007'12a7    0x2  Code  Wk  exceptions.o [1]
PIOB_Handler            0x2007'12a7    0x2  Code  Wk  exceptions.o [1]
PIOC_Handler            0x2007'12a7    0x2  Code  Wk  exceptions.o [1]
PIOD_Handler            0x2007'12a7    0x2  Code  Wk  exceptions.o [1]
PMC_Handler             0x2007'12a7    0x2  Code  Wk  exceptions.o [1]
PWM_Handler             0x2007'12a7    0x2  Code  Wk  exceptions.o [1]
PendSV_Handler          0x2007'12a7    0x2  Code  Wk  exceptions.o [1]
RSTC_Handler            0x2007'12a7    0x2  Code  Wk  exceptions.o [1]
RTC_Handler             0x2007'12a7    0x2  Code  Wk  exceptions.o [1]
RTT_Handler             0x2007'12a7    0x2  Code  Wk  exceptions.o [1]
Read_Status_Display     0x2007'2283   0x5a  Code  Gb  main.o [1]
Region$$Table$$Base     0x2007'2eec          --   Gb  - Linker created -
Region$$Table$$Limit    0x2007'2f10          --   Gb  - Linker created -
Reset_Handler           0x2007'2e55    0x8  Code  Gb  startup_sam3x.o [1]
SPI0_Handler            0x2007'12a7    0x2  Code  Wk  exceptions.o [1]
SSC_Handler             0x2007'12a7    0x2  Code  Wk  exceptions.o [1]
SUPC_Handler            0x2007'12a7    0x2  Code  Wk  exceptions.o [1]
SVC_Handler             0x2007'12a7    0x2  Code  Wk  exceptions.o [1]
SysTick_Config          0x2007'1e49   0x36  Code  Lc  main.o [1]
SysTick_Handler         0x2007'1ef5   0x20  Code  Gb  main.o [1]
SystemCoreClock         0x2007'2f54    0x4  Data  Gb  system_sam3x.o [1]
SystemInit              0x2007'2d8d   0x70  Code  Gb  system_sam3x.o [1]
TC0_Handler             0x2007'1ee3   0x12  Code  Gb  main.o [1]
TC1_Handler             0x2007'12a7    0x2  Code  Wk  exceptions.o [1]
TC2_Handler             0x2007'12a7    0x2  Code  Wk  exceptions.o [1]
TC3_Handler             0x2007'12a7    0x2  Code  Wk  exceptions.o [1]
TC4_Handler             0x2007'12a7    0x2  Code  Wk  exceptions.o [1]
TC5_Handler             0x2007'12a7    0x2  Code  Wk  exceptions.o [1]
TRNG_Handler            0x2007'12a7    0x2  Code  Wk  exceptions.o [1]
TWI0_Handler            0x2007'12a7    0x2  Code  Wk  exceptions.o [1]
TWI1_Handler            0x2007'12a7    0x2  Code  Wk  exceptions.o [1]
UART_Handler            0x2007'12a7    0x2  Code  Wk  exceptions.o [1]
UOTGHS_Handler          0x2007'12a7    0x2  Code  Wk  exceptions.o [1]
USART0_Handler          0x2007'12a7    0x2  Code  Wk  exceptions.o [1]
USART1_Handler          0x2007'12a7    0x2  Code  Wk  exceptions.o [1]
USART2_Handler          0x2007'12a7    0x2  Code  Wk  exceptions.o [1]
UsageFault_Handler      0x2007'12a7    0x2  Code  Wk  exceptions.o [1]
WDT_Handler             0x2007'12a7    0x2  Code  Wk  exceptions.o [1]
Write_Command_2_Display
                        0x2007'233b   0x5e  Code  Gb  main.o [1]
Write_Data_2_Display    0x2007'22dd   0x5e  Code  Gb  main.o [1]
_LitobFullNoMb          0x2007'0e95  0x10a  Code  Lc  xprintffull_nomb.o [2]
_PrintfFullNoMb         0x2007'00f5  0xd7c  Code  Gb  xprintffull_nomb.o [2]
_PutcharFullNoMb        0x2007'1005   0x20  Code  Lc  xprintffull_nomb.o [2]
_PutcharsFullNoMb       0x2007'1025   0x2e  Code  Lc  xprintffull_nomb.o [2]
_SNProut                0x2007'118f   0x1a  Code  Gb  xsnprout.o [2]
__aeabi_cdcmple         0x2007'1319         Code  Gb  DblCmpLe.o [3]
__aeabi_cdrcmple        0x2007'1349         Code  Gb  DblCmpGe.o [3]
__aeabi_d2iz            0x2007'14b5         Code  Gb  DblToS32.o [3]
__aeabi_d2uiz           0x2007'1841         Code  Gb  DblToU32.o [3]
__aeabi_dadd            0x2007'1c61         Code  Gb  DblAdd.o [3]
__aeabi_ddiv            0x2007'15f9         Code  Gb  DblDiv.o [3]
__aeabi_dmul            0x2007'1885         Code  Gb  DblMul.o [3]
__aeabi_dsub            0x2007'1515         Code  Gb  DblSub.o [3]
__aeabi_i2d             0x2007'14f1         Code  Gb  S32ToDbl.o [3]
__aeabi_ldiv0           0x2007'1ddd         Code  Gb  I64DivZer.o [4]
__aeabi_memcpy          0x2007'1201         Code  Gb  ABImemcpy.o [4]
__aeabi_memcpy4         0x2007'1221         Code  Gb  ABImemcpy.o [4]
__aeabi_memcpy8         0x2007'1221         Code  Gb  ABImemcpy.o [4]
__aeabi_ui2d            0x2007'1869         Code  Gb  U32ToDbl.o [3]
__aeabi_uldivmod        0x2007'1a29         Code  Gb  I64DivMod.o [4]
__cmain                 0x2007'2e69         Code  Gb  cmain.o [4]
__exit                  0x2007'1de1   0x14  Code  Gb  exit.o [5]
__iar_Fail_s            0x2007'1119   0x1c  Code  Gb  xfail_s.o [2]
__iar_Memchr            0x2007'11a9         Code  Gb  memchr.o [4]
__iar_Strchr            0x2007'10d5         Code  Gb  strchr.o [4]
__iar_copy_init3        0x2007'10eb   0x2e  Code  Gb  copy_init3.o [4]
__iar_dadd              0x2007'1525         Code  Gb  DblSub.o [3]
__iar_data_init3        0x2007'2e89   0x28  Code  Gb  data_init.o [4]
__iar_dsub              0x2007'1c71         Code  Gb  DblAdd.o [3]
__iar_dsubStart         0x2007'1c83         Code  Gb  DblAdd.o [3]
__iar_frexp             0x2007'12b5         Code  Gb  frexp.o [3]
__iar_frexp64           0x2007'12a9         Code  Gb  frexp.o [3]
__iar_frexpl            0x2007'12b5         Code  Gb  frexp.o [3]
__iar_ldexp64           0x2007'1379         Code  Gb  ldexp.o [3]
__iar_program_start     0x2007'2e5d         Code  Gb  cstartup.o [1]
__iar_scalbln64         0x2007'1379         Code  Gb  ldexp.o [3]
__iar_scalbn64          0x2007'1379         Code  Gb  ldexp.o [3]
__iar_zero_init3        0x2007'109b   0x3a  Code  Gb  zero_init3.o [4]
__low_level_init        0x2007'2e2d   0x20  Code  Gb  startup_sam3x.o [1]
__vector_table          0x2007'0000   0xf4  Data  Gb  startup_sam3x.o [1]
_call_main              0x2007'2e75         Code  Gb  cmain.o [4]
_exit                   0x2007'2eb5         Code  Gb  cexit.o [4]
_main                   0x2007'2e83         Code  Gb  cmain.o [4]
abort                   0x2007'1c59    0x6  Code  Gb  abort.o [2]
adc_CDR1_value          0x2007'30a0    0x8  Data  Gb  main.o [1]
adc_CDR2_value          0x2007'30a8    0x8  Data  Gb  main.o [1]
adc_ch1_voltage         0x2007'30b0    0x8  Data  Gb  main.o [1]
adc_ch2_voltage         0x2007'30b8    0x8  Data  Gb  main.o [1]
adc_measure             0x2007'27e5   0x88  Code  Gb  main.o [1]
adc_setup               0x2007'2793   0x52  Code  Gb  main.o [1]
clear                   0x2007'2407   0x3a  Code  Gb  main.o [1]
colsArr                 0x2007'2f48    0x8  Data  Gb  main.o [1]
convert_to_scord        0x2007'2441   0x40  Code  Gb  main.o [1]
create_screen_element   0x2007'2481   0x2a  Code  Gb  main.o [1]
curr_temp               0x2007'30c0    0x8  Data  Gb  main.o [1]
date_to_string          0x2007'1ff7   0x3e  Code  Gb  main.o [1]
day_temp_data_to_string
                        0x2007'1f53   0xa4  Code  Gb  main.o [1]
delay_micro             0x2007'1eb9   0x1a  Code  Gb  main.o [1]
delay_milis             0x2007'1e99   0x20  Code  Gb  main.o [1]
display_clear           0x2007'23f3   0x14  Code  Gb  main.o [1]
display_setup           0x2007'213b   0xb6  Code  Gb  main.o [1]
display_write           0x2007'24ab   0x48  Code  Gb  main.o [1]
double_to_str           0x2007'20bd   0x7e  Code  Gb  main.o [1]
exit                    0x2007'2eb1    0x4  Code  Gb  exit.o [2]
frexp                   0x2007'12a9         Code  Gb  frexp.o [3]
frexpl                  0x2007'12a9         Code  Gb  frexp.o [3]
full_setup              0x2007'2cd5   0x3a  Code  Gb  main.o [1]
general_delay           0x2007'1ed5    0xe  Code  Gb  main.o [1]
get_keypad_key          0x2007'2533   0xac  Code  Gb  main.o [1]
get_light_rotation_data
                        0x2007'2921   0x3e  Code  Gb  main.o [1]
get_temp                0x2007'2747   0x4c  Code  Gb  main.o [1]
int_to_str              0x2007'207f   0x3e  Code  Gb  main.o [1]
keypad_setup            0x2007'25df   0x92  Code  Gb  main.o [1]
ldexp                   0x2007'1379         Code  Gb  ldexp.o [3]
ldexpl                  0x2007'1379         Code  Gb  ldexp.o [3]
light_measure           0x2007'286d   0x3c  Code  Gb  main.o [1]
light_rotation_data     0x2007'2f78  0x120  Data  Gb  main.o [1]
light_sens_ch1_ready    0x2007'30e4    0x4  Data  Gb  main.o [1]
light_sens_ch2_ready    0x2007'30e8    0x4  Data  Gb  main.o [1]
light_to_volt_coefficcient
                        0x2007'2f38    0x8  Data  Gb  main.o [1]
loopCount               0x2007'30f0    0x4  Data  Gb  main.o [1]
main                    0x2007'29e5  0x1e6  Code  Gb  main.o [1]
memchr                  0x2007'11a9         Code  Gb  memchr.o [4]
prev_servo_call         0x2007'30d8    0x4  Data  Gb  main.o [1]
pwm_setup               0x2007'28a9   0x44  Code  Gb  main.o [1]
reverse_str             0x2007'2063   0x1c  Code  Gb  main.o [1]
rowsArr                 0x2007'2f40    0x8  Data  Gb  main.o [1]
scalbln                 0x2007'1379         Code  Gb  ldexp.o [3]
scalblnl                0x2007'1379         Code  Gb  ldexp.o [3]
scalbn                  0x2007'1379         Code  Gb  ldexp.o [3]
scalbnl                 0x2007'1379         Code  Gb  ldexp.o [3]
scale                   0x2007'0f9f   0x46  Code  Lc  xprintffull_nomb.o [2]
sec_hand                0x2007'30f4    0x4  Data  Lc  xfail_s.o [2]
servo_get_position      0x2007'290f    0x8  Code  Gb  main.o [1]
servo_position          0x2007'3098    0x8  Data  Gb  main.o [1]
servo_set_position      0x2007'28f1   0x1e  Code  Gb  main.o [1]
set_cursor              0x2007'2399   0x2c  Code  Gb  main.o [1]
set_to_max_light        0x2007'296d   0x3c  Code  Gb  main.o [1]
snprintf                0x2007'2d11   0x44  Code  Gb  snprintf.o [2]
start_pulse             0x2007'26df   0x3c  Code  Gb  main.o [1]
strcat                  0x2007'2d6d   0x1e  Code  Gb  strcat.o [2]
strchr                  0x2007'10d5         Code  Gb  strchr.o [4]
strcpy                  0x2007'2d55         Code  Gb  strcpy.o [4]
strlen                  0x2007'1159         Code  Gb  strlen.o [4]
syst                    0x2007'2f50    0x4  Data  Gb  main.o [1]
systick_delay           0x2007'30dc    0x4  Data  Gb  main.o [1]
systick_setup           0x2007'1e7f   0x18  Code  Gb  main.o [1]
systick_trigger         0x2007'30e0    0x4  Data  Gb  main.o [1]
tcDelta                 0x2007'30c8    0x8  Data  Gb  main.o [1]
temp_rdy_flag           0x2007'30ec    0x4  Data  Gb  main.o [1]
temp_reset              0x2007'271b   0x20  Code  Gb  main.o [1]
temp_setup              0x2007'273b    0xc  Code  Gb  main.o [1]
temperature             0x2007'30d0    0x8  Data  Gb  main.o [1]
time_hm_to_string       0x2007'2035   0x2e  Code  Gb  main.o [1]
timer_counter_setup     0x2007'2671   0x6e  Code  Gb  main.o [1]
write_blank_to_display  0x2007'23c5   0x2e  Code  Gb  main.o [1]
write_string_to_display
                        0x2007'24f3   0x40  Code  Gb  main.o [1]


[1] = C:\Users\Elias\Documents\IAR Embedded Workbench\CSE_GR18_Project\Debug\Obj
[2] = dl7M_tln.a
[3] = m7M_tl.a
[4] = rt7M_tl.a
[5] = shb_l.a

  11'722 bytes of readonly  code memory
     398 bytes of readonly  data memory
   4'512 bytes of readwrite data memory

Errors: none
Warnings: none
