###############################################################################
#
# IAR ELF Linker V8.50.1.245/W32 for ARM                  08/Jan/2021  00:17:22
# Copyright 2007-2020 IAR Systems AB.
#
#    Output file  =
#        C:\Users\Elias\Documents\IAR Embedded
#        Workbench\CSE_GR18_Project\Debug\Exe\CSE_GR18_Project.out
#    Map file     =
#        C:\Users\Elias\Documents\IAR Embedded
#        Workbench\CSE_GR18_Project\Debug\List\CSE_GR18_Project.map
#    Command line =
#        -f C:\Users\Elias\AppData\Local\Temp\EWC1C8.tmp
#        ("C:\Users\Elias\Documents\IAR Embedded
#        Workbench\CSE_GR18_Project\Debug\Obj\cstartup.o"
#        "C:\Users\Elias\Documents\IAR Embedded
#        Workbench\CSE_GR18_Project\Debug\Obj\exceptions.o"
#        "C:\Users\Elias\Documents\IAR Embedded
#        Workbench\CSE_GR18_Project\Debug\Obj\main.o"
#        "C:\Users\Elias\Documents\IAR Embedded
#        Workbench\CSE_GR18_Project\Debug\Obj\startup_sam3x.o"
#        "C:\Users\Elias\Documents\IAR Embedded
#        Workbench\CSE_GR18_Project\Debug\Obj\system_sam3x.o"
#        --no_out_extension -o "C:\Users\Elias\Documents\IAR Embedded
#        Workbench\CSE_GR18_Project\Debug\Exe\CSE_GR18_Project.out" --redirect
#        _Printf=_PrintfFullNoMb --redirect _Scanf=_ScanfFullNoMb --map
#        "C:\Users\Elias\Documents\IAR Embedded
#        Workbench\CSE_GR18_Project\Debug\List\CSE_GR18_Project.map" --config
#        "C:\Program Files (x86)\IAR Systems\Embedded Workbench
#        8.4\arm\config\linker\Microchip\sam3x8\sram.icf" --semihosting --entry
#        __iar_program_start --vfe --text_out locale)
#
###############################################################################

*******************************************************************************
*** RUNTIME MODEL ATTRIBUTES
***

CppFlavor       = *
__Heap_Handler  = Basic
__SystemLibrary = DLib
__dlib_version  = 6


*******************************************************************************
*** HEAP SELECTION
***

The basic heap was selected because some modules are built with
size limitations (and not runtime checking), and --advanced_heap
was not specified.


*******************************************************************************
*** PLACEMENT SUMMARY
***

"A0":  place at address 0x2007'0000 { ro section .intvec };
"P1":  place in [from 0x2007'0000 to 0x2008'7fff] { ro };
define block CSTACK with size = 4K, alignment = 8 { };
define block HEAP with size = 8K, alignment = 8 { };
"P2":  place in [from 0x2007'0000 to 0x2008'7fff] {
          rw, block CSTACK, block HEAP };
initialize by copy with packing = copy, complex ranges { rw };

  Section            Kind         Address    Size  Object
  -------            ----         -------    ----  ------
"A0":                                        0xf4
  .intvec                     0x2007'0000    0xf4  <Block>
    .intvec          const    0x2007'0000    0xf4  startup_sam3x.o [1]
                            - 0x2007'00f4    0xf4

"P1-P2", part 1 of 3:                      0x5460
  .text              ro code  0x2007'00f4  0x4168  main.o [1]
  .text              ro code  0x2007'425c    0x3a  DblToS32.o [3]
  .text              ro code  0x2007'4296    0x3a  zero_init3.o [4]
  .text              ro code  0x2007'42d0    0x22  S32ToDbl.o [3]
  .text              ro code  0x2007'42f2    0x2e  copy_init3.o [4]
  .text              ro code  0x2007'4320    0xe2  DblSub.o [3]
  .text              ro code  0x2007'4402     0x2  exceptions.o [1]
  .text              ro code  0x2007'4404   0x1a2  DblMul.o [3]
  .text              ro code  0x2007'45a8   0x246  DblDiv.o [3]
  .text              ro code  0x2007'47f0    0x86  ABImemcpy.o [4]
  .text              ro code  0x2007'4878    0x2e  DblCmpLe.o [3]
  .text              ro code  0x2007'48a8   0x17a  DblAdd.o [3]
  .text              ro code  0x2007'4a24   0x274  I64DivMod.o [4]
  .text              ro code  0x2007'4c98   0x170  heap0.o [2]
  .text              ro code  0x2007'4e08     0x4  heaptramp0.o [2]
  .text              ro code  0x2007'4e0c    0x2e  DblCmpGe.o [3]
  .text              ro code  0x2007'4e3c    0x1a  U32ToDbl.o [3]
  .text              ro code  0x2007'4e58    0x1e  U64Shr.o [4]
  .text              ro code  0x2007'4e78    0xa0  system_sam3x.o [1]
  .text              ro code  0x2007'4f18     0x2  I64DivZer.o [4]
  .text              ro code  0x2007'4f1c    0x2c  xgetmemchunk.o [2]
  .text              ro code  0x2007'4f48    0x12  xxmemxmemzero.o [2]
  .rodata            const    0x2007'4f5c    0x30  main.o [1]
  .text              ro code  0x2007'4f8c    0x30  startup_sam3x.o [1]
  .text              ro code  0x2007'4fbc     0xc  cstartup.o [1]
  .text              ro code  0x2007'4fc8    0x1e  cmain.o [4]
  .text              ro code  0x2007'4fe8    0x28  data_init.o [4]
  .text              ro code  0x2007'5010     0x4  exit.o [2]
  .text              ro code  0x2007'5014     0xa  cexit.o [4]
  .text              ro code  0x2007'5020    0x14  exit.o [5]
  .rodata            const    0x2007'5034    0x28  main.o [1]
  .rodata            const    0x2007'505c    0x28  main.o [1]
  .iar.init_table    const    0x2007'5084    0x24  - Linker created -
  .rodata            const    0x2007'50a8    0x20  main.o [1]
  .rodata            const    0x2007'50c8    0x1c  main.o [1]
  .rodata            const    0x2007'50e4    0x1c  main.o [1]
  .rodata            const    0x2007'5100    0x1c  main.o [1]
  .rodata            const    0x2007'511c    0x18  main.o [1]
  .rodata            const    0x2007'5134    0x18  main.o [1]
  .rodata            const    0x2007'514c    0x18  main.o [1]
  .rodata            const    0x2007'5164    0x18  main.o [1]
  .rodata            const    0x2007'517c    0x18  main.o [1]
  .rodata            const    0x2007'5194    0x14  main.o [1]
  .rodata            const    0x2007'51a8    0x14  main.o [1]
  .rodata            const    0x2007'51bc    0x14  main.o [1]
  .rodata            const    0x2007'51d0    0x14  main.o [1]
  .rodata            const    0x2007'51e4    0x14  main.o [1]
  .rodata            const    0x2007'51f8    0x14  main.o [1]
  .rodata            const    0x2007'520c    0x14  main.o [1]
  .rodata            const    0x2007'5220    0x14  main.o [1]
  .rodata            const    0x2007'5234    0x14  main.o [1]
  .rodata            const    0x2007'5248    0x10  main.o [1]
  .rodata            const    0x2007'5258    0x10  main.o [1]
  .rodata            const    0x2007'5268    0x10  main.o [1]
  .rodata            const    0x2007'5278    0x10  main.o [1]
  .rodata            const    0x2007'5288    0x10  main.o [1]
  .rodata            const    0x2007'5298    0x10  main.o [1]
  .rodata            const    0x2007'52a8    0x10  main.o [1]
  .rodata            const    0x2007'52b8    0x10  main.o [1]
  .rodata            const    0x2007'52c8    0x10  main.o [1]
  .rodata            const    0x2007'52d8    0x10  main.o [1]
  .rodata            const    0x2007'52e8     0xc  main.o [1]
  .rodata            const    0x2007'52f4     0xc  main.o [1]
  .rodata            const    0x2007'5300     0xc  main.o [1]
  .rodata            const    0x2007'530c     0xc  main.o [1]
  .rodata            const    0x2007'5318     0xc  main.o [1]
  .rodata            const    0x2007'5324     0xc  main.o [1]
  .rodata            const    0x2007'5330     0xc  main.o [1]
  .rodata            const    0x2007'533c     0xc  main.o [1]
  .rodata            const    0x2007'5348     0xc  main.o [1]
  .rodata            const    0x2007'5354     0xc  main.o [1]
  .rodata            const    0x2007'5360     0xc  main.o [1]
  .rodata            const    0x2007'536c     0xc  main.o [1]
  .rodata            const    0x2007'5378     0xc  main.o [1]
  .rodata            const    0x2007'5384     0xc  main.o [1]
  .rodata            const    0x2007'5390     0xc  main.o [1]
  .rodata            const    0x2007'539c     0xc  main.o [1]
  .rodata            const    0x2007'53a8     0xc  main.o [1]
  .rodata            const    0x2007'53b4     0xc  main.o [1]
  .rodata            const    0x2007'53c0     0xc  main.o [1]
  .rodata            const    0x2007'53cc     0xc  main.o [1]
  .rodata            const    0x2007'53d8     0x8  main.o [1]
  .rodata            const    0x2007'53e0     0x8  main.o [1]
  .rodata            const    0x2007'53e8     0x8  main.o [1]
  .rodata            const    0x2007'53f0     0x8  main.o [1]
  .rodata            const    0x2007'53f8     0x8  main.o [1]
  .rodata            const    0x2007'5400     0x8  main.o [1]
  .rodata            const    0x2007'5408     0x8  main.o [1]
  .rodata            const    0x2007'5410     0x4  main.o [1]
  .rodata            const    0x2007'5414     0x4  main.o [1]
  .rodata            const    0x2007'5418     0x4  main.o [1]
  .rodata            const    0x2007'541c     0x0  zero_init3.o [4]
  .rodata            const    0x2007'541c     0x0  copy_init3.o [4]
  P1-P2 s0                    0x2007'5420    0x9c  <Init block>
    .data            inited   0x2007'5420    0x20  main.o [1]
    .data            inited   0x2007'5440    0x1c  main.o [1]
    .data            inited   0x2007'545c     0xc  main.o [1]
    .data            inited   0x2007'5468     0xc  main.o [1]
    .data            inited   0x2007'5474     0x4  main.o [1]
    .data            inited   0x2007'5478     0x8  main.o [1]
    .data            inited   0x2007'5480     0x8  main.o [1]
    .data            inited   0x2007'5488     0x8  main.o [1]
    .data            inited   0x2007'5490     0x4  main.o [1]
    .data            inited   0x2007'5494     0x4  main.o [1]
    .data            inited   0x2007'5498     0x4  main.o [1]
    .data            inited   0x2007'549c     0x4  main.o [1]
    .data            inited   0x2007'54a0     0x4  main.o [1]
    .data            inited   0x2007'54a4     0x4  main.o [1]
    .data            inited   0x2007'54a8     0x4  main.o [1]
    .data            inited   0x2007'54ac     0x4  main.o [1]
    .data            inited   0x2007'54b0     0x4  main.o [1]
    .data            inited   0x2007'54b4     0x4  system_sam3x.o [1]
  Initializer bytes  const    0x2007'54b8    0x9c  <for P1-P2 s0> (used: 0x98)
                            - 0x2007'5554  0x5460

"P1-P2", part 2 of 3:                       0x274
  .bss               zero     0x2007'5558   0x120  main.o [1]
  .bss               zero     0x2007'5678    0x10  main.o [1]
  .bss               zero     0x2007'5688    0x10  main.o [1]
  .bss               zero     0x2007'5698     0xc  main.o [1]
  .bss               zero     0x2007'56a4     0x4  main.o [1]
  .bss               zero     0x2007'56a8     0x8  main.o [1]
  .bss               zero     0x2007'56b0     0x8  main.o [1]
  .bss               zero     0x2007'56b8     0x8  main.o [1]
  .bss               zero     0x2007'56c0     0x8  main.o [1]
  .bss               zero     0x2007'56c8     0x8  main.o [1]
  .bss               zero     0x2007'56d0     0x8  main.o [1]
  .bss               zero     0x2007'56d8     0x8  main.o [1]
  .bss               zero     0x2007'56e0     0x8  main.o [1]
  .bss               zero     0x2007'56e8     0x8  main.o [1]
  .bss               zero     0x2007'56f0     0x8  main.o [1]
  .bss               zero     0x2007'56f8     0x8  main.o [1]
  .bss               zero     0x2007'5700     0x8  main.o [1]
  .bss               zero     0x2007'5708     0x8  heap0.o [2]
  .bss               zero     0x2007'5710     0x4  main.o [1]
  .bss               zero     0x2007'5714     0x4  main.o [1]
  .bss               zero     0x2007'5718     0x4  main.o [1]
  .bss               zero     0x2007'571c     0x4  main.o [1]
  .bss               zero     0x2007'5720     0x4  main.o [1]
  .bss               zero     0x2007'5724     0x4  main.o [1]
  .bss               zero     0x2007'5728     0x4  main.o [1]
  .bss               zero     0x2007'572c     0x4  main.o [1]
  .bss               zero     0x2007'5730     0x4  main.o [1]
  .bss               zero     0x2007'5734     0x4  main.o [1]
  .bss               zero     0x2007'5738     0x4  main.o [1]
  .bss               zero     0x2007'573c     0x4  main.o [1]
  .bss               zero     0x2007'5740     0x4  main.o [1]
  .bss               zero     0x2007'5744     0x4  main.o [1]
  .bss               zero     0x2007'5748     0x4  main.o [1]
  .bss               zero     0x2007'574c     0x4  main.o [1]
  .bss               zero     0x2007'5750     0x4  main.o [1]
  .bss               zero     0x2007'5754     0x4  main.o [1]
  .bss               zero     0x2007'5758     0x4  main.o [1]
  .bss               zero     0x2007'575c     0x4  main.o [1]
  .bss               zero     0x2007'5760     0x4  main.o [1]
  .bss               zero     0x2007'5764     0x4  main.o [1]
  .bss               zero     0x2007'5768     0x4  main.o [1]
  .bss               zero     0x2007'576c     0x4  main.o [1]
  .bss               zero     0x2007'5770     0x4  main.o [1]
  .bss               zero     0x2007'5774     0x4  main.o [1]
  .bss               zero     0x2007'5778     0x4  main.o [1]
  .bss               zero     0x2007'577c     0x4  main.o [1]
  .bss               zero     0x2007'5780     0x4  main.o [1]
  .bss               zero     0x2007'5784     0x4  main.o [1]
  .bss               zero     0x2007'5788     0x4  main.o [1]
  .bss               zero     0x2007'578c     0x4  main.o [1]
  .bss               zero     0x2007'5790     0x4  main.o [1]
  .bss               zero     0x2007'5794     0x4  main.o [1]
  .bss               zero     0x2007'5798     0x4  main.o [1]
  .bss               zero     0x2007'579c     0x4  main.o [1]
  .bss               zero     0x2007'57a0     0x4  main.o [1]
  .bss               zero     0x2007'57a4     0x4  main.o [1]
  .bss               zero     0x2007'57a8     0x4  main.o [1]
  .bss               zero     0x2007'57ac     0x4  main.o [1]
  .bss               zero     0x2007'57b0     0x4  main.o [1]
  .bss               zero     0x2007'57b4     0x4  main.o [1]
  .bss               zero     0x2007'57b8     0x4  main.o [1]
  .bss               zero     0x2007'57bc     0x4  main.o [1]
  .bss               zero     0x2007'57c0     0x4  xgetmemchunk.o [2]
  .bss               zero     0x2007'57c4     0x2  main.o [1]
  .bss               zero     0x2007'57c6     0x1  main.o [1]
  .bss               zero     0x2007'57c7     0x1  main.o [1]
                            - 0x2007'57c8   0x274

"P1-P2", part 3 of 3:                      0x3000
  CSTACK                      0x2007'57c8  0x1000  <Block>
    CSTACK           uninit   0x2007'57c8  0x1000  <Block tail>
  HEAP                        0x2007'67c8  0x2000  <Block>
    HEAP             uninit   0x2007'67c8  0x2000  <Block tail>
                            - 0x2007'87c8  0x3000

Unused ranges:

         From           To    Size
         ----           --    ----
  0x2007'87c8  0x2008'7fff  0xf838


*******************************************************************************
*** INIT TABLE
***

          Address      Size
          -------      ----
Zero (__iar_zero_init3)
    1 destination range, total size 0x270:
          0x2007'5558  0x270

Copy (__iar_copy_init3)
    1 source range, total size 0x9c (102% of destination):
          0x2007'54b8   0x9c
    1 destination range, total size 0x98:
          0x2007'5420   0x98



*******************************************************************************
*** MODULE SUMMARY
***

    Module           ro code  ro data  rw data
    ------           -------  -------  -------
command line/config:
    ------------------------------------------
    Total:

C:\Users\Elias\Documents\IAR Embedded Workbench\CSE_GR18_Project\Debug\Obj: [1]
    cstartup.o            12
    exceptions.o           2
    main.o            16'744    1'160      760
    startup_sam3x.o       48      244
    system_sam3x.o       160        4        4
    ------------------------------------------
    Total:            16'966    1'408      764

dl7M_tln.a: [2]
    exit.o                 4
    heap0.o              368                 8
    heaptramp0.o           4
    xgetmemchunk.o        44                 4
    xxmemxmemzero.o       18
    ------------------------------------------
    Total:               438                12

m7M_tl.a: [3]
    DblAdd.o             378
    DblCmpGe.o            46
    DblCmpLe.o            46
    DblDiv.o             582
    DblMul.o             418
    DblSub.o             226
    DblToS32.o            58
    S32ToDbl.o            34
    U32ToDbl.o            26
    ------------------------------------------
    Total:             1'814

rt7M_tl.a: [4]
    ABImemcpy.o          134
    I64DivMod.o          628
    I64DivZer.o            2
    U64Shr.o              30
    cexit.o               10
    cmain.o               30
    copy_init3.o          46
    data_init.o           40
    zero_init3.o          58
    ------------------------------------------
    Total:               978

shb_l.a: [5]
    exit.o                20
    ------------------------------------------
    Total:                20

    Gaps                  22        2        4
    Linker created                 40   12'288
----------------------------------------------
    Grand Total:      20'238    1'450   13'068


*******************************************************************************
*** ENTRY LIST
***

Entry                       Address   Size  Type      Object
-----                       -------   ----  ----      ------
.iar.init_table$$Base   0x2007'5084          --   Gb  - Linker created -
.iar.init_table$$Limit  0x2007'50a8          --   Gb  - Linker created -
.intvec$$Base           0x2007'0000          --   Gb  - Linker created -
.intvec$$Limit          0x2007'00f4          --   Gb  - Linker created -
?main                   0x2007'4fc9         Code  Gb  cmain.o [4]
ADC_Handler             0x2007'0231   0x3e  Code  Gb  main.o [1]
Aldata                  0x2007'5708    0x8  Data  Lc  heap0.o [2]
BusFault_Handler        0x2007'4403    0x2  Code  Wk  exceptions.o [1]
CAN0_Handler            0x2007'4403    0x2  Code  Wk  exceptions.o [1]
CAN1_Handler            0x2007'4403    0x2  Code  Wk  exceptions.o [1]
CSTACK$$Base            0x2007'57c8          --   Gb  - Linker created -
CSTACK$$Limit           0x2007'67c8          --   Gb  - Linker created -
DACC_Handler            0x2007'4403    0x2  Code  Wk  exceptions.o [1]
DMAC_Handler            0x2007'4403    0x2  Code  Wk  exceptions.o [1]
DebugMon_Handler        0x2007'4403    0x2  Code  Wk  exceptions.o [1]
Dummy_Handler           0x2007'4403    0x2  Code  Gb  exceptions.o [1]
EFC0_Handler            0x2007'4403    0x2  Code  Wk  exceptions.o [1]
EFC1_Handler            0x2007'4403    0x2  Code  Wk  exceptions.o [1]
HEAP$$Base              0x2007'67c8          --   Gb  - Linker created -
HEAP$$Limit             0x2007'87c8          --   Gb  - Linker created -
HSMCI_Handler           0x2007'4403    0x2  Code  Wk  exceptions.o [1]
HardFault_Handler       0x2007'026f    0x2  Code  Gb  main.o [1]
Init_Display            0x2007'05e7   0x7e  Code  Gb  main.o [1]
MemManage_Handler       0x2007'4403    0x2  Code  Wk  exceptions.o [1]
NMI_Handler             0x2007'4403    0x2  Code  Wk  exceptions.o [1]
NVIC_ClearPendingIRQ    0x2007'010b   0x16  Code  Lc  main.o [1]
NVIC_EnableIRQ          0x2007'00f5   0x16  Code  Lc  main.o [1]
NVIC_SetPriority        0x2007'0121   0x28  Code  Lc  main.o [1]
PIOA_Handler            0x2007'4403    0x2  Code  Wk  exceptions.o [1]
PIOB_Handler            0x2007'4403    0x2  Code  Wk  exceptions.o [1]
PIOC_Handler            0x2007'4403    0x2  Code  Wk  exceptions.o [1]
PIOD_Handler            0x2007'4403    0x2  Code  Wk  exceptions.o [1]
PMC_Handler             0x2007'4403    0x2  Code  Wk  exceptions.o [1]
PWM_Handler             0x2007'4403    0x2  Code  Wk  exceptions.o [1]
PendSV_Handler          0x2007'4403    0x2  Code  Wk  exceptions.o [1]
RSTC_Handler            0x2007'4403    0x2  Code  Wk  exceptions.o [1]
RTC_Handler             0x2007'4403    0x2  Code  Wk  exceptions.o [1]
RTT_Handler             0x2007'4403    0x2  Code  Wk  exceptions.o [1]
Read_Status_Display     0x2007'0665   0x5a  Code  Gb  main.o [1]
Region$$Table$$Base     0x2007'5084          --   Gb  - Linker created -
Region$$Table$$Limit    0x2007'50a8          --   Gb  - Linker created -
Reset_Handler           0x2007'4fb5    0x8  Code  Gb  startup_sam3x.o [1]
SPI0_Handler            0x2007'4403    0x2  Code  Wk  exceptions.o [1]
SSC_Handler             0x2007'4403    0x2  Code  Wk  exceptions.o [1]
SUPC_Handler            0x2007'4403    0x2  Code  Wk  exceptions.o [1]
SVC_Handler             0x2007'4403    0x2  Code  Wk  exceptions.o [1]
SysTick_Config          0x2007'0149   0x36  Code  Lc  main.o [1]
SysTick_Handler         0x2007'01f5   0x3c  Code  Gb  main.o [1]
SystemCoreClock         0x2007'54b4    0x4  Data  Gb  system_sam3x.o [1]
SystemInit              0x2007'4e79   0x70  Code  Gb  system_sam3x.o [1]
TC0_Handler             0x2007'01e3   0x12  Code  Gb  main.o [1]
TC1_Handler             0x2007'4403    0x2  Code  Wk  exceptions.o [1]
TC2_Handler             0x2007'4403    0x2  Code  Wk  exceptions.o [1]
TC3_Handler             0x2007'4403    0x2  Code  Wk  exceptions.o [1]
TC4_Handler             0x2007'4403    0x2  Code  Wk  exceptions.o [1]
TC5_Handler             0x2007'4403    0x2  Code  Wk  exceptions.o [1]
TRNG_Handler            0x2007'4403    0x2  Code  Wk  exceptions.o [1]
TWI0_Handler            0x2007'4403    0x2  Code  Wk  exceptions.o [1]
TWI1_Handler            0x2007'4403    0x2  Code  Wk  exceptions.o [1]
UART_Handler            0x2007'4403    0x2  Code  Wk  exceptions.o [1]
UOTGHS_Handler          0x2007'4403    0x2  Code  Wk  exceptions.o [1]
USART0_Handler          0x2007'4403    0x2  Code  Wk  exceptions.o [1]
USART1_Handler          0x2007'4403    0x2  Code  Wk  exceptions.o [1]
USART2_Handler          0x2007'4403    0x2  Code  Wk  exceptions.o [1]
UsageFault_Handler      0x2007'4403    0x2  Code  Wk  exceptions.o [1]
WDT_Handler             0x2007'4403    0x2  Code  Wk  exceptions.o [1]
Write_Command_2_Display
                        0x2007'071d   0x5e  Code  Gb  main.o [1]
Write_Data_2_Display    0x2007'06bf   0x5e  Code  Gb  main.o [1]
__aeabi_cdcmple         0x2007'4879         Code  Gb  DblCmpLe.o [3]
__aeabi_cdrcmple        0x2007'4e0d         Code  Gb  DblCmpGe.o [3]
__aeabi_d2iz            0x2007'425d         Code  Gb  DblToS32.o [3]
__aeabi_dadd            0x2007'48a9         Code  Gb  DblAdd.o [3]
__aeabi_ddiv            0x2007'45a9         Code  Gb  DblDiv.o [3]
__aeabi_dmul            0x2007'4405         Code  Gb  DblMul.o [3]
__aeabi_dsub            0x2007'4321         Code  Gb  DblSub.o [3]
__aeabi_i2d             0x2007'42d1         Code  Gb  S32ToDbl.o [3]
__aeabi_ldiv0           0x2007'4f19         Code  Gb  I64DivZer.o [4]
__aeabi_ldivmod         0x2007'4a25         Code  Gb  I64DivMod.o [4]
__aeabi_llsr            0x2007'4e59         Code  Gb  U64Shr.o [4]
__aeabi_memcpy4         0x2007'47f1         Code  Gb  ABImemcpy.o [4]
__aeabi_memcpy8         0x2007'47f1         Code  Gb  ABImemcpy.o [4]
__aeabi_ui2d            0x2007'4e3d         Code  Gb  U32ToDbl.o [3]
__aeabi_uldivmod        0x2007'4a69         Code  Gb  I64DivMod.o [4]
__basic_calloc          0x2007'4dcf   0x36  Code  Gb  heap0.o [2]
__basic_free            0x2007'4d45   0x16  Code  Gb  heap0.o [2]
__basic_free_intern     0x2007'4d5b   0x74  Code  Lc  heap0.o [2]
__basic_malloc          0x2007'4c99   0x18  Code  Gb  heap0.o [2]
__basic_malloc_intern   0x2007'4cb1   0x94  Code  Lc  heap0.o [2]
__cmain                 0x2007'4fc9         Code  Gb  cmain.o [4]
__data_GetMemChunk      0x2007'4f1d   0x2c  Code  Gb  xgetmemchunk.o [2]
__data_GetMemChunk::start
                        0x2007'57c0    0x4  Data  Lc  xgetmemchunk.o [2]
__data_memzero          0x2007'4f49   0x12  Code  Gb  xxmemxmemzero.o [2]
__exit                  0x2007'5021   0x14  Code  Gb  exit.o [5]
__iar_copy_init3        0x2007'42f3   0x2e  Code  Gb  copy_init3.o [4]
__iar_dadd              0x2007'4331         Code  Gb  DblSub.o [3]
__iar_data_init3        0x2007'4fe9   0x28  Code  Gb  data_init.o [4]
__iar_dsub              0x2007'48b9         Code  Gb  DblAdd.o [3]
__iar_dsubStart         0x2007'48cb         Code  Gb  DblAdd.o [3]
__iar_program_start     0x2007'4fbd         Code  Gb  cstartup.o [1]
__iar_zero_init3        0x2007'4297   0x3a  Code  Gb  zero_init3.o [4]
__low_level_init        0x2007'4f8d   0x20  Code  Gb  startup_sam3x.o [1]
__vector_table          0x2007'0000   0xf4  Data  Gb  startup_sam3x.o [1]
_call_main              0x2007'4fd5         Code  Gb  cmain.o [4]
_exit                   0x2007'5015         Code  Gb  cexit.o [4]
_main                   0x2007'4fe3         Code  Gb  cmain.o [4]
adc_CDR1_value          0x2007'56b0    0x8  Data  Gb  main.o [1]
adc_CDR2_value          0x2007'56b8    0x8  Data  Gb  main.o [1]
adc_ch1_voltage         0x2007'56c0    0x8  Data  Gb  main.o [1]
adc_ch2_voltage         0x2007'56c8    0x8  Data  Gb  main.o [1]
adc_measure             0x2007'1e5d   0x8c  Code  Gb  main.o [1]
adc_setup               0x2007'1e05   0x54  Code  Gb  main.o [1]
add_temp_recording      0x2007'4029   0xe0  Code  Gb  main.o [1]
append_length           0x2007'2397   0x24  Code  Lc  main.o [1]
append_padding_bits     0x2007'237f   0x18  Code  Lc  main.o [1]
append_to_list          0x2007'19a9   0x4c  Code  Gb  main.o [1]
calc_statistics         0x2007'1569   0x60  Code  Gb  main.o [1]
char_array_erase        0x2007'04a7    0xe  Code  Gb  main.o [1]
circular_overwrite      0x2007'1af9   0x4e  Code  Gb  main.o [1]
circular_start          0x2007'5784    0x4  Data  Gb  main.o [1]
clear                   0x2007'0809   0x44  Code  Gb  main.o [1]
clear_day_data          0x2007'1759   0xac  Code  Gb  main.o [1]
clear_display_direct    0x2007'0983   0x1a  Code  Gb  main.o [1]
clear_graphics          0x2007'0a35   0x14  Code  Gb  main.o [1]
clear_main_menu         0x2007'32cb   0x18  Code  Gb  main.o [1]
clear_menu              0x2007'32b1   0x1a  Code  Gb  main.o [1]
clear_sidebar_menu      0x2007'3445   0x18  Code  Gb  main.o [1]
colsArr                 0x2007'5488    0x8  Data  Gb  main.o [1]
config_date             0x2007'112d  0x19c  Code  Gb  main.o [1]
config_time             0x2007'12d1  0x1ac  Code  Gb  main.o [1]
convert_to_circular_list
                        0x2007'1aa5   0x48  Code  Gb  main.o [1]
convert_to_scord        0x2007'084d   0x40  Code  Gb  main.o [1]
create_node_with_data   0x2007'19fd   0x98  Code  Gb  main.o [1]
create_screen_element   0x2007'088d   0x2a  Code  Gb  main.o [1]
curr_day_data           0x2007'5794    0x4  Data  Gb  main.o [1]
curr_min_temp_values    0x2007'5798    0x4  Data  Gb  main.o [1]
curr_temp               0x2007'56d0    0x8  Data  Gb  main.o [1]
current_date            0x2007'5768    0x4  Data  Gb  main.o [1]
current_graph_type      0x2007'5490    0x4  Data  Gb  main.o [1]
current_time            0x2007'576c    0x4  Data  Gb  main.o [1]
current_time_hm         0x2007'57c4    0x2  Data  Gb  main.o [1]
current_user            0x2007'5750    0x4  Data  Gb  main.o [1]
date_str                0x2007'5698    0xc  Data  Gb  main.o [1]
date_to_str             0x2007'14bb   0x42  Code  Gb  main.o [1]
date_to_string          0x2007'0271   0x3e  Code  Gb  main.o [1]
day_temp_data_to_string
                        0x2007'18b3   0xf0  Code  Gb  main.o [1]
def_pass_len            0x2007'54a4    0x4  Data  Gb  main.o [1]
def_us_len              0x2007'54a0    0x4  Data  Gb  main.o [1]
default_password        0x2007'549c    0x4  Data  Gb  main.o [1]
default_user            0x2007'5748    0x4  Data  Gb  main.o [1]
default_username        0x2007'5498    0x4  Data  Gb  main.o [1]
delay_micro             0x2007'01b9   0x1a  Code  Gb  main.o [1]
delay_milis             0x2007'0199   0x20  Code  Gb  main.o [1]
delete_first_node       0x2007'1b47   0x1c  Code  Gb  main.o [1]
display_clear           0x2007'07e3   0x26  Code  Gb  main.o [1]
display_date_time       0x2007'1089   0x70  Code  Gb  main.o [1]
display_graphics_write  0x2007'0a25   0x10  Code  Gb  main.o [1]
display_setup           0x2007'0531   0xb6  Code  Gb  main.o [1]
display_staple_plot     0x2007'0a49   0x6a  Code  Gb  main.o [1]
display_test            0x2007'3729   0x2c  Code  Gb  main.o [1]
display_write           0x2007'08b7   0x5e  Code  Gb  main.o [1]
display_write_direct    0x2007'0965   0x1e  Code  Gb  main.o [1]
display_write_disable_flag
                        0x2007'5710    0x4  Data  Gb  main.o [1]
double_to_str           0x2007'0377   0x7e  Code  Gb  main.o [1]
double_to_str_fixed_length
                        0x2007'03f5   0x9e  Code  Gb  main.o [1]
double_to_temp          0x2007'04b5   0x2c  Code  Gb  main.o [1]
draw_horizontal_line    0x2007'0ab3   0x4e  Code  Gb  main.o [1]
draw_temp_value         0x2007'0c49   0x7c  Code  Gb  main.o [1]
draw_values             0x2007'0b6f   0xda  Code  Gb  main.o [1]
draw_vertical_line      0x2007'0b01   0x6e  Code  Gb  main.o [1]
edit_user               0x2007'3051   0xf4  Code  Gb  main.o [1]
edit_user_text          0x2007'5420   0x20  Data  Gb  main.o [1]
edit_user_text_length   0x2007'54a8    0x4  Data  Gb  main.o [1]
exit                    0x2007'5011    0x4  Code  Gb  exit.o [2]
fast_mode_flag          0x2007'5718    0x4  Data  Gb  main.o [1]
finalize_hash           0x2007'2b51   0x3e  Code  Lc  main.o [1]
free                    0x2007'4e09    0x4  Code  Gb  heaptramp0.o [2]
full_setup              0x2007'3f45   0x6c  Code  Gb  main.o [1]
general_delay           0x2007'01d5    0xe  Code  Gb  main.o [1]
get_keypad_key          0x2007'0cd5   0xac  Code  Gb  main.o [1]
get_light_rotation_data
                        0x2007'1f8f   0x42  Code  Gb  main.o [1]
get_node_temps          0x2007'050b   0x26  Code  Gb  main.o [1]
get_num_mes_per_min     0x2007'345d   0x4c  Code  Gb  main.o [1]
get_temp                0x2007'1c6d   0x4c  Code  Gb  main.o [1]
get_user_input          0x2007'0d85   0x2e  Code  Gb  main.o [1]
graph_data_test         0x2007'3575  0x150  Code  Gb  main.o [1]
hash_password           0x2007'3175   0x26  Code  Gb  main.o [1]
hash_test               0x2007'3791  0x2cc  Code  Gb  main.o [1]
head                    0x2007'5778    0x4  Data  Gb  main.o [1]
init_buffer             0x2007'23bb   0x1a  Code  Lc  main.o [1]
init_date_time          0x2007'0e65    0xa  Code  Gb  main.o [1]
int_to_str              0x2007'02f9   0x3e  Code  Gb  main.o [1]
int_to_str_fixed_length
                        0x2007'0337   0x40  Code  Gb  main.o [1]
keypad_setup            0x2007'0dd5   0x8a  Code  Gb  main.o [1]
keypad_test             0x2007'3a69  0x1d8  Code  Gb  main.o [1]
last_servo_update       0x2007'5724    0x4  Data  Gb  main.o [1]
last_temp_measure       0x2007'57a8    0x4  Data  Gb  main.o [1]
leap_feb                0x2007'5418    0x4  Data  Gb  main.o [1]
light_measure           0x2007'1ee9   0x3c  Code  Gb  main.o [1]
light_rotation_data     0x2007'5558  0x120  Data  Gb  main.o [1]
light_sens_ch1_ready    0x2007'5730    0x4  Data  Gb  main.o [1]
light_sens_ch2_ready    0x2007'5734    0x4  Data  Gb  main.o [1]
light_sensor_test       0x2007'3c41   0x9c  Code  Gb  main.o [1]
light_to_volt_coefficcient
                        0x2007'5478    0x8  Data  Gb  main.o [1]
list_size               0x2007'5780    0x4  Data  Gb  main.o [1]
login                   0x2007'2e09   0xee  Code  Gb  main.o [1]
login_get_user_input    0x2007'2f09   0xa2  Code  Gb  main.o [1]
login_init              0x2007'2bc9   0xb8  Code  Gb  main.o [1]
login_pass_str          0x2007'5468    0xc  Data  Gb  main.o [1]
login_text              0x2007'5440   0x1c  Data  Gb  main.o [1]
login_text_length       0x2007'5410    0x4  Data  Gb  main.o [1]
login_user_str          0x2007'545c    0xc  Data  Gb  main.o [1]
loopCount               0x2007'57bc    0x4  Data  Gb  main.o [1]
main                    0x2007'3d21  0x21c  Code  Gb  main.o [1]
main_menu               0x2007'319b   0xd0  Code  Gb  main.o [1]
maximum_list_size       0x2007'57b4    0x4  Data  Gb  main.o [1]
md5_definitive_hash     0x2007'202d   0x2e  Code  Lc  main.o [1]
md5_hash                0x2007'2205  0x17a  Code  Lc  main.o [1]
md5_itterating_hash     0x2007'214d   0xb8  Code  Lc  main.o [1]
md5_salt_hash           0x2007'205b   0xf2  Code  Lc  main.o [1]
measure_temp_flag       0x2007'57a4    0x4  Data  Gb  main.o [1]
measures_per_min        0x2007'54b0    0x4  Data  Gb  main.o [1]
mem_full_flag           0x2007'57b8    0x4  Data  Gb  main.o [1]
mem_write               0x2007'04f7   0x14  Code  Gb  main.o [1]
menu_type               0x2007'5714    0x4  Data  Gb  main.o [1]
microseconds            0x2007'56e0    0x8  Data  Gb  main.o [1]
month_days              0x2007'4f5c   0x30  Data  Gb  main.o [1]
new_day_flag            0x2007'57a0    0x4  Data  Gb  main.o [1]
new_minute_flag         0x2007'57ac    0x4  Data  Gb  main.o [1]
num_of_measurements     0x2007'579c    0x4  Data  Gb  main.o [1]
num_saved_day_data      0x2007'5790    0x4  Data  Gb  main.o [1]
password                0x2007'5764    0x4  Data  Gb  main.o [1]
pre_login               0x2007'575c    0x4  Data  Gb  main.o [1]
pre_password            0x2007'5754    0x4  Data  Gb  main.o [1]
pre_username            0x2007'5758    0x4  Data  Gb  main.o [1]
prev_keypad_key         0x2007'573c    0x4  Data  Gb  main.o [1]
prev_servo_call         0x2007'5720    0x4  Data  Gb  main.o [1]
previous_hour           0x2007'57c7    0x1  Data  Gb  main.o [1]
previous_minute         0x2007'57c6    0x1  Data  Gb  main.o [1]
print_day_data          0x2007'1805   0xae  Code  Gb  main.o [1]
process_hash            0x2007'249d  0x6a6  Code  Lc  main.o [1]
pwm_setup               0x2007'1f25   0x44  Code  Gb  main.o [1]
reverse_str             0x2007'02dd   0x1c  Code  Gb  main.o [1]
rowsArr                 0x2007'5480    0x8  Data  Gb  main.o [1]
saved_day_temp_data     0x2007'5788    0x4  Data  Gb  main.o [1]
screen_date             0x2007'5688   0x10  Data  Gb  main.o [1]
screen_password         0x2007'5744    0x4  Data  Gb  main.o [1]
screen_post_login       0x2007'2d9f   0x6a  Code  Gb  main.o [1]
screen_pre_login        0x2007'2c89  0x116  Code  Gb  main.o [1]
screen_time             0x2007'5678   0x10  Data  Gb  main.o [1]
screen_username         0x2007'5740    0x4  Data  Gb  main.o [1]
servo_get_position      0x2007'1f87    0x8  Code  Gb  main.o [1]
servo_motor_test        0x2007'36f5   0x2c  Code  Gb  main.o [1]
servo_position          0x2007'56a8    0x8  Data  Gb  main.o [1]
servo_set_position      0x2007'1f69   0x1e  Code  Gb  main.o [1]
set_cursor              0x2007'077b   0x2c  Code  Gb  main.o [1]
set_cursor_graph        0x2007'09db   0x4a  Code  Gb  main.o [1]
set_day_statistics      0x2007'4119   0x44  Code  Gb  main.o [1]
set_servo_flag          0x2007'571c    0x4  Data  Gb  main.o [1]
set_timedate            0x2007'0e81  0x202  Code  Gb  main.o [1]
set_to_max_light        0x2007'1fd1   0x3e  Code  Gb  main.o [1]
sidebar_menu            0x2007'32e3  0x150  Code  Gb  main.o [1]
start_pulse             0x2007'1bf1   0x3e  Code  Gb  main.o [1]
startup_alloc           0x2007'3fb9   0x48  Code  Gb  main.o [1]
startup_flag            0x2007'5474    0x4  Data  Gb  main.o [1]
str_concat              0x2007'0493   0x14  Code  Gb  main.o [1]
syst                    0x2007'5494    0x4  Data  Gb  main.o [1]
systick_delay           0x2007'5728    0x4  Data  Gb  main.o [1]
systick_setup           0x2007'017f   0x18  Code  Gb  main.o [1]
systick_trigger         0x2007'572c    0x4  Data  Gb  main.o [1]
tail                    0x2007'577c    0x4  Data  Gb  main.o [1]
tcDelta                 0x2007'56d8    0x8  Data  Gb  main.o [1]
temp_alarm_flag         0x2007'56a4    0x4  Data  Gb  main.o [1]
temp_display_alarm      0x2007'1db5   0x50  Code  Gb  main.o [1]
temp_minute_avg         0x2007'5700    0x8  Data  Gb  main.o [1]
temp_minute_count       0x2007'57b0    0x4  Data  Gb  main.o [1]
temp_rdy_flag           0x2007'5738    0x4  Data  Gb  main.o [1]
temp_reset              0x2007'1c35   0x20  Code  Gb  main.o [1]
temp_setup              0x2007'1c61    0xc  Code  Gb  main.o [1]
temp_to_double          0x2007'04e1   0x16  Code  Gb  main.o [1]
temperature_alarm       0x2007'1cc5   0xf0  Code  Gb  main.o [1]
temperature_sensor_test
                        0x2007'36c5   0x2c  Code  Gb  main.o [1]
test_day_temp_data      0x2007'578c    0x4  Data  Gb  main.o [1]
testmode_menu           0x2007'34c5   0x82  Code  Gb  main.o [1]
time_config_flag        0x2007'54ac    0x4  Data  Gb  main.o [1]
time_hm_to_string       0x2007'02af   0x2e  Code  Gb  main.o [1]
time_str                0x2007'56e8    0x8  Data  Gb  main.o [1]
time_to_str             0x2007'147d   0x3e  Code  Gb  main.o [1]
timer_counter_setup     0x2007'1b75   0x6e  Code  Gb  main.o [1]
toggle_fastmode         0x2007'14fd   0x50  Code  Gb  main.o [1]
toggle_graphics_mode    0x2007'099d   0x3e  Code  Gb  main.o [1]
u_char_copy_erase       0x2007'2b9f   0x18  Code  Lc  main.o [1]
u_char_erase            0x2007'2b8f   0x10  Code  Lc  main.o [1]
u_int32_erase           0x2007'2bb7   0x12  Code  Lc  main.o [1]
update_avg_min_max      0x2007'15d5  0x170  Code  Gb  main.o [1]
update_statistics       0x2007'154d   0x1c  Code  Gb  main.o [1]
username                0x2007'5760    0x4  Data  Gb  main.o [1]
users                   0x2007'574c    0x4  Data  Gb  main.o [1]
usr_pass_str_length     0x2007'5414    0x4  Data  Gb  main.o [1]
validate_login          0x2007'2fab   0x76  Code  Gb  main.o [1]
var_sum1                0x2007'56f0    0x8  Data  Gb  main.o [1]
var_sum2                0x2007'56f8    0x8  Data  Gb  main.o [1]
write_blank_to_display  0x2007'07a7   0x3c  Code  Gb  main.o [1]
write_string_to_display
                        0x2007'0915   0x50  Code  Gb  main.o [1]
zero_date               0x2007'5774    0x4  Data  Gb  main.o [1]
zero_time               0x2007'5770    0x4  Data  Gb  main.o [1]


[1] = C:\Users\Elias\Documents\IAR Embedded Workbench\CSE_GR18_Project\Debug\Obj
[2] = dl7M_tln.a
[3] = m7M_tl.a
[4] = rt7M_tl.a
[5] = shb_l.a

  20'238 bytes of readonly  code memory
   1'450 bytes of readonly  data memory
  13'068 bytes of readwrite data memory

Errors: none
Warnings: none
