###############################################################################
#
# IAR ELF Linker V8.50.1.245/W32 for ARM                  17/Dec/2020  18:43:09
# Copyright 2007-2020 IAR Systems AB.
#
#    Output file  =
#        C:\Users\Elias\Documents\IAR Embedded
#        Workbench\CSE_GR18_Project\Debug\Exe\CSE_GR18_Project.out
#    Map file     =
#        C:\Users\Elias\Documents\IAR Embedded
#        Workbench\CSE_GR18_Project\Debug\List\CSE_GR18_Project.map
#    Command line =
#        -f C:\Users\Elias\AppData\Local\Temp\EW195E.tmp
#        ("C:\Users\Elias\Documents\IAR Embedded
#        Workbench\CSE_GR18_Project\Debug\Obj\cstartup.o"
#        "C:\Users\Elias\Documents\IAR Embedded
#        Workbench\CSE_GR18_Project\Debug\Obj\exceptions.o"
#        "C:\Users\Elias\Documents\IAR Embedded
#        Workbench\CSE_GR18_Project\Debug\Obj\main.o"
#        "C:\Users\Elias\Documents\IAR Embedded
#        Workbench\CSE_GR18_Project\Debug\Obj\startup_sam3x.o"
#        "C:\Users\Elias\Documents\IAR Embedded
#        Workbench\CSE_GR18_Project\Debug\Obj\system_sam3x.o"
#        --no_out_extension -o "C:\Users\Elias\Documents\IAR Embedded
#        Workbench\CSE_GR18_Project\Debug\Exe\CSE_GR18_Project.out" --redirect
#        _Printf=_PrintfFullNoMb --redirect _Scanf=_ScanfFullNoMb --map
#        "C:\Users\Elias\Documents\IAR Embedded
#        Workbench\CSE_GR18_Project\Debug\List\CSE_GR18_Project.map" --config
#        "C:\Program Files (x86)\IAR Systems\Embedded Workbench
#        8.4\arm\config\linker\Microchip\sam3x8\sram.icf" --semihosting --entry
#        __iar_program_start --vfe --text_out locale)
#
###############################################################################

*******************************************************************************
*** RUNTIME MODEL ATTRIBUTES
***

CppFlavor       = *
__Heap_Handler  = Basic
__SystemLibrary = DLib
__dlib_version  = 6


*******************************************************************************
*** HEAP SELECTION
***

The basic heap was selected because some modules are built with
size limitations (and not runtime checking), and --advanced_heap
was not specified.


*******************************************************************************
*** PLACEMENT SUMMARY
***

"A0":  place at address 0x2007'0000 { ro section .intvec };
"P1":  place in [from 0x2007'0000 to 0x2008'7fff] { ro };
define block CSTACK with size = 4K, alignment = 8 { };
define block HEAP with size = 8K, alignment = 8 { };
"P2":  place in [from 0x2007'0000 to 0x2008'7fff] {
          rw, block CSTACK, block HEAP };
initialize by copy with packing = copy, complex ranges { rw };

  Section            Kind         Address    Size  Object
  -------            ----         -------    ----  ------
"A0":                                        0xf4
  .intvec                     0x2007'0000    0xf4  <Block>
    .intvec          const    0x2007'0000    0xf4  startup_sam3x.o [1]
                            - 0x2007'00f4    0xf4

"P1-P2", part 1 of 3:                      0x2d60
  .text              ro code  0x2007'00f4  0x1e98  main.o [1]
  .text              ro code  0x2007'1f8c    0x3a  DblToS32.o [3]
  .text              ro code  0x2007'1fc6    0x3a  zero_init3.o [4]
  .text              ro code  0x2007'2000    0x22  S32ToDbl.o [3]
  .text              ro code  0x2007'2022    0x2e  copy_init3.o [4]
  .text              ro code  0x2007'2050    0xe2  DblSub.o [3]
  .text              ro code  0x2007'2132     0x2  exceptions.o [1]
  .text              ro code  0x2007'2134   0x1a2  DblMul.o [3]
  .text              ro code  0x2007'22d8    0x86  ABImemcpy.o [4]
  .text              ro code  0x2007'2360   0x246  DblDiv.o [3]
  .text              ro code  0x2007'25a8   0x17a  DblAdd.o [3]
  .text              ro code  0x2007'2724    0x2e  DblCmpGe.o [3]
  .text              ro code  0x2007'2754    0x2e  DblCmpLe.o [3]
  .text              ro code  0x2007'2784    0x1a  U32ToDbl.o [3]
  .text              ro code  0x2007'27a0   0x13c  heap0.o [2]
  .text              ro code  0x2007'28dc     0x4  heaptramp0.o [2]
  .text              ro code  0x2007'28e0    0xa0  system_sam3x.o [1]
  .text              ro code  0x2007'2980    0x2c  xgetmemchunk.o [2]
  .rodata            const    0x2007'29ac   0x100  main.o [1]
  .rodata            const    0x2007'2aac    0x80  main.o [1]
  .text              ro code  0x2007'2b2c    0x30  startup_sam3x.o [1]
  .text              ro code  0x2007'2b5c     0xc  cstartup.o [1]
  .text              ro code  0x2007'2b68    0x1e  cmain.o [4]
  .text              ro code  0x2007'2b88    0x28  data_init.o [4]
  .text              ro code  0x2007'2bb0     0x4  exit.o [2]
  .text              ro code  0x2007'2bb4     0xa  cexit.o [4]
  .text              ro code  0x2007'2bc0    0x14  exit.o [5]
  .rodata            const    0x2007'2bd4    0x2c  main.o [1]
  .iar.init_table    const    0x2007'2c00    0x24  - Linker created -
  .rodata            const    0x2007'2c24    0x20  main.o [1]
  .rodata            const    0x2007'2c44    0x18  main.o [1]
  .rodata            const    0x2007'2c5c    0x18  main.o [1]
  .rodata            const    0x2007'2c74    0x18  main.o [1]
  .rodata            const    0x2007'2c8c    0x18  main.o [1]
  .rodata            const    0x2007'2ca4    0x10  main.o [1]
  .rodata            const    0x2007'2cb4     0x4  main.o [1]
  .rodata            const    0x2007'2cb8     0x4  main.o [1]
  .rodata            const    0x2007'2cbc     0x0  zero_init3.o [4]
  .rodata            const    0x2007'2cbc     0x0  copy_init3.o [4]
  P1-P2 s0                    0x2007'2cc0    0xcc  <Init block>
    .data            inited   0x2007'2cc0    0x40  main.o [1]
    .data            inited   0x2007'2d00    0x20  main.o [1]
    .data            inited   0x2007'2d20    0x1c  main.o [1]
    .data            inited   0x2007'2d3c     0xc  main.o [1]
    .data            inited   0x2007'2d48     0xc  main.o [1]
    .data            inited   0x2007'2d54     0x4  main.o [1]
    .data            inited   0x2007'2d58     0x8  main.o [1]
    .data            inited   0x2007'2d60     0x8  main.o [1]
    .data            inited   0x2007'2d68     0x8  main.o [1]
    .data            inited   0x2007'2d70     0x4  main.o [1]
    .data            inited   0x2007'2d74     0x4  main.o [1]
    .data            inited   0x2007'2d78     0x4  main.o [1]
    .data            inited   0x2007'2d7c     0x4  main.o [1]
    .data            inited   0x2007'2d80     0x4  main.o [1]
    .data            inited   0x2007'2d84     0x4  system_sam3x.o [1]
  Initializer bytes  const    0x2007'2d88    0xcc  <for P1-P2 s0> (used: 0xc8)
                            - 0x2007'2e54  0x2d60

"P1-P2", part 2 of 3:                       0x1bc
  .bss               zero     0x2007'2e58   0x120  main.o [1]
  .bss               zero     0x2007'2f78     0x8  main.o [1]
  .bss               zero     0x2007'2f80     0x8  main.o [1]
  .bss               zero     0x2007'2f88     0x8  main.o [1]
  .bss               zero     0x2007'2f90     0x8  main.o [1]
  .bss               zero     0x2007'2f98     0x8  main.o [1]
  .bss               zero     0x2007'2fa0     0x8  main.o [1]
  .bss               zero     0x2007'2fa8     0x8  main.o [1]
  .bss               zero     0x2007'2fb0     0x8  main.o [1]
  .bss               zero     0x2007'2fb8     0x8  heap0.o [2]
  .bss               zero     0x2007'2fc0     0x4  main.o [1]
  .bss               zero     0x2007'2fc4     0x4  main.o [1]
  .bss               zero     0x2007'2fc8     0x4  main.o [1]
  .bss               zero     0x2007'2fcc     0x4  main.o [1]
  .bss               zero     0x2007'2fd0     0x4  main.o [1]
  .bss               zero     0x2007'2fd4     0x4  main.o [1]
  .bss               zero     0x2007'2fd8     0x4  main.o [1]
  .bss               zero     0x2007'2fdc     0x4  main.o [1]
  .bss               zero     0x2007'2fe0     0x4  main.o [1]
  .bss               zero     0x2007'2fe4     0x4  main.o [1]
  .bss               zero     0x2007'2fe8     0x4  main.o [1]
  .bss               zero     0x2007'2fec     0x4  main.o [1]
  .bss               zero     0x2007'2ff0     0x4  main.o [1]
  .bss               zero     0x2007'2ff4     0x4  main.o [1]
  .bss               zero     0x2007'2ff8     0x4  main.o [1]
  .bss               zero     0x2007'2ffc     0x4  main.o [1]
  .bss               zero     0x2007'3000     0x4  main.o [1]
  .bss               zero     0x2007'3004     0x4  main.o [1]
  .bss               zero     0x2007'3008     0x4  main.o [1]
  .bss               zero     0x2007'300c     0x4  xgetmemchunk.o [2]
                            - 0x2007'3010   0x1bc

"P1-P2", part 3 of 3:                      0x3000
  CSTACK                      0x2007'3010  0x1000  <Block>
    CSTACK           uninit   0x2007'3010  0x1000  <Block tail>
  HEAP                        0x2007'4010  0x2000  <Block>
    HEAP             uninit   0x2007'4010  0x2000  <Block tail>
                            - 0x2007'6010  0x3000

Unused ranges:

         From           To      Size
         ----           --      ----
  0x2007'6010  0x2008'7fff  0x1'1ff0


*******************************************************************************
*** INIT TABLE
***

          Address      Size
          -------      ----
Zero (__iar_zero_init3)
    1 destination range, total size 0x1b8:
          0x2007'2e58  0x1b8

Copy (__iar_copy_init3)
    1 source range, total size 0xcc (102% of destination):
          0x2007'2d88   0xcc
    1 destination range, total size 0xc8:
          0x2007'2cc0   0xc8



*******************************************************************************
*** MODULE SUMMARY
***

    Module           ro code  ro data  rw data
    ------           -------  -------  -------
command line/config:
    ------------------------------------------
    Total:

C:\Users\Elias\Documents\IAR Embedded Workbench\CSE_GR18_Project\Debug\Obj: [1]
    cstartup.o            12
    exceptions.o           2
    main.o             7'832      776      624
    startup_sam3x.o       48      244
    system_sam3x.o       160        4        4
    ------------------------------------------
    Total:             8'054    1'024      628

dl7M_tln.a: [2]
    exit.o                 4
    heap0.o              316                 8
    heaptramp0.o           4
    xgetmemchunk.o        44                 4
    ------------------------------------------
    Total:               368                12

m7M_tl.a: [3]
    DblAdd.o             378
    DblCmpGe.o            46
    DblCmpLe.o            46
    DblDiv.o             582
    DblMul.o             418
    DblSub.o             226
    DblToS32.o            58
    S32ToDbl.o            34
    U32ToDbl.o            26
    ------------------------------------------
    Total:             1'814

rt7M_tl.a: [4]
    ABImemcpy.o          134
    cexit.o               10
    cmain.o               30
    copy_init3.o          46
    data_init.o           40
    zero_init3.o          58
    ------------------------------------------
    Total:               318

shb_l.a: [5]
    exit.o                20
    ------------------------------------------
    Total:                20

    Gaps                  18                 4
    Linker created                 40   12'288
----------------------------------------------
    Grand Total:      10'592    1'064   12'932


*******************************************************************************
*** ENTRY LIST
***

Entry                       Address   Size  Type      Object
-----                       -------   ----  ----      ------
.iar.init_table$$Base   0x2007'2c00          --   Gb  - Linker created -
.iar.init_table$$Limit  0x2007'2c24          --   Gb  - Linker created -
.intvec$$Base           0x2007'0000          --   Gb  - Linker created -
.intvec$$Limit          0x2007'00f4          --   Gb  - Linker created -
?main                   0x2007'2b69         Code  Gb  cmain.o [4]
ADC_Handler             0x2007'0215   0x3e  Code  Gb  main.o [1]
Aldata                  0x2007'2fb8    0x8  Data  Lc  heap0.o [2]
BusFault_Handler        0x2007'2133    0x2  Code  Wk  exceptions.o [1]
CAN0_Handler            0x2007'2133    0x2  Code  Wk  exceptions.o [1]
CAN1_Handler            0x2007'2133    0x2  Code  Wk  exceptions.o [1]
CSTACK$$Base            0x2007'3010          --   Gb  - Linker created -
CSTACK$$Limit           0x2007'4010          --   Gb  - Linker created -
DACC_Handler            0x2007'2133    0x2  Code  Wk  exceptions.o [1]
DMAC_Handler            0x2007'2133    0x2  Code  Wk  exceptions.o [1]
DebugMon_Handler        0x2007'2133    0x2  Code  Wk  exceptions.o [1]
Dummy_Handler           0x2007'2133    0x2  Code  Gb  exceptions.o [1]
EFC0_Handler            0x2007'2133    0x2  Code  Wk  exceptions.o [1]
EFC1_Handler            0x2007'2133    0x2  Code  Wk  exceptions.o [1]
HEAP$$Base              0x2007'4010          --   Gb  - Linker created -
HEAP$$Limit             0x2007'6010          --   Gb  - Linker created -
HSMCI_Handler           0x2007'2133    0x2  Code  Wk  exceptions.o [1]
HardFault_Handler       0x2007'2133    0x2  Code  Wk  exceptions.o [1]
Init_Display            0x2007'05dd   0x92  Code  Gb  main.o [1]
MD5_HASH                0x2007'0fa1   0x60  Code  Gb  main.o [1]
MD5_init                0x2007'1001   0x42  Code  Gb  main.o [1]
MemManage_Handler       0x2007'2133    0x2  Code  Wk  exceptions.o [1]
NMI_Handler             0x2007'2133    0x2  Code  Wk  exceptions.o [1]
NVIC_ClearPendingIRQ    0x2007'010b   0x16  Code  Lc  main.o [1]
NVIC_EnableIRQ          0x2007'00f5   0x16  Code  Lc  main.o [1]
NVIC_SetPriority        0x2007'0121   0x28  Code  Lc  main.o [1]
PIOA_Handler            0x2007'2133    0x2  Code  Wk  exceptions.o [1]
PIOB_Handler            0x2007'2133    0x2  Code  Wk  exceptions.o [1]
PIOC_Handler            0x2007'2133    0x2  Code  Wk  exceptions.o [1]
PIOD_Handler            0x2007'2133    0x2  Code  Wk  exceptions.o [1]
PMC_Handler             0x2007'2133    0x2  Code  Wk  exceptions.o [1]
PWM_Handler             0x2007'2133    0x2  Code  Wk  exceptions.o [1]
PendSV_Handler          0x2007'2133    0x2  Code  Wk  exceptions.o [1]
RSTC_Handler            0x2007'2133    0x2  Code  Wk  exceptions.o [1]
RTC_Handler             0x2007'2133    0x2  Code  Wk  exceptions.o [1]
RTT_Handler             0x2007'2133    0x2  Code  Wk  exceptions.o [1]
Read_Status_Display     0x2007'066f   0x5a  Code  Gb  main.o [1]
Region$$Table$$Base     0x2007'2c00          --   Gb  - Linker created -
Region$$Table$$Limit    0x2007'2c24          --   Gb  - Linker created -
Reset_Handler           0x2007'2b55    0x8  Code  Gb  startup_sam3x.o [1]
SPI0_Handler            0x2007'2133    0x2  Code  Wk  exceptions.o [1]
SSC_Handler             0x2007'2133    0x2  Code  Wk  exceptions.o [1]
SUPC_Handler            0x2007'2133    0x2  Code  Wk  exceptions.o [1]
SVC_Handler             0x2007'2133    0x2  Code  Wk  exceptions.o [1]
SysTick_Config          0x2007'0149   0x36  Code  Lc  main.o [1]
SysTick_Handler         0x2007'01f5   0x20  Code  Gb  main.o [1]
SystemCoreClock         0x2007'2d84    0x4  Data  Gb  system_sam3x.o [1]
SystemInit              0x2007'28e1   0x70  Code  Gb  system_sam3x.o [1]
TC0_Handler             0x2007'01e3   0x12  Code  Gb  main.o [1]
TC1_Handler             0x2007'2133    0x2  Code  Wk  exceptions.o [1]
TC2_Handler             0x2007'2133    0x2  Code  Wk  exceptions.o [1]
TC3_Handler             0x2007'2133    0x2  Code  Wk  exceptions.o [1]
TC4_Handler             0x2007'2133    0x2  Code  Wk  exceptions.o [1]
TC5_Handler             0x2007'2133    0x2  Code  Wk  exceptions.o [1]
TRNG_Handler            0x2007'2133    0x2  Code  Wk  exceptions.o [1]
TWI0_Handler            0x2007'2133    0x2  Code  Wk  exceptions.o [1]
TWI1_Handler            0x2007'2133    0x2  Code  Wk  exceptions.o [1]
UART_Handler            0x2007'2133    0x2  Code  Wk  exceptions.o [1]
UOTGHS_Handler          0x2007'2133    0x2  Code  Wk  exceptions.o [1]
USART0_Handler          0x2007'2133    0x2  Code  Wk  exceptions.o [1]
USART1_Handler          0x2007'2133    0x2  Code  Wk  exceptions.o [1]
USART2_Handler          0x2007'2133    0x2  Code  Wk  exceptions.o [1]
UsageFault_Handler      0x2007'2133    0x2  Code  Wk  exceptions.o [1]
WDT_Handler             0x2007'2133    0x2  Code  Wk  exceptions.o [1]
Write_Command_2_Display
                        0x2007'0727   0x5e  Code  Gb  main.o [1]
Write_Data_2_Display    0x2007'06c9   0x5e  Code  Gb  main.o [1]
__aeabi_cdcmple         0x2007'2755         Code  Gb  DblCmpLe.o [3]
__aeabi_cdrcmple        0x2007'2725         Code  Gb  DblCmpGe.o [3]
__aeabi_d2iz            0x2007'1f8d         Code  Gb  DblToS32.o [3]
__aeabi_dadd            0x2007'25a9         Code  Gb  DblAdd.o [3]
__aeabi_ddiv            0x2007'2361         Code  Gb  DblDiv.o [3]
__aeabi_dmul            0x2007'2135         Code  Gb  DblMul.o [3]
__aeabi_dsub            0x2007'2051         Code  Gb  DblSub.o [3]
__aeabi_i2d             0x2007'2001         Code  Gb  S32ToDbl.o [3]
__aeabi_memcpy4         0x2007'22d9         Code  Gb  ABImemcpy.o [4]
__aeabi_memcpy8         0x2007'22d9         Code  Gb  ABImemcpy.o [4]
__aeabi_ui2d            0x2007'2785         Code  Gb  U32ToDbl.o [3]
__basic_free            0x2007'284d   0x16  Code  Gb  heap0.o [2]
__basic_free_intern     0x2007'2863   0x74  Code  Lc  heap0.o [2]
__basic_malloc          0x2007'27a1   0x18  Code  Gb  heap0.o [2]
__basic_malloc_intern   0x2007'27b9   0x94  Code  Lc  heap0.o [2]
__cmain                 0x2007'2b69         Code  Gb  cmain.o [4]
__data_GetMemChunk      0x2007'2981   0x2c  Code  Gb  xgetmemchunk.o [2]
__data_GetMemChunk::start
                        0x2007'300c    0x4  Data  Lc  xgetmemchunk.o [2]
__exit                  0x2007'2bc1   0x14  Code  Gb  exit.o [5]
__iar_copy_init3        0x2007'2023   0x2e  Code  Gb  copy_init3.o [4]
__iar_dadd              0x2007'2061         Code  Gb  DblSub.o [3]
__iar_data_init3        0x2007'2b89   0x28  Code  Gb  data_init.o [4]
__iar_dsub              0x2007'25b9         Code  Gb  DblAdd.o [3]
__iar_dsubStart         0x2007'25cb         Code  Gb  DblAdd.o [3]
__iar_program_start     0x2007'2b5d         Code  Gb  cstartup.o [1]
__iar_zero_init3        0x2007'1fc7   0x3a  Code  Gb  zero_init3.o [4]
__low_level_init        0x2007'2b2d   0x20  Code  Gb  startup_sam3x.o [1]
__vector_table          0x2007'0000   0xf4  Data  Gb  startup_sam3x.o [1]
_call_main              0x2007'2b75         Code  Gb  cmain.o [4]
_exit                   0x2007'2bb5         Code  Gb  cexit.o [4]
_main                   0x2007'2b83         Code  Gb  cmain.o [4]
adc_CDR1_value          0x2007'2f80    0x8  Data  Gb  main.o [1]
adc_CDR2_value          0x2007'2f88    0x8  Data  Gb  main.o [1]
adc_ch1_voltage         0x2007'2f90    0x8  Data  Gb  main.o [1]
adc_ch2_voltage         0x2007'2f98    0x8  Data  Gb  main.o [1]
adc_measure             0x2007'0dbd   0x8c  Code  Gb  main.o [1]
adc_setup               0x2007'0d61   0x52  Code  Gb  main.o [1]
char_array_erase        0x2007'0519    0xe  Code  Gb  main.o [1]
char_to_longInt_array_conversion
                        0x2007'10cd   0x38  Code  Lc  main.o [1]
clear                   0x2007'0815   0x44  Code  Gb  main.o [1]
colsArr                 0x2007'2d68    0x8  Data  Gb  main.o [1]
convert_to_scord        0x2007'0859   0x40  Code  Gb  main.o [1]
create_screen_element   0x2007'0899   0x2a  Code  Gb  main.o [1]
curr_temp               0x2007'2fa0    0x8  Data  Gb  main.o [1]
current_user            0x2007'2ff0    0x4  Data  Gb  main.o [1]
date_to_string          0x2007'02f7   0x3e  Code  Gb  main.o [1]
day_temp_data_test      0x2007'1e47   0x9e  Code  Gb  main.o [1]
day_temp_data_to_string
                        0x2007'0253   0xa4  Code  Gb  main.o [1]
def_pass_len            0x2007'2d7c    0x4  Data  Gb  main.o [1]
def_us_len              0x2007'2d78    0x4  Data  Gb  main.o [1]
default_password        0x2007'2d74    0x4  Data  Gb  main.o [1]
default_user            0x2007'2fe8    0x4  Data  Gb  main.o [1]
default_username        0x2007'2d70    0x4  Data  Gb  main.o [1]
delay_micro             0x2007'01b9   0x1a  Code  Gb  main.o [1]
delay_milis             0x2007'0199   0x20  Code  Gb  main.o [1]
display_clear           0x2007'07ef   0x26  Code  Gb  main.o [1]
display_setup           0x2007'0527   0xb6  Code  Gb  main.o [1]
display_write           0x2007'08c3   0x5e  Code  Gb  main.o [1]
display_write_disable_flag
                        0x2007'2fc4    0x4  Data  Gb  main.o [1]
double_to_str           0x2007'03fd   0x7e  Code  Gb  main.o [1]
double_to_str_fixed_length
                        0x2007'047b   0x9e  Code  Gb  main.o [1]
edit_user               0x2007'1bd5   0xb8  Code  Gb  main.o [1]
edit_user_text          0x2007'2d00   0x20  Data  Gb  main.o [1]
edit_user_text_length   0x2007'2d80    0x4  Data  Gb  main.o [1]
exit                    0x2007'2bb1    0x4  Code  Gb  exit.o [2]
free                    0x2007'28dd    0x4  Code  Gb  heaptramp0.o [2]
full_setup              0x2007'1e09   0x3e  Code  Gb  main.o [1]
general_delay           0x2007'01d5    0xe  Code  Gb  main.o [1]
get_keypad_key          0x2007'0971   0xac  Code  Gb  main.o [1]
get_light_rotation_data
                        0x2007'0f01   0x42  Code  Gb  main.o [1]
get_temp                0x2007'0bb1   0x4a  Code  Gb  main.o [1]
hash_password           0x2007'1c9d   0x32  Code  Gb  main.o [1]
int_to_str              0x2007'037f   0x3e  Code  Gb  main.o [1]
int_to_str_fixed_length
                        0x2007'03bd   0x40  Code  Gb  main.o [1]
keypad_setup            0x2007'0a1d   0x92  Code  Gb  main.o [1]
light_measure           0x2007'0e4d   0x3c  Code  Gb  main.o [1]
light_rotation_data     0x2007'2e58  0x120  Data  Gb  main.o [1]
light_sens_ch1_ready    0x2007'2fd4    0x4  Data  Gb  main.o [1]
light_sens_ch2_ready    0x2007'2fd8    0x4  Data  Gb  main.o [1]
light_to_volt_coefficcient
                        0x2007'2d58    0x8  Data  Gb  main.o [1]
login                   0x2007'1999   0xe8  Code  Gb  main.o [1]
login_get_user_input    0x2007'1ab5   0xa2  Code  Gb  main.o [1]
login_init              0x2007'170d   0xae  Code  Gb  main.o [1]
login_pass_str          0x2007'2d48    0xc  Data  Gb  main.o [1]
login_text              0x2007'2d20   0x1c  Data  Gb  main.o [1]
login_text_length       0x2007'2cb4    0x4  Data  Gb  main.o [1]
login_user_str          0x2007'2d3c    0xc  Data  Gb  main.o [1]
loopCount               0x2007'3008    0x4  Data  Gb  main.o [1]
main                    0x2007'1ccf  0x12e  Code  Gb  main.o [1]
md5_S                   0x2007'2c24   0x20  Data  Gb  main.o [1]
md5_T                   0x2007'29ac  0x100  Data  Gb  main.o [1]
md5_X_I                 0x2007'2aac   0x80  Data  Gb  main.o [1]
md5_append_size         0x2007'16e9    0x2  Code  Lc  main.o [1]
md5_block_transform_state
                        0x2007'1075   0x58  Code  Lc  main.o [1]
md5_copy_arr            0x2007'16eb   0x14  Code  Lc  main.o [1]
md5_encode              0x2007'1105  0x4d8  Code  Lc  main.o [1]
md5_erase_arr           0x2007'16ff    0xe  Code  Lc  main.o [1]
md5_final_encode        0x2007'15e5   0xf2  Code  Gb  main.o [1]
md5_padding             0x2007'2cc0   0x40  Data  Lc  main.o [1]
password                0x2007'3004    0x4  Data  Gb  main.o [1]
pre_login               0x2007'2ffc    0x4  Data  Gb  main.o [1]
pre_password            0x2007'2ff4    0x4  Data  Gb  main.o [1]
pre_username            0x2007'2ff8    0x4  Data  Gb  main.o [1]
prev_servo_call         0x2007'2fc8    0x4  Data  Gb  main.o [1]
pwm_setup               0x2007'0e91   0x44  Code  Gb  main.o [1]
reverse_str             0x2007'0363   0x1c  Code  Gb  main.o [1]
rowsArr                 0x2007'2d60    0x8  Data  Gb  main.o [1]
screen_password         0x2007'2fe4    0x4  Data  Gb  main.o [1]
screen_post_login       0x2007'1901   0x6a  Code  Gb  main.o [1]
screen_pre_login        0x2007'17e5  0x116  Code  Gb  main.o [1]
screen_username         0x2007'2fe0    0x4  Data  Gb  main.o [1]
servo_get_position      0x2007'0ef3    0x8  Code  Gb  main.o [1]
servo_position          0x2007'2f78    0x8  Data  Gb  main.o [1]
servo_set_position      0x2007'0ed5   0x1e  Code  Gb  main.o [1]
set_cursor              0x2007'0785   0x2c  Code  Gb  main.o [1]
set_to_max_light        0x2007'0f4d   0x3e  Code  Gb  main.o [1]
start_pulse             0x2007'0b1d   0x3c  Code  Gb  main.o [1]
syst                    0x2007'2d54    0x4  Data  Gb  main.o [1]
systick_delay           0x2007'2fcc    0x4  Data  Gb  main.o [1]
systick_setup           0x2007'017f   0x18  Code  Gb  main.o [1]
systick_trigger         0x2007'2fd0    0x4  Data  Gb  main.o [1]
tcDelta                 0x2007'2fa8    0x8  Data  Gb  main.o [1]
temp_alarm_flag         0x2007'2fc0    0x4  Data  Gb  main.o [1]
temp_display_alarm      0x2007'0cf5   0x50  Code  Gb  main.o [1]
temp_led_alarm          0x2007'0d49    0x8  Code  Gb  main.o [1]
temp_rdy_flag           0x2007'2fdc    0x4  Data  Gb  main.o [1]
temp_reset              0x2007'0b59   0x20  Code  Gb  main.o [1]
temp_setup              0x2007'0b79   0x38  Code  Gb  main.o [1]
temperature             0x2007'2fb0    0x8  Data  Gb  main.o [1]
temperature_alarm       0x2007'0c09   0xe8  Code  Gb  main.o [1]
time_hm_to_string       0x2007'0335   0x2e  Code  Gb  main.o [1]
timer_counter_setup     0x2007'0aaf   0x6e  Code  Gb  main.o [1]
username                0x2007'3000    0x4  Data  Gb  main.o [1]
users                   0x2007'2fec    0x4  Data  Gb  main.o [1]
usr_pass_str_length     0x2007'2cb8    0x4  Data  Gb  main.o [1]
validate_login          0x2007'1b57   0x74  Code  Gb  main.o [1]
write_blank_to_display  0x2007'07b1   0x3e  Code  Gb  main.o [1]
write_string_to_display
                        0x2007'0921   0x50  Code  Gb  main.o [1]


[1] = C:\Users\Elias\Documents\IAR Embedded Workbench\CSE_GR18_Project\Debug\Obj
[2] = dl7M_tln.a
[3] = m7M_tl.a
[4] = rt7M_tl.a
[5] = shb_l.a

  10'592 bytes of readonly  code memory
   1'064 bytes of readonly  data memory
  12'932 bytes of readwrite data memory

Errors: none
Warnings: none
