###############################################################################
#
# IAR ELF Linker V8.50.1.245/W32 for ARM                  07/Jan/2021  19:48:20
# Copyright 2007-2020 IAR Systems AB.
#
#    Output file  =
#        C:\Users\Elias\Documents\IAR Embedded
#        Workbench\CSE_GR18_Project\Debug\Exe\CSE_GR18_Project.out
#    Map file     =
#        C:\Users\Elias\Documents\IAR Embedded
#        Workbench\CSE_GR18_Project\Debug\List\CSE_GR18_Project.map
#    Command line =
#        -f C:\Users\Elias\AppData\Local\Temp\EW7654.tmp
#        ("C:\Users\Elias\Documents\IAR Embedded
#        Workbench\CSE_GR18_Project\Debug\Obj\cstartup.o"
#        "C:\Users\Elias\Documents\IAR Embedded
#        Workbench\CSE_GR18_Project\Debug\Obj\exceptions.o"
#        "C:\Users\Elias\Documents\IAR Embedded
#        Workbench\CSE_GR18_Project\Debug\Obj\main.o"
#        "C:\Users\Elias\Documents\IAR Embedded
#        Workbench\CSE_GR18_Project\Debug\Obj\startup_sam3x.o"
#        "C:\Users\Elias\Documents\IAR Embedded
#        Workbench\CSE_GR18_Project\Debug\Obj\system_sam3x.o"
#        --no_out_extension -o "C:\Users\Elias\Documents\IAR Embedded
#        Workbench\CSE_GR18_Project\Debug\Exe\CSE_GR18_Project.out" --redirect
#        _Printf=_PrintfFullNoMb --redirect _Scanf=_ScanfFullNoMb --map
#        "C:\Users\Elias\Documents\IAR Embedded
#        Workbench\CSE_GR18_Project\Debug\List\CSE_GR18_Project.map" --config
#        "C:\Program Files (x86)\IAR Systems\Embedded Workbench
#        8.4\arm\config\linker\Microchip\sam3x8\sram.icf" --semihosting --entry
#        __iar_program_start --vfe --text_out locale)
#
###############################################################################

*******************************************************************************
*** RUNTIME MODEL ATTRIBUTES
***

CppFlavor       = *
__Heap_Handler  = Basic
__SystemLibrary = DLib
__dlib_version  = 6


*******************************************************************************
*** HEAP SELECTION
***

The basic heap was selected because some modules are built with
size limitations (and not runtime checking), and --advanced_heap
was not specified.


*******************************************************************************
*** PLACEMENT SUMMARY
***

"A0":  place at address 0x2007'0000 { ro section .intvec };
"P1":  place in [from 0x2007'0000 to 0x2008'7fff] { ro };
define block CSTACK with size = 4K, alignment = 8 { };
define block HEAP with size = 8K, alignment = 8 { };
"P2":  place in [from 0x2007'0000 to 0x2008'7fff] {
          rw, block CSTACK, block HEAP };
initialize by copy with packing = copy, complex ranges { rw };

  Section            Kind         Address    Size  Object
  -------            ----         -------    ----  ------
"A0":                                        0xf4
  .intvec                     0x2007'0000    0xf4  <Block>
    .intvec          const    0x2007'0000    0xf4  startup_sam3x.o [1]
                            - 0x2007'00f4    0xf4

"P1-P2", part 1 of 3:                      0x48c0
  .text              ro code  0x2007'00f4  0x3870  main.o [1]
  .text              ro code  0x2007'3964    0x3a  DblToS32.o [3]
  .text              ro code  0x2007'399e    0x3a  zero_init3.o [4]
  .text              ro code  0x2007'39d8    0x22  S32ToDbl.o [3]
  .text              ro code  0x2007'39fa    0x2e  copy_init3.o [4]
  .text              ro code  0x2007'3a28    0xe2  DblSub.o [3]
  .text              ro code  0x2007'3b0a     0x2  exceptions.o [1]
  .text              ro code  0x2007'3b0c   0x1a2  DblMul.o [3]
  .text              ro code  0x2007'3cb0   0x246  DblDiv.o [3]
  .text              ro code  0x2007'3ef8    0x86  ABImemcpy.o [4]
  .text              ro code  0x2007'3f80    0x2e  DblCmpLe.o [3]
  .text              ro code  0x2007'3fb0   0x17a  DblAdd.o [3]
  .text              ro code  0x2007'412c   0x274  I64DivMod.o [4]
  .text              ro code  0x2007'43a0   0x170  heap0.o [2]
  .text              ro code  0x2007'4510     0x4  heaptramp0.o [2]
  .text              ro code  0x2007'4514    0x2e  DblCmpGe.o [3]
  .text              ro code  0x2007'4544    0x1a  U32ToDbl.o [3]
  .text              ro code  0x2007'4560    0x1e  U64Shr.o [4]
  .text              ro code  0x2007'4580    0xa0  system_sam3x.o [1]
  .text              ro code  0x2007'4620     0x2  I64DivZer.o [4]
  .text              ro code  0x2007'4624    0x2c  xgetmemchunk.o [2]
  .text              ro code  0x2007'4650    0x12  xxmemxmemzero.o [2]
  .rodata            const    0x2007'4664    0x30  main.o [1]
  .text              ro code  0x2007'4694    0x30  startup_sam3x.o [1]
  .text              ro code  0x2007'46c4     0xc  cstartup.o [1]
  .text              ro code  0x2007'46d0    0x1e  cmain.o [4]
  .text              ro code  0x2007'46f0    0x28  data_init.o [4]
  .text              ro code  0x2007'4718     0x4  exit.o [2]
  .text              ro code  0x2007'471c     0xa  cexit.o [4]
  .text              ro code  0x2007'4728    0x14  exit.o [5]
  .iar.init_table    const    0x2007'473c    0x24  - Linker created -
  .rodata            const    0x2007'4760    0x20  main.o [1]
  .rodata            const    0x2007'4780    0x18  main.o [1]
  .rodata            const    0x2007'4798    0x18  main.o [1]
  .rodata            const    0x2007'47b0    0x18  main.o [1]
  .rodata            const    0x2007'47c8    0x14  main.o [1]
  .rodata            const    0x2007'47dc    0x14  main.o [1]
  .rodata            const    0x2007'47f0    0x10  main.o [1]
  .rodata            const    0x2007'4800    0x10  main.o [1]
  .rodata            const    0x2007'4810    0x10  main.o [1]
  .rodata            const    0x2007'4820     0xc  main.o [1]
  .rodata            const    0x2007'482c     0xc  main.o [1]
  .rodata            const    0x2007'4838     0x8  main.o [1]
  .rodata            const    0x2007'4840     0x8  main.o [1]
  .rodata            const    0x2007'4848     0x8  main.o [1]
  .rodata            const    0x2007'4850     0x8  main.o [1]
  .rodata            const    0x2007'4858     0x8  main.o [1]
  .rodata            const    0x2007'4860     0x8  main.o [1]
  .rodata            const    0x2007'4868     0x8  main.o [1]
  .rodata            const    0x2007'4870     0x4  main.o [1]
  .rodata            const    0x2007'4874     0x4  main.o [1]
  .rodata            const    0x2007'4878     0x4  main.o [1]
  .rodata            const    0x2007'487c     0x0  zero_init3.o [4]
  .rodata            const    0x2007'487c     0x0  copy_init3.o [4]
  P1-P2 s0                    0x2007'4880    0x9c  <Init block>
    .data            inited   0x2007'4880    0x20  main.o [1]
    .data            inited   0x2007'48a0    0x1c  main.o [1]
    .data            inited   0x2007'48bc     0xc  main.o [1]
    .data            inited   0x2007'48c8     0xc  main.o [1]
    .data            inited   0x2007'48d4     0x4  main.o [1]
    .data            inited   0x2007'48d8     0x8  main.o [1]
    .data            inited   0x2007'48e0     0x8  main.o [1]
    .data            inited   0x2007'48e8     0x8  main.o [1]
    .data            inited   0x2007'48f0     0x4  main.o [1]
    .data            inited   0x2007'48f4     0x4  main.o [1]
    .data            inited   0x2007'48f8     0x4  main.o [1]
    .data            inited   0x2007'48fc     0x4  main.o [1]
    .data            inited   0x2007'4900     0x4  main.o [1]
    .data            inited   0x2007'4904     0x4  main.o [1]
    .data            inited   0x2007'4908     0x4  main.o [1]
    .data            inited   0x2007'490c     0x4  main.o [1]
    .data            inited   0x2007'4910     0x4  main.o [1]
    .data            inited   0x2007'4914     0x4  system_sam3x.o [1]
  Initializer bytes  const    0x2007'4918    0x9c  <for P1-P2 s0> (used: 0x98)
                            - 0x2007'49b4  0x48c0

"P1-P2", part 2 of 3:                       0x14c
  .bss               zero     0x2007'49b4    0x10  main.o [1]
  .bss               zero     0x2007'49c4    0x10  main.o [1]
  .bss               zero     0x2007'49d4     0xc  main.o [1]
  .bss               zero     0x2007'49e0     0x4  main.o [1]
  .bss               zero     0x2007'49e8     0x8  main.o [1]
  .bss               zero     0x2007'49f0     0x8  main.o [1]
  .bss               zero     0x2007'49f8     0x8  main.o [1]
  .bss               zero     0x2007'4a00     0x8  main.o [1]
  .bss               zero     0x2007'4a08     0x8  main.o [1]
  .bss               zero     0x2007'4a10     0x8  main.o [1]
  .bss               zero     0x2007'4a18     0x8  main.o [1]
  .bss               zero     0x2007'4a20     0x8  main.o [1]
  .bss               zero     0x2007'4a28     0x8  main.o [1]
  .bss               zero     0x2007'4a30     0x8  main.o [1]
  .bss               zero     0x2007'4a38     0x8  main.o [1]
  .bss               zero     0x2007'4a40     0x8  heap0.o [2]
  .bss               zero     0x2007'4a48     0x4  main.o [1]
  .bss               zero     0x2007'4a4c     0x4  main.o [1]
  .bss               zero     0x2007'4a50     0x4  main.o [1]
  .bss               zero     0x2007'4a54     0x4  main.o [1]
  .bss               zero     0x2007'4a58     0x4  main.o [1]
  .bss               zero     0x2007'4a5c     0x4  main.o [1]
  .bss               zero     0x2007'4a60     0x4  main.o [1]
  .bss               zero     0x2007'4a64     0x4  main.o [1]
  .bss               zero     0x2007'4a68     0x4  main.o [1]
  .bss               zero     0x2007'4a6c     0x4  main.o [1]
  .bss               zero     0x2007'4a70     0x4  main.o [1]
  .bss               zero     0x2007'4a74     0x4  main.o [1]
  .bss               zero     0x2007'4a78     0x4  main.o [1]
  .bss               zero     0x2007'4a7c     0x4  main.o [1]
  .bss               zero     0x2007'4a80     0x4  main.o [1]
  .bss               zero     0x2007'4a84     0x4  main.o [1]
  .bss               zero     0x2007'4a88     0x4  main.o [1]
  .bss               zero     0x2007'4a8c     0x4  main.o [1]
  .bss               zero     0x2007'4a90     0x4  main.o [1]
  .bss               zero     0x2007'4a94     0x4  main.o [1]
  .bss               zero     0x2007'4a98     0x4  main.o [1]
  .bss               zero     0x2007'4a9c     0x4  main.o [1]
  .bss               zero     0x2007'4aa0     0x4  main.o [1]
  .bss               zero     0x2007'4aa4     0x4  main.o [1]
  .bss               zero     0x2007'4aa8     0x4  main.o [1]
  .bss               zero     0x2007'4aac     0x4  main.o [1]
  .bss               zero     0x2007'4ab0     0x4  main.o [1]
  .bss               zero     0x2007'4ab4     0x4  main.o [1]
  .bss               zero     0x2007'4ab8     0x4  main.o [1]
  .bss               zero     0x2007'4abc     0x4  main.o [1]
  .bss               zero     0x2007'4ac0     0x4  main.o [1]
  .bss               zero     0x2007'4ac4     0x4  main.o [1]
  .bss               zero     0x2007'4ac8     0x4  main.o [1]
  .bss               zero     0x2007'4acc     0x4  main.o [1]
  .bss               zero     0x2007'4ad0     0x4  main.o [1]
  .bss               zero     0x2007'4ad4     0x4  main.o [1]
  .bss               zero     0x2007'4ad8     0x4  main.o [1]
  .bss               zero     0x2007'4adc     0x4  main.o [1]
  .bss               zero     0x2007'4ae0     0x4  main.o [1]
  .bss               zero     0x2007'4ae4     0x4  main.o [1]
  .bss               zero     0x2007'4ae8     0x4  main.o [1]
  .bss               zero     0x2007'4aec     0x4  main.o [1]
  .bss               zero     0x2007'4af0     0x4  main.o [1]
  .bss               zero     0x2007'4af4     0x4  main.o [1]
  .bss               zero     0x2007'4af8     0x4  xgetmemchunk.o [2]
  .bss               zero     0x2007'4afc     0x2  main.o [1]
  .bss               zero     0x2007'4afe     0x1  main.o [1]
  .bss               zero     0x2007'4aff     0x1  main.o [1]
                            - 0x2007'4b00   0x14c

"P1-P2", part 3 of 3:                      0x3000
  CSTACK                      0x2007'4b00  0x1000  <Block>
    CSTACK           uninit   0x2007'4b00  0x1000  <Block tail>
  HEAP                        0x2007'5b00  0x2000  <Block>
    HEAP             uninit   0x2007'5b00  0x2000  <Block tail>
                            - 0x2007'7b00  0x3000

Unused ranges:

         From           To      Size
         ----           --      ----
  0x2007'7b00  0x2008'7fff  0x1'0500


*******************************************************************************
*** INIT TABLE
***

          Address      Size
          -------      ----
Zero (__iar_zero_init3)
    1 destination range, total size 0x14c:
          0x2007'49b4  0x14c

Copy (__iar_copy_init3)
    1 source range, total size 0x9c (102% of destination):
          0x2007'4918   0x9c
    1 destination range, total size 0x98:
          0x2007'4880   0x98



*******************************************************************************
*** MODULE SUMMARY
***

    Module           ro code  ro data  rw data
    ------           -------  -------  -------
command line/config:
    ------------------------------------------
    Total:

C:\Users\Elias\Documents\IAR Embedded Workbench\CSE_GR18_Project\Debug\Obj: [1]
    cstartup.o            12
    exceptions.o           2
    main.o            14'448      480      464
    startup_sam3x.o       48      244
    system_sam3x.o       160        4        4
    ------------------------------------------
    Total:            14'670      728      468

dl7M_tln.a: [2]
    exit.o                 4
    heap0.o              368                 8
    heaptramp0.o           4
    xgetmemchunk.o        44                 4
    xxmemxmemzero.o       18
    ------------------------------------------
    Total:               438                12

m7M_tl.a: [3]
    DblAdd.o             378
    DblCmpGe.o            46
    DblCmpLe.o            46
    DblDiv.o             582
    DblMul.o             418
    DblSub.o             226
    DblToS32.o            58
    S32ToDbl.o            34
    U32ToDbl.o            26
    ------------------------------------------
    Total:             1'814

rt7M_tl.a: [4]
    ABImemcpy.o          134
    I64DivMod.o          628
    I64DivZer.o            2
    U64Shr.o              30
    cexit.o               10
    cmain.o               30
    copy_init3.o          46
    data_init.o           40
    zero_init3.o          58
    ------------------------------------------
    Total:               978

shb_l.a: [5]
    exit.o                20
    ------------------------------------------
    Total:                20

    Gaps                  22        2        4
    Linker created                 40   12'288
----------------------------------------------
    Grand Total:      17'942      770   12'772


*******************************************************************************
*** ENTRY LIST
***

Entry                       Address   Size  Type      Object
-----                       -------   ----  ----      ------
.iar.init_table$$Base   0x2007'473c          --   Gb  - Linker created -
.iar.init_table$$Limit  0x2007'4760          --   Gb  - Linker created -
.intvec$$Base           0x2007'0000          --   Gb  - Linker created -
.intvec$$Limit          0x2007'00f4          --   Gb  - Linker created -
?main                   0x2007'46d1         Code  Gb  cmain.o [4]
ADC_Handler             0x2007'0231   0x3e  Code  Gb  main.o [1]
Aldata                  0x2007'4a40    0x8  Data  Lc  heap0.o [2]
BusFault_Handler        0x2007'3b0b    0x2  Code  Wk  exceptions.o [1]
CAN0_Handler            0x2007'3b0b    0x2  Code  Wk  exceptions.o [1]
CAN1_Handler            0x2007'3b0b    0x2  Code  Wk  exceptions.o [1]
CSTACK$$Base            0x2007'4b00          --   Gb  - Linker created -
CSTACK$$Limit           0x2007'5b00          --   Gb  - Linker created -
DACC_Handler            0x2007'3b0b    0x2  Code  Wk  exceptions.o [1]
DMAC_Handler            0x2007'3b0b    0x2  Code  Wk  exceptions.o [1]
DebugMon_Handler        0x2007'3b0b    0x2  Code  Wk  exceptions.o [1]
Dummy_Handler           0x2007'3b0b    0x2  Code  Gb  exceptions.o [1]
EFC0_Handler            0x2007'3b0b    0x2  Code  Wk  exceptions.o [1]
EFC1_Handler            0x2007'3b0b    0x2  Code  Wk  exceptions.o [1]
HEAP$$Base              0x2007'5b00          --   Gb  - Linker created -
HEAP$$Limit             0x2007'7b00          --   Gb  - Linker created -
HSMCI_Handler           0x2007'3b0b    0x2  Code  Wk  exceptions.o [1]
HardFault_Handler       0x2007'026f    0x2  Code  Gb  main.o [1]
Init_Display            0x2007'05e7   0x7e  Code  Gb  main.o [1]
MemManage_Handler       0x2007'3b0b    0x2  Code  Wk  exceptions.o [1]
NMI_Handler             0x2007'3b0b    0x2  Code  Wk  exceptions.o [1]
NVIC_ClearPendingIRQ    0x2007'010b   0x16  Code  Lc  main.o [1]
NVIC_EnableIRQ          0x2007'00f5   0x16  Code  Lc  main.o [1]
NVIC_SetPriority        0x2007'0121   0x28  Code  Lc  main.o [1]
PIOA_Handler            0x2007'3b0b    0x2  Code  Wk  exceptions.o [1]
PIOB_Handler            0x2007'3b0b    0x2  Code  Wk  exceptions.o [1]
PIOC_Handler            0x2007'3b0b    0x2  Code  Wk  exceptions.o [1]
PIOD_Handler            0x2007'3b0b    0x2  Code  Wk  exceptions.o [1]
PMC_Handler             0x2007'3b0b    0x2  Code  Wk  exceptions.o [1]
PWM_Handler             0x2007'3b0b    0x2  Code  Wk  exceptions.o [1]
PendSV_Handler          0x2007'3b0b    0x2  Code  Wk  exceptions.o [1]
RSTC_Handler            0x2007'3b0b    0x2  Code  Wk  exceptions.o [1]
RTC_Handler             0x2007'3b0b    0x2  Code  Wk  exceptions.o [1]
RTT_Handler             0x2007'3b0b    0x2  Code  Wk  exceptions.o [1]
Read_Status_Display     0x2007'0665   0x5a  Code  Gb  main.o [1]
Region$$Table$$Base     0x2007'473c          --   Gb  - Linker created -
Region$$Table$$Limit    0x2007'4760          --   Gb  - Linker created -
Reset_Handler           0x2007'46bd    0x8  Code  Gb  startup_sam3x.o [1]
SPI0_Handler            0x2007'3b0b    0x2  Code  Wk  exceptions.o [1]
SSC_Handler             0x2007'3b0b    0x2  Code  Wk  exceptions.o [1]
SUPC_Handler            0x2007'3b0b    0x2  Code  Wk  exceptions.o [1]
SVC_Handler             0x2007'3b0b    0x2  Code  Wk  exceptions.o [1]
SysTick_Config          0x2007'0149   0x36  Code  Lc  main.o [1]
SysTick_Handler         0x2007'01f5   0x3c  Code  Gb  main.o [1]
SystemCoreClock         0x2007'4914    0x4  Data  Gb  system_sam3x.o [1]
SystemInit              0x2007'4581   0x70  Code  Gb  system_sam3x.o [1]
TC0_Handler             0x2007'01e3   0x12  Code  Gb  main.o [1]
TC1_Handler             0x2007'3b0b    0x2  Code  Wk  exceptions.o [1]
TC2_Handler             0x2007'3b0b    0x2  Code  Wk  exceptions.o [1]
TC3_Handler             0x2007'3b0b    0x2  Code  Wk  exceptions.o [1]
TC4_Handler             0x2007'3b0b    0x2  Code  Wk  exceptions.o [1]
TC5_Handler             0x2007'3b0b    0x2  Code  Wk  exceptions.o [1]
TRNG_Handler            0x2007'3b0b    0x2  Code  Wk  exceptions.o [1]
TWI0_Handler            0x2007'3b0b    0x2  Code  Wk  exceptions.o [1]
TWI1_Handler            0x2007'3b0b    0x2  Code  Wk  exceptions.o [1]
UART_Handler            0x2007'3b0b    0x2  Code  Wk  exceptions.o [1]
UOTGHS_Handler          0x2007'3b0b    0x2  Code  Wk  exceptions.o [1]
USART0_Handler          0x2007'3b0b    0x2  Code  Wk  exceptions.o [1]
USART1_Handler          0x2007'3b0b    0x2  Code  Wk  exceptions.o [1]
USART2_Handler          0x2007'3b0b    0x2  Code  Wk  exceptions.o [1]
UsageFault_Handler      0x2007'3b0b    0x2  Code  Wk  exceptions.o [1]
WDT_Handler             0x2007'3b0b    0x2  Code  Wk  exceptions.o [1]
Write_Command_2_Display
                        0x2007'071d   0x5e  Code  Gb  main.o [1]
Write_Data_2_Display    0x2007'06bf   0x5e  Code  Gb  main.o [1]
__aeabi_cdcmple         0x2007'3f81         Code  Gb  DblCmpLe.o [3]
__aeabi_cdrcmple        0x2007'4515         Code  Gb  DblCmpGe.o [3]
__aeabi_d2iz            0x2007'3965         Code  Gb  DblToS32.o [3]
__aeabi_dadd            0x2007'3fb1         Code  Gb  DblAdd.o [3]
__aeabi_ddiv            0x2007'3cb1         Code  Gb  DblDiv.o [3]
__aeabi_dmul            0x2007'3b0d         Code  Gb  DblMul.o [3]
__aeabi_dsub            0x2007'3a29         Code  Gb  DblSub.o [3]
__aeabi_i2d             0x2007'39d9         Code  Gb  S32ToDbl.o [3]
__aeabi_ldiv0           0x2007'4621         Code  Gb  I64DivZer.o [4]
__aeabi_ldivmod         0x2007'412d         Code  Gb  I64DivMod.o [4]
__aeabi_llsr            0x2007'4561         Code  Gb  U64Shr.o [4]
__aeabi_memcpy4         0x2007'3ef9         Code  Gb  ABImemcpy.o [4]
__aeabi_memcpy8         0x2007'3ef9         Code  Gb  ABImemcpy.o [4]
__aeabi_ui2d            0x2007'4545         Code  Gb  U32ToDbl.o [3]
__aeabi_uldivmod        0x2007'4171         Code  Gb  I64DivMod.o [4]
__basic_calloc          0x2007'44d7   0x36  Code  Gb  heap0.o [2]
__basic_free            0x2007'444d   0x16  Code  Gb  heap0.o [2]
__basic_free_intern     0x2007'4463   0x74  Code  Lc  heap0.o [2]
__basic_malloc          0x2007'43a1   0x18  Code  Gb  heap0.o [2]
__basic_malloc_intern   0x2007'43b9   0x94  Code  Lc  heap0.o [2]
__cmain                 0x2007'46d1         Code  Gb  cmain.o [4]
__data_GetMemChunk      0x2007'4625   0x2c  Code  Gb  xgetmemchunk.o [2]
__data_GetMemChunk::start
                        0x2007'4af8    0x4  Data  Lc  xgetmemchunk.o [2]
__data_memzero          0x2007'4651   0x12  Code  Gb  xxmemxmemzero.o [2]
__exit                  0x2007'4729   0x14  Code  Gb  exit.o [5]
__iar_copy_init3        0x2007'39fb   0x2e  Code  Gb  copy_init3.o [4]
__iar_dadd              0x2007'3a39         Code  Gb  DblSub.o [3]
__iar_data_init3        0x2007'46f1   0x28  Code  Gb  data_init.o [4]
__iar_dsub              0x2007'3fc1         Code  Gb  DblAdd.o [3]
__iar_dsubStart         0x2007'3fd3         Code  Gb  DblAdd.o [3]
__iar_program_start     0x2007'46c5         Code  Gb  cstartup.o [1]
__iar_zero_init3        0x2007'399f   0x3a  Code  Gb  zero_init3.o [4]
__low_level_init        0x2007'4695   0x20  Code  Gb  startup_sam3x.o [1]
__vector_table          0x2007'0000   0xf4  Data  Gb  startup_sam3x.o [1]
_call_main              0x2007'46dd         Code  Gb  cmain.o [4]
_exit                   0x2007'471d         Code  Gb  cexit.o [4]
_main                   0x2007'46eb         Code  Gb  cmain.o [4]
adc_CDR1_value          0x2007'49e8    0x8  Data  Gb  main.o [1]
adc_CDR2_value          0x2007'49f0    0x8  Data  Gb  main.o [1]
adc_ch1_voltage         0x2007'49f8    0x8  Data  Gb  main.o [1]
adc_ch2_voltage         0x2007'4a00    0x8  Data  Gb  main.o [1]
adc_measure             0x2007'1e7d   0x8c  Code  Gb  main.o [1]
adc_setup               0x2007'1e25   0x54  Code  Gb  main.o [1]
add_temp_recording      0x2007'33a1  0x106  Code  Gb  main.o [1]
append_length           0x2007'232f   0x24  Code  Lc  main.o [1]
append_padding_bits     0x2007'2317   0x18  Code  Lc  main.o [1]
append_to_list          0x2007'19c9   0x4c  Code  Gb  main.o [1]
calc_statistics         0x2007'1589   0x60  Code  Gb  main.o [1]
char_array_erase        0x2007'04a7    0xe  Code  Gb  main.o [1]
circular_overwrite      0x2007'1b15   0x4e  Code  Gb  main.o [1]
circular_start          0x2007'4ab8    0x4  Data  Gb  main.o [1]
clear                   0x2007'0809   0x44  Code  Gb  main.o [1]
clear_day_data          0x2007'1779   0xac  Code  Gb  main.o [1]
clear_display_direct    0x2007'0983   0x1a  Code  Gb  main.o [1]
clear_graphics          0x2007'0a43   0x14  Code  Gb  main.o [1]
clear_main_menu         0x2007'31ef   0x2a  Code  Gb  main.o [1]
clear_menu              0x2007'31d5   0x1a  Code  Gb  main.o [1]
colsArr                 0x2007'48e8    0x8  Data  Gb  main.o [1]
config_date             0x2007'1149  0x19c  Code  Gb  main.o [1]
config_time             0x2007'12ed  0x1ac  Code  Gb  main.o [1]
convert_to_circular_list
                        0x2007'1ac5   0x48  Code  Gb  main.o [1]
convert_to_scord        0x2007'084d   0x40  Code  Gb  main.o [1]
create_node_with_data   0x2007'1a25   0x98  Code  Gb  main.o [1]
create_screen_element   0x2007'088d   0x2a  Code  Gb  main.o [1]
curr_day_data           0x2007'4ac8    0x4  Data  Gb  main.o [1]
curr_min_temp_values    0x2007'4acc    0x4  Data  Gb  main.o [1]
curr_temp               0x2007'4a08    0x8  Data  Gb  main.o [1]
current_date            0x2007'4a9c    0x4  Data  Gb  main.o [1]
current_graph_type      0x2007'48f0    0x4  Data  Gb  main.o [1]
current_time            0x2007'4aa0    0x4  Data  Gb  main.o [1]
current_time_hm         0x2007'4afc    0x2  Data  Gb  main.o [1]
current_user            0x2007'4a84    0x4  Data  Gb  main.o [1]
date_str                0x2007'49d4    0xc  Data  Gb  main.o [1]
date_to_str             0x2007'14db   0x42  Code  Gb  main.o [1]
date_to_string          0x2007'0271   0x3e  Code  Gb  main.o [1]
day_temp_data_test      0x2007'37ed   0xc4  Code  Gb  main.o [1]
day_temp_data_to_string
                        0x2007'18d3   0xf0  Code  Gb  main.o [1]
def_pass_len            0x2007'4904    0x4  Data  Gb  main.o [1]
def_us_len              0x2007'4900    0x4  Data  Gb  main.o [1]
default_password        0x2007'48fc    0x4  Data  Gb  main.o [1]
default_user            0x2007'4a7c    0x4  Data  Gb  main.o [1]
default_username        0x2007'48f8    0x4  Data  Gb  main.o [1]
delay_micro             0x2007'01b9   0x1a  Code  Gb  main.o [1]
delay_milis             0x2007'0199   0x20  Code  Gb  main.o [1]
delete_first_node       0x2007'1b63   0x1c  Code  Gb  main.o [1]
display_clear           0x2007'07e3   0x26  Code  Gb  main.o [1]
display_date_time       0x2007'10ad   0x70  Code  Gb  main.o [1]
display_graphics_write  0x2007'0a33   0x10  Code  Gb  main.o [1]
display_setup           0x2007'0531   0xb6  Code  Gb  main.o [1]
display_staple_plot     0x2007'0a57   0x6a  Code  Gb  main.o [1]
display_write           0x2007'08b7   0x5e  Code  Gb  main.o [1]
display_write_direct    0x2007'0965   0x1e  Code  Gb  main.o [1]
display_write_disable_flag
                        0x2007'4a48    0x4  Data  Gb  main.o [1]
double_to_str           0x2007'0377   0x7e  Code  Gb  main.o [1]
double_to_str_fixed_length
                        0x2007'03f5   0x9e  Code  Gb  main.o [1]
double_to_temp          0x2007'04b5   0x2c  Code  Gb  main.o [1]
draw_horizontal_line    0x2007'0ac1   0x4e  Code  Gb  main.o [1]
draw_temp_value         0x2007'0c57   0x7c  Code  Gb  main.o [1]
draw_values             0x2007'0b7d   0xda  Code  Gb  main.o [1]
draw_vertical_line      0x2007'0b0f   0x6e  Code  Gb  main.o [1]
edit_user               0x2007'2fdd   0xc2  Code  Gb  main.o [1]
edit_user_text          0x2007'4880   0x20  Data  Gb  main.o [1]
edit_user_text_length   0x2007'4908    0x4  Data  Gb  main.o [1]
exit                    0x2007'4719    0x4  Code  Gb  exit.o [2]
fast_mode_flag          0x2007'4a50    0x4  Data  Gb  main.o [1]
finalize_hash           0x2007'2ae5   0x3e  Code  Lc  main.o [1]
free                    0x2007'4511    0x4  Code  Gb  heaptramp0.o [2]
full_setup              0x2007'377d   0x54  Code  Gb  main.o [1]
general_delay           0x2007'01d5    0xe  Code  Gb  main.o [1]
get_keypad_key          0x2007'0ce5   0xac  Code  Gb  main.o [1]
get_node_temps          0x2007'050b   0x26  Code  Gb  main.o [1]
get_num_mes_per_min     0x2007'3519   0x4c  Code  Gb  main.o [1]
get_temp                0x2007'1c8d   0x4c  Code  Gb  main.o [1]
get_user_input          0x2007'0d95   0x2e  Code  Gb  main.o [1]
hash_password           0x2007'30c9   0x24  Code  Gb  main.o [1]
head                    0x2007'4aac    0x4  Data  Gb  main.o [1]
init_buffer             0x2007'2353   0x1a  Code  Lc  main.o [1]
init_date_time          0x2007'0e79    0xa  Code  Gb  main.o [1]
int_to_str              0x2007'02f9   0x3e  Code  Gb  main.o [1]
int_to_str_fixed_length
                        0x2007'0337   0x40  Code  Gb  main.o [1]
keypad_setup            0x2007'0de9   0x8a  Code  Gb  main.o [1]
last_temp_measure       0x2007'4adc    0x4  Data  Gb  main.o [1]
leap_feb                0x2007'4878    0x4  Data  Gb  main.o [1]
light_measure           0x2007'1f09   0x3c  Code  Gb  main.o [1]
light_sens_ch1_ready    0x2007'4a64    0x4  Data  Gb  main.o [1]
light_sens_ch2_ready    0x2007'4a68    0x4  Data  Gb  main.o [1]
light_to_volt_coefficcient
                        0x2007'48d8    0x8  Data  Gb  main.o [1]
list_size               0x2007'4ab4    0x4  Data  Gb  main.o [1]
login                   0x2007'2d9d   0xee  Code  Gb  main.o [1]
login_get_user_input    0x2007'2e9d   0xa2  Code  Gb  main.o [1]
login_init              0x2007'2b5d   0xb8  Code  Gb  main.o [1]
login_pass_str          0x2007'48c8    0xc  Data  Gb  main.o [1]
login_text              0x2007'48a0   0x1c  Data  Gb  main.o [1]
login_text_length       0x2007'4870    0x4  Data  Gb  main.o [1]
login_user_str          0x2007'48bc    0xc  Data  Gb  main.o [1]
loopCount               0x2007'4af0    0x4  Data  Gb  main.o [1]
loop_time               0x2007'4af4    0x4  Data  Gb  main.o [1]
main                    0x2007'3599  0x1d6  Code  Gb  main.o [1]
main_menu               0x2007'30ed   0xa6  Code  Gb  main.o [1]
maximum_list_size       0x2007'4ae8    0x4  Data  Gb  main.o [1]
md5_definitive_hash     0x2007'1fc5   0x2e  Code  Lc  main.o [1]
md5_hash                0x2007'219d  0x17a  Code  Lc  main.o [1]
md5_itterating_hash     0x2007'20e5   0xb8  Code  Lc  main.o [1]
md5_salt_hash           0x2007'1ff3   0xf2  Code  Lc  main.o [1]
measure_temp_flag       0x2007'4ad8    0x4  Data  Gb  main.o [1]
measures_per_min        0x2007'4910    0x4  Data  Gb  main.o [1]
mem_full_flag           0x2007'4aec    0x4  Data  Gb  main.o [1]
mem_write               0x2007'04f7   0x14  Code  Gb  main.o [1]
menu_type               0x2007'4a4c    0x4  Data  Gb  main.o [1]
microseconds            0x2007'4a18    0x8  Data  Gb  main.o [1]
month_days              0x2007'4664   0x30  Data  Gb  main.o [1]
new_day_flag            0x2007'4ad4    0x4  Data  Gb  main.o [1]
new_minute_flag         0x2007'4ae0    0x4  Data  Gb  main.o [1]
num_of_measurements     0x2007'4ad0    0x4  Data  Gb  main.o [1]
num_saved_day_data      0x2007'4ac4    0x4  Data  Gb  main.o [1]
password                0x2007'4a98    0x4  Data  Gb  main.o [1]
pre_login               0x2007'4a90    0x4  Data  Gb  main.o [1]
pre_password            0x2007'4a88    0x4  Data  Gb  main.o [1]
pre_username            0x2007'4a8c    0x4  Data  Gb  main.o [1]
prev_keypad_key         0x2007'4a70    0x4  Data  Gb  main.o [1]
prev_servo_call         0x2007'4a58    0x4  Data  Gb  main.o [1]
previous_hour           0x2007'4aff    0x1  Data  Gb  main.o [1]
previous_minute         0x2007'4afe    0x1  Data  Gb  main.o [1]
print_day_data          0x2007'1825   0xae  Code  Gb  main.o [1]
process_hash            0x2007'2435  0x6a6  Code  Lc  main.o [1]
pwm_setup               0x2007'1f45   0x44  Code  Gb  main.o [1]
reverse_str             0x2007'02dd   0x1c  Code  Gb  main.o [1]
rowsArr                 0x2007'48e0    0x8  Data  Gb  main.o [1]
saved_day_temp_data     0x2007'4abc    0x4  Data  Gb  main.o [1]
screen_date             0x2007'49c4   0x10  Data  Gb  main.o [1]
screen_password         0x2007'4a78    0x4  Data  Gb  main.o [1]
screen_post_login       0x2007'2d33   0x6a  Code  Gb  main.o [1]
screen_pre_login        0x2007'2c1d  0x116  Code  Gb  main.o [1]
screen_time             0x2007'49b4   0x10  Data  Gb  main.o [1]
screen_username         0x2007'4a74    0x4  Data  Gb  main.o [1]
servo_set_position      0x2007'1f89   0x1e  Code  Gb  main.o [1]
set_cursor              0x2007'077b   0x2c  Code  Gb  main.o [1]
set_cursor_graph        0x2007'09e9   0x4a  Code  Gb  main.o [1]
set_day_statistics      0x2007'34bd   0x4e  Code  Gb  main.o [1]
set_servo_flag          0x2007'4a54    0x4  Data  Gb  main.o [1]
set_timedate            0x2007'0e91  0x210  Code  Gb  main.o [1]
sidebar_menu            0x2007'3219  0x150  Code  Gb  main.o [1]
start_pulse             0x2007'1c11   0x3e  Code  Gb  main.o [1]
startup_flag            0x2007'48d4    0x4  Data  Gb  main.o [1]
str_concat              0x2007'0493   0x14  Code  Gb  main.o [1]
syst                    0x2007'48f4    0x4  Data  Gb  main.o [1]
systick_delay           0x2007'4a5c    0x4  Data  Gb  main.o [1]
systick_setup           0x2007'017f   0x18  Code  Gb  main.o [1]
systick_trigger         0x2007'4a60    0x4  Data  Gb  main.o [1]
tail                    0x2007'4ab0    0x4  Data  Gb  main.o [1]
tcDelta                 0x2007'4a10    0x8  Data  Gb  main.o [1]
temp_alarm_flag         0x2007'49e0    0x4  Data  Gb  main.o [1]
temp_display_alarm      0x2007'1dd5   0x50  Code  Gb  main.o [1]
temp_minute_avg         0x2007'4a38    0x8  Data  Gb  main.o [1]
temp_minute_count       0x2007'4ae4    0x4  Data  Gb  main.o [1]
temp_rdy_flag           0x2007'4a6c    0x4  Data  Gb  main.o [1]
temp_reset              0x2007'1c55   0x20  Code  Gb  main.o [1]
temp_setup              0x2007'1c81    0xc  Code  Gb  main.o [1]
temp_to_double          0x2007'04e1   0x16  Code  Gb  main.o [1]
temperature_alarm       0x2007'1ce5   0xf0  Code  Gb  main.o [1]
test_day_temp_data      0x2007'4ac0    0x4  Data  Gb  main.o [1]
time_config_flag        0x2007'490c    0x4  Data  Gb  main.o [1]
time_hm_to_string       0x2007'02af   0x2e  Code  Gb  main.o [1]
time_str                0x2007'4a20    0x8  Data  Gb  main.o [1]
time_to_str             0x2007'149d   0x3e  Code  Gb  main.o [1]
timer_counter_setup     0x2007'1b91   0x6e  Code  Gb  main.o [1]
toggle_fastmode         0x2007'151d   0x50  Code  Gb  main.o [1]
toggle_graphics_mode    0x2007'099d   0x4c  Code  Gb  main.o [1]
u_char_copy_erase       0x2007'2b33   0x18  Code  Lc  main.o [1]
u_char_erase            0x2007'2b23   0x10  Code  Lc  main.o [1]
u_int32_erase           0x2007'2b4b   0x12  Code  Lc  main.o [1]
update_avg_min_max      0x2007'15f5  0x170  Code  Gb  main.o [1]
update_statistics       0x2007'156d   0x1c  Code  Gb  main.o [1]
username                0x2007'4a94    0x4  Data  Gb  main.o [1]
users                   0x2007'4a80    0x4  Data  Gb  main.o [1]
usr_pass_str_length     0x2007'4874    0x4  Data  Gb  main.o [1]
validate_login          0x2007'2f3f   0x76  Code  Gb  main.o [1]
var_sum1                0x2007'4a28    0x8  Data  Gb  main.o [1]
var_sum2                0x2007'4a30    0x8  Data  Gb  main.o [1]
write_blank_to_display  0x2007'07a7   0x3c  Code  Gb  main.o [1]
write_string_to_display
                        0x2007'0915   0x50  Code  Gb  main.o [1]
zero_date               0x2007'4aa8    0x4  Data  Gb  main.o [1]
zero_time               0x2007'4aa4    0x4  Data  Gb  main.o [1]


[1] = C:\Users\Elias\Documents\IAR Embedded Workbench\CSE_GR18_Project\Debug\Obj
[2] = dl7M_tln.a
[3] = m7M_tl.a
[4] = rt7M_tl.a
[5] = shb_l.a

  17'942 bytes of readonly  code memory
     770 bytes of readonly  data memory
  12'772 bytes of readwrite data memory

Errors: none
Warnings: none
