###############################################################################
#
# IAR ELF Linker V8.50.1.245/W32 for ARM                  04/Jan/2021  18:56:48
# Copyright 2007-2020 IAR Systems AB.
#
#    Output file  =
#        C:\Users\Elias\Documents\IAR Embedded
#        Workbench\CSE_GR18_Project\Debug\Exe\CSE_GR18_Project.out
#    Map file     =
#        C:\Users\Elias\Documents\IAR Embedded
#        Workbench\CSE_GR18_Project\Debug\List\CSE_GR18_Project.map
#    Command line =
#        -f C:\Users\Elias\AppData\Local\Temp\EWED4.tmp
#        ("C:\Users\Elias\Documents\IAR Embedded
#        Workbench\CSE_GR18_Project\Debug\Obj\cstartup.o"
#        "C:\Users\Elias\Documents\IAR Embedded
#        Workbench\CSE_GR18_Project\Debug\Obj\exceptions.o"
#        "C:\Users\Elias\Documents\IAR Embedded
#        Workbench\CSE_GR18_Project\Debug\Obj\main.o"
#        "C:\Users\Elias\Documents\IAR Embedded
#        Workbench\CSE_GR18_Project\Debug\Obj\startup_sam3x.o"
#        "C:\Users\Elias\Documents\IAR Embedded
#        Workbench\CSE_GR18_Project\Debug\Obj\system_sam3x.o"
#        --no_out_extension -o "C:\Users\Elias\Documents\IAR Embedded
#        Workbench\CSE_GR18_Project\Debug\Exe\CSE_GR18_Project.out" --redirect
#        _Printf=_PrintfFullNoMb --redirect _Scanf=_ScanfFullNoMb --map
#        "C:\Users\Elias\Documents\IAR Embedded
#        Workbench\CSE_GR18_Project\Debug\List\CSE_GR18_Project.map" --config
#        "C:\Program Files (x86)\IAR Systems\Embedded Workbench
#        8.4\arm\config\linker\Microchip\sam3x8\sram.icf" --semihosting --entry
#        __iar_program_start --vfe --text_out locale)
#
###############################################################################

*******************************************************************************
*** RUNTIME MODEL ATTRIBUTES
***

CppFlavor       = *
__Heap_Handler  = Basic
__SystemLibrary = DLib
__dlib_version  = 6


*******************************************************************************
*** HEAP SELECTION
***

The basic heap was selected because some modules are built with
size limitations (and not runtime checking), and --advanced_heap
was not specified.


*******************************************************************************
*** PLACEMENT SUMMARY
***

"A0":  place at address 0x2007'0000 { ro section .intvec };
"P1":  place in [from 0x2007'0000 to 0x2008'7fff] { ro };
define block CSTACK with size = 4K, alignment = 8 { };
define block HEAP with size = 8K, alignment = 8 { };
"P2":  place in [from 0x2007'0000 to 0x2008'7fff] {
          rw, block CSTACK, block HEAP };
initialize by copy with packing = copy, complex ranges { rw };

  Section            Kind         Address    Size  Object
  -------            ----         -------    ----  ------
"A0":                                        0xf4
  .intvec                     0x2007'0000    0xf4  <Block>
    .intvec          const    0x2007'0000    0xf4  startup_sam3x.o [1]
                            - 0x2007'00f4    0xf4

"P1-P2", part 1 of 3:                      0x31c8
  .text              ro code  0x2007'00f4  0x20e8  main.o [1]
  .text              ro code  0x2007'21dc    0x3a  DblToS32.o [3]
  .text              ro code  0x2007'2216    0x3a  zero_init3.o [4]
  .text              ro code  0x2007'2250    0x22  S32ToDbl.o [3]
  .text              ro code  0x2007'2272    0x2e  copy_init3.o [4]
  .text              ro code  0x2007'22a0    0xe2  DblSub.o [3]
  .text              ro code  0x2007'2382     0x2  exceptions.o [1]
  .text              ro code  0x2007'2384   0x1a2  DblMul.o [3]
  .text              ro code  0x2007'2528   0x246  DblDiv.o [3]
  .text              ro code  0x2007'2770    0x86  ABImemcpy.o [4]
  .text              ro code  0x2007'27f8   0x230  I64DivMod.o [4]
  .text              ro code  0x2007'2a28   0x17a  DblAdd.o [3]
  .text              ro code  0x2007'2ba4    0x2e  DblCmpLe.o [3]
  .text              ro code  0x2007'2bd4   0x170  heap0.o [2]
  .text              ro code  0x2007'2d44     0x4  heaptramp0.o [2]
  .text              ro code  0x2007'2d48    0x2e  DblCmpGe.o [3]
  .text              ro code  0x2007'2d78    0x1a  U32ToDbl.o [3]
  .text              ro code  0x2007'2d94    0xa0  system_sam3x.o [1]
  .text              ro code  0x2007'2e34     0x2  I64DivZer.o [4]
  .text              ro code  0x2007'2e38    0x2c  xgetmemchunk.o [2]
  .text              ro code  0x2007'2e64    0x12  xxmemxmemzero.o [2]
  .rodata            const    0x2007'2e78   0x100  main.o [1]
  .rodata            const    0x2007'2f78    0x80  main.o [1]
  .rodata            const    0x2007'2ff8    0x30  main.o [1]
  .text              ro code  0x2007'3028    0x30  startup_sam3x.o [1]
  .text              ro code  0x2007'3058     0xc  cstartup.o [1]
  .text              ro code  0x2007'3064    0x1e  cmain.o [4]
  .text              ro code  0x2007'3084    0x28  data_init.o [4]
  .text              ro code  0x2007'30ac     0x4  exit.o [2]
  .text              ro code  0x2007'30b0     0xa  cexit.o [4]
  .text              ro code  0x2007'30bc    0x14  exit.o [5]
  .rodata            const    0x2007'30d0    0x2c  main.o [1]
  .iar.init_table    const    0x2007'30fc    0x24  - Linker created -
  .rodata            const    0x2007'3120    0x20  main.o [1]
  .rodata            const    0x2007'3140    0x18  main.o [1]
  .rodata            const    0x2007'3158    0x18  main.o [1]
  .rodata            const    0x2007'3170    0x18  main.o [1]
  .rodata            const    0x2007'3188    0x18  main.o [1]
  .rodata            const    0x2007'31a0    0x10  main.o [1]
  .rodata            const    0x2007'31b0    0x10  main.o [1]
  .rodata            const    0x2007'31c0     0x4  main.o [1]
  .rodata            const    0x2007'31c4     0x0  zero_init3.o [4]
  .rodata            const    0x2007'31c4     0x0  copy_init3.o [4]
  P1-P2 s0                    0x2007'31c8    0x7c  <Init block>
    .data            inited   0x2007'31c8    0x40  main.o [1]
    .data            inited   0x2007'3208     0x8  main.o [1]
    .data            inited   0x2007'3210     0x8  main.o [1]
    .data            inited   0x2007'3218     0x8  main.o [1]
    .data            inited   0x2007'3220     0x4  main.o [1]
    .data            inited   0x2007'3224     0x4  main.o [1]
    .data            inited   0x2007'3228     0x4  main.o [1]
    .data            inited   0x2007'322c     0x4  main.o [1]
    .data            inited   0x2007'3230     0x4  main.o [1]
    .data            inited   0x2007'3234     0x4  main.o [1]
    .data            inited   0x2007'3238     0x4  main.o [1]
    .data            inited   0x2007'323c     0x4  system_sam3x.o [1]
  Initializer bytes  const    0x2007'3240    0x7c  <for P1-P2 s0> (used: 0x78)
                            - 0x2007'32bc  0x31c8

"P1-P2", part 2 of 3:                       0x22c
  .bss               zero     0x2007'32c0   0x120  main.o [1]
  .bss               zero     0x2007'33e0    0x10  main.o [1]
  .bss               zero     0x2007'33f0    0x10  main.o [1]
  .bss               zero     0x2007'3400     0xc  main.o [1]
  .bss               zero     0x2007'340c     0x4  main.o [1]
  .bss               zero     0x2007'3410     0x8  main.o [1]
  .bss               zero     0x2007'3418     0x8  main.o [1]
  .bss               zero     0x2007'3420     0x8  main.o [1]
  .bss               zero     0x2007'3428     0x8  main.o [1]
  .bss               zero     0x2007'3430     0x8  main.o [1]
  .bss               zero     0x2007'3438     0x8  main.o [1]
  .bss               zero     0x2007'3440     0x8  main.o [1]
  .bss               zero     0x2007'3448     0x8  main.o [1]
  .bss               zero     0x2007'3450     0x8  main.o [1]
  .bss               zero     0x2007'3458     0x8  main.o [1]
  .bss               zero     0x2007'3460     0x8  main.o [1]
  .bss               zero     0x2007'3468     0x8  main.o [1]
  .bss               zero     0x2007'3470     0x8  main.o [1]
  .bss               zero     0x2007'3478     0x8  heap0.o [2]
  .bss               zero     0x2007'3480     0x4  main.o [1]
  .bss               zero     0x2007'3484     0x4  main.o [1]
  .bss               zero     0x2007'3488     0x4  main.o [1]
  .bss               zero     0x2007'348c     0x4  main.o [1]
  .bss               zero     0x2007'3490     0x4  main.o [1]
  .bss               zero     0x2007'3494     0x4  main.o [1]
  .bss               zero     0x2007'3498     0x4  main.o [1]
  .bss               zero     0x2007'349c     0x4  main.o [1]
  .bss               zero     0x2007'34a0     0x4  main.o [1]
  .bss               zero     0x2007'34a4     0x4  main.o [1]
  .bss               zero     0x2007'34a8     0x4  main.o [1]
  .bss               zero     0x2007'34ac     0x4  main.o [1]
  .bss               zero     0x2007'34b0     0x4  main.o [1]
  .bss               zero     0x2007'34b4     0x4  main.o [1]
  .bss               zero     0x2007'34b8     0x4  main.o [1]
  .bss               zero     0x2007'34bc     0x4  main.o [1]
  .bss               zero     0x2007'34c0     0x4  main.o [1]
  .bss               zero     0x2007'34c4     0x4  main.o [1]
  .bss               zero     0x2007'34c8     0x4  main.o [1]
  .bss               zero     0x2007'34cc     0x4  main.o [1]
  .bss               zero     0x2007'34d0     0x4  main.o [1]
  .bss               zero     0x2007'34d4     0x4  main.o [1]
  .bss               zero     0x2007'34d8     0x4  main.o [1]
  .bss               zero     0x2007'34dc     0x4  main.o [1]
  .bss               zero     0x2007'34e0     0x4  xgetmemchunk.o [2]
  .bss               zero     0x2007'34e4     0x2  main.o [1]
                            - 0x2007'34e6   0x22a

"P1-P2", part 3 of 3:                      0x3000
  CSTACK                      0x2007'34e8  0x1000  <Block>
    CSTACK           uninit   0x2007'34e8  0x1000  <Block tail>
  HEAP                        0x2007'44e8  0x2000  <Block>
    HEAP             uninit   0x2007'44e8  0x2000  <Block tail>
                            - 0x2007'64e8  0x3000

Unused ranges:

         From           To      Size
         ----           --      ----
  0x2007'64e8  0x2008'7fff  0x1'1b18


*******************************************************************************
*** INIT TABLE
***

          Address      Size
          -------      ----
Zero (__iar_zero_init3)
    1 destination range, total size 0x226:
          0x2007'32c0  0x226

Copy (__iar_copy_init3)
    1 source range, total size 0x7c (103% of destination):
          0x2007'3240   0x7c
    1 destination range, total size 0x78:
          0x2007'31c8   0x78



*******************************************************************************
*** MODULE SUMMARY
***

    Module           ro code  ro data  rw data
    ------           -------  -------  -------
command line/config:
    ------------------------------------------
    Total:

C:\Users\Elias\Documents\IAR Embedded Workbench\CSE_GR18_Project\Debug\Obj: [1]
    cstartup.o            12
    exceptions.o           2
    main.o             8'424      756      654
    startup_sam3x.o       48      244
    system_sam3x.o       160        4        4
    ------------------------------------------
    Total:             8'646    1'004      658

dl7M_tln.a: [2]
    exit.o                 4
    heap0.o              368                 8
    heaptramp0.o           4
    xgetmemchunk.o        44                 4
    xxmemxmemzero.o       18
    ------------------------------------------
    Total:               438                12

m7M_tl.a: [3]
    DblAdd.o             378
    DblCmpGe.o            46
    DblCmpLe.o            46
    DblDiv.o             582
    DblMul.o             418
    DblSub.o             226
    DblToS32.o            58
    S32ToDbl.o            34
    U32ToDbl.o            26
    ------------------------------------------
    Total:             1'814

rt7M_tl.a: [4]
    ABImemcpy.o          134
    I64DivMod.o          560
    I64DivZer.o            2
    cexit.o               10
    cmain.o               30
    copy_init3.o          46
    data_init.o           40
    zero_init3.o          58
    ------------------------------------------
    Total:               880

shb_l.a: [5]
    exit.o                20
    ------------------------------------------
    Total:                20

    Gaps                  20        2        4
    Linker created                 40   12'288
----------------------------------------------
    Grand Total:      11'818    1'046   12'962


*******************************************************************************
*** ENTRY LIST
***

Entry                       Address   Size  Type      Object
-----                       -------   ----  ----      ------
.iar.init_table$$Base   0x2007'30fc          --   Gb  - Linker created -
.iar.init_table$$Limit  0x2007'3120          --   Gb  - Linker created -
.intvec$$Base           0x2007'0000          --   Gb  - Linker created -
.intvec$$Limit          0x2007'00f4          --   Gb  - Linker created -
?main                   0x2007'3065         Code  Gb  cmain.o [4]
ADC_Handler             0x2007'0231   0x3e  Code  Gb  main.o [1]
Aldata                  0x2007'3478    0x8  Data  Lc  heap0.o [2]
BusFault_Handler        0x2007'2383    0x2  Code  Wk  exceptions.o [1]
CAN0_Handler            0x2007'2383    0x2  Code  Wk  exceptions.o [1]
CAN1_Handler            0x2007'2383    0x2  Code  Wk  exceptions.o [1]
CSTACK$$Base            0x2007'34e8          --   Gb  - Linker created -
CSTACK$$Limit           0x2007'44e8          --   Gb  - Linker created -
DACC_Handler            0x2007'2383    0x2  Code  Wk  exceptions.o [1]
DMAC_Handler            0x2007'2383    0x2  Code  Wk  exceptions.o [1]
DebugMon_Handler        0x2007'2383    0x2  Code  Wk  exceptions.o [1]
Dummy_Handler           0x2007'2383    0x2  Code  Gb  exceptions.o [1]
EFC0_Handler            0x2007'2383    0x2  Code  Wk  exceptions.o [1]
EFC1_Handler            0x2007'2383    0x2  Code  Wk  exceptions.o [1]
HEAP$$Base              0x2007'44e8          --   Gb  - Linker created -
HEAP$$Limit             0x2007'64e8          --   Gb  - Linker created -
HSMCI_Handler           0x2007'2383    0x2  Code  Wk  exceptions.o [1]
HardFault_Handler       0x2007'2383    0x2  Code  Wk  exceptions.o [1]
Init_Display            0x2007'062d   0x7e  Code  Gb  main.o [1]
MD5_HASH                0x2007'155d   0x60  Code  Gb  main.o [1]
MD5_init                0x2007'15bd   0x42  Code  Gb  main.o [1]
MemManage_Handler       0x2007'2383    0x2  Code  Wk  exceptions.o [1]
NMI_Handler             0x2007'2383    0x2  Code  Wk  exceptions.o [1]
NVIC_ClearPendingIRQ    0x2007'010b   0x16  Code  Lc  main.o [1]
NVIC_EnableIRQ          0x2007'00f5   0x16  Code  Lc  main.o [1]
NVIC_SetPriority        0x2007'0121   0x28  Code  Lc  main.o [1]
PIOA_Handler            0x2007'2383    0x2  Code  Wk  exceptions.o [1]
PIOB_Handler            0x2007'2383    0x2  Code  Wk  exceptions.o [1]
PIOC_Handler            0x2007'2383    0x2  Code  Wk  exceptions.o [1]
PIOD_Handler            0x2007'2383    0x2  Code  Wk  exceptions.o [1]
PMC_Handler             0x2007'2383    0x2  Code  Wk  exceptions.o [1]
PWM_Handler             0x2007'2383    0x2  Code  Wk  exceptions.o [1]
PendSV_Handler          0x2007'2383    0x2  Code  Wk  exceptions.o [1]
RSTC_Handler            0x2007'2383    0x2  Code  Wk  exceptions.o [1]
RTC_Handler             0x2007'2383    0x2  Code  Wk  exceptions.o [1]
RTT_Handler             0x2007'2383    0x2  Code  Wk  exceptions.o [1]
Read_Status_Display     0x2007'06ab   0x5a  Code  Gb  main.o [1]
Region$$Table$$Base     0x2007'30fc          --   Gb  - Linker created -
Region$$Table$$Limit    0x2007'3120          --   Gb  - Linker created -
Reset_Handler           0x2007'3051    0x8  Code  Gb  startup_sam3x.o [1]
SPI0_Handler            0x2007'2383    0x2  Code  Wk  exceptions.o [1]
SSC_Handler             0x2007'2383    0x2  Code  Wk  exceptions.o [1]
SUPC_Handler            0x2007'2383    0x2  Code  Wk  exceptions.o [1]
SVC_Handler             0x2007'2383    0x2  Code  Wk  exceptions.o [1]
SysTick_Config          0x2007'0149   0x36  Code  Lc  main.o [1]
SysTick_Handler         0x2007'01f5   0x3c  Code  Gb  main.o [1]
SystemCoreClock         0x2007'323c    0x4  Data  Gb  system_sam3x.o [1]
SystemInit              0x2007'2d95   0x70  Code  Gb  system_sam3x.o [1]
TC0_Handler             0x2007'01e3   0x12  Code  Gb  main.o [1]
TC1_Handler             0x2007'2383    0x2  Code  Wk  exceptions.o [1]
TC2_Handler             0x2007'2383    0x2  Code  Wk  exceptions.o [1]
TC3_Handler             0x2007'2383    0x2  Code  Wk  exceptions.o [1]
TC4_Handler             0x2007'2383    0x2  Code  Wk  exceptions.o [1]
TC5_Handler             0x2007'2383    0x2  Code  Wk  exceptions.o [1]
TRNG_Handler            0x2007'2383    0x2  Code  Wk  exceptions.o [1]
TWI0_Handler            0x2007'2383    0x2  Code  Wk  exceptions.o [1]
TWI1_Handler            0x2007'2383    0x2  Code  Wk  exceptions.o [1]
UART_Handler            0x2007'2383    0x2  Code  Wk  exceptions.o [1]
UOTGHS_Handler          0x2007'2383    0x2  Code  Wk  exceptions.o [1]
USART0_Handler          0x2007'2383    0x2  Code  Wk  exceptions.o [1]
USART1_Handler          0x2007'2383    0x2  Code  Wk  exceptions.o [1]
USART2_Handler          0x2007'2383    0x2  Code  Wk  exceptions.o [1]
UsageFault_Handler      0x2007'2383    0x2  Code  Wk  exceptions.o [1]
WDT_Handler             0x2007'2383    0x2  Code  Wk  exceptions.o [1]
Write_Command_2_Display
                        0x2007'0763   0x5e  Code  Gb  main.o [1]
Write_Data_2_Display    0x2007'0705   0x5e  Code  Gb  main.o [1]
__aeabi_cdcmple         0x2007'2ba5         Code  Gb  DblCmpLe.o [3]
__aeabi_cdrcmple        0x2007'2d49         Code  Gb  DblCmpGe.o [3]
__aeabi_d2iz            0x2007'21dd         Code  Gb  DblToS32.o [3]
__aeabi_dadd            0x2007'2a29         Code  Gb  DblAdd.o [3]
__aeabi_ddiv            0x2007'2529         Code  Gb  DblDiv.o [3]
__aeabi_dmul            0x2007'2385         Code  Gb  DblMul.o [3]
__aeabi_dsub            0x2007'22a1         Code  Gb  DblSub.o [3]
__aeabi_i2d             0x2007'2251         Code  Gb  S32ToDbl.o [3]
__aeabi_ldiv0           0x2007'2e35         Code  Gb  I64DivZer.o [4]
__aeabi_memcpy4         0x2007'2771         Code  Gb  ABImemcpy.o [4]
__aeabi_memcpy8         0x2007'2771         Code  Gb  ABImemcpy.o [4]
__aeabi_ui2d            0x2007'2d79         Code  Gb  U32ToDbl.o [3]
__aeabi_uldivmod        0x2007'27f9         Code  Gb  I64DivMod.o [4]
__basic_calloc          0x2007'2d0b   0x36  Code  Gb  heap0.o [2]
__basic_free            0x2007'2c81   0x16  Code  Gb  heap0.o [2]
__basic_free_intern     0x2007'2c97   0x74  Code  Lc  heap0.o [2]
__basic_malloc          0x2007'2bd5   0x18  Code  Gb  heap0.o [2]
__basic_malloc_intern   0x2007'2bed   0x94  Code  Lc  heap0.o [2]
__cmain                 0x2007'3065         Code  Gb  cmain.o [4]
__data_GetMemChunk      0x2007'2e39   0x2c  Code  Gb  xgetmemchunk.o [2]
__data_GetMemChunk::start
                        0x2007'34e0    0x4  Data  Lc  xgetmemchunk.o [2]
__data_memzero          0x2007'2e65   0x12  Code  Gb  xxmemxmemzero.o [2]
__exit                  0x2007'30bd   0x14  Code  Gb  exit.o [5]
__iar_copy_init3        0x2007'2273   0x2e  Code  Gb  copy_init3.o [4]
__iar_dadd              0x2007'22b1         Code  Gb  DblSub.o [3]
__iar_data_init3        0x2007'3085   0x28  Code  Gb  data_init.o [4]
__iar_dsub              0x2007'2a39         Code  Gb  DblAdd.o [3]
__iar_dsubStart         0x2007'2a4b         Code  Gb  DblAdd.o [3]
__iar_program_start     0x2007'3059         Code  Gb  cstartup.o [1]
__iar_zero_init3        0x2007'2217   0x3a  Code  Gb  zero_init3.o [4]
__low_level_init        0x2007'3029   0x20  Code  Gb  startup_sam3x.o [1]
__vector_table          0x2007'0000   0xf4  Data  Gb  startup_sam3x.o [1]
_call_main              0x2007'3071         Code  Gb  cmain.o [4]
_exit                   0x2007'30b1         Code  Gb  cexit.o [4]
_main                   0x2007'307f         Code  Gb  cmain.o [4]
adc_CDR1_value          0x2007'3418    0x8  Data  Gb  main.o [1]
adc_CDR2_value          0x2007'3420    0x8  Data  Gb  main.o [1]
adc_ch1_voltage         0x2007'3428    0x8  Data  Gb  main.o [1]
adc_ch2_voltage         0x2007'3430    0x8  Data  Gb  main.o [1]
adc_measure             0x2007'1385   0x8c  Code  Gb  main.o [1]
adc_setup               0x2007'1325   0x54  Code  Gb  main.o [1]
add_temp_recording      0x2007'201f   0xc8  Code  Gb  main.o [1]
append_to_list          0x2007'0fbb   0x30  Code  Gb  main.o [1]
calc_statistics         0x2007'0df9   0x60  Code  Gb  main.o [1]
char_to_longInt_array_conversion
                        0x2007'1661   0x38  Code  Lc  main.o [1]
clear                   0x2007'0851   0x44  Code  Gb  main.o [1]
colsArr                 0x2007'3218    0x8  Data  Gb  main.o [1]
convert_to_scord        0x2007'0895   0x40  Code  Gb  main.o [1]
create_node_with_data   0x2007'0feb   0x72  Code  Gb  main.o [1]
create_screen_element   0x2007'08d5   0x2a  Code  Gb  main.o [1]
curr_day_data           0x2007'34b8    0x4  Data  Gb  main.o [1]
curr_day_data_str       0x2007'34d4    0x4  Data  Gb  main.o [1]
curr_temp               0x2007'3438    0x8  Data  Gb  main.o [1]
current_date            0x2007'34a4    0x4  Data  Gb  main.o [1]
current_time            0x2007'34a8    0x4  Data  Gb  main.o [1]
current_time_hm         0x2007'34e4    0x2  Data  Gb  main.o [1]
date_str                0x2007'3400    0xc  Data  Gb  main.o [1]
date_to_str             0x2007'0d9b   0x42  Code  Gb  main.o [1]
date_to_string          0x2007'0313   0x3e  Code  Gb  main.o [1]
day_temp_data_to_string
                        0x2007'026f   0xa4  Code  Gb  main.o [1]
def_pass_len            0x2007'3230    0x4  Data  Gb  main.o [1]
def_us_len              0x2007'322c    0x4  Data  Gb  main.o [1]
default_password        0x2007'3228    0x4  Data  Gb  main.o [1]
default_user            0x2007'349c    0x4  Data  Gb  main.o [1]
default_username        0x2007'3224    0x4  Data  Gb  main.o [1]
delay_micro             0x2007'01b9   0x1a  Code  Gb  main.o [1]
delay_milis             0x2007'0199   0x20  Code  Gb  main.o [1]
delete_first_node       0x2007'1061   0x12  Code  Gb  main.o [1]
display_clear           0x2007'082b   0x26  Code  Gb  main.o [1]
display_date_time       0x2007'0c95   0x70  Code  Gb  main.o [1]
display_setup           0x2007'0577   0xb6  Code  Gb  main.o [1]
display_write           0x2007'08ff   0x5e  Code  Gb  main.o [1]
display_write_disable_flag
                        0x2007'3480    0x4  Data  Gb  main.o [1]
double_to_str           0x2007'0419   0x7e  Code  Gb  main.o [1]
double_to_str_fixed_length
                        0x2007'0497   0x9e  Code  Gb  main.o [1]
double_to_temp          0x2007'0535   0x2c  Code  Gb  main.o [1]
exit                    0x2007'30ad    0x4  Code  Gb  exit.o [2]
fast_mode_flag          0x2007'34d8    0x4  Data  Gb  main.o [1]
free                    0x2007'2d45    0x4  Code  Gb  heaptramp0.o [2]
full_setup              0x2007'1fdd   0x42  Code  Gb  main.o [1]
general_delay           0x2007'01d5    0xe  Code  Gb  main.o [1]
get_keypad_key          0x2007'09ad   0xac  Code  Gb  main.o [1]
get_light_rotation_data
                        0x2007'14d5   0x42  Code  Gb  main.o [1]
get_temp                0x2007'117d   0x4c  Code  Gb  main.o [1]
hash_password           0x2007'1e29   0x32  Code  Gb  main.o [1]
head                    0x2007'34ac    0x4  Data  Gb  main.o [1]
init_date_time          0x2007'0aeb    0x8  Code  Gb  main.o [1]
int_to_str              0x2007'039b   0x3e  Code  Gb  main.o [1]
int_to_str_fixed_length
                        0x2007'03d9   0x40  Code  Gb  main.o [1]
keypad_setup            0x2007'0a59   0x92  Code  Gb  main.o [1]
last_temp_mesure        0x2007'34c8    0x4  Data  Gb  main.o [1]
leap_feb                0x2007'31c0    0x4  Data  Gb  main.o [1]
light_measure           0x2007'141d   0x3c  Code  Gb  main.o [1]
light_rotation_data     0x2007'32c0  0x120  Data  Gb  main.o [1]
light_sens_ch1_ready    0x2007'3490    0x4  Data  Gb  main.o [1]
light_sens_ch2_ready    0x2007'3494    0x4  Data  Gb  main.o [1]
light_to_volt_coefficcient
                        0x2007'3208    0x8  Data  Gb  main.o [1]
list_size               0x2007'34b4    0x4  Data  Gb  main.o [1]
login_init              0x2007'1cb9   0xae  Code  Gb  main.o [1]
loopCount               0x2007'34dc    0x4  Data  Gb  main.o [1]
main                    0x2007'1e5b  0x182  Code  Gb  main.o [1]
md5_S                   0x2007'3120   0x20  Data  Gb  main.o [1]
md5_T                   0x2007'2e78  0x100  Data  Gb  main.o [1]
md5_X_I                 0x2007'2f78   0x80  Data  Gb  main.o [1]
md5_append_size         0x2007'1c95    0x2  Code  Lc  main.o [1]
md5_block_transform_state
                        0x2007'1609   0x58  Code  Lc  main.o [1]
md5_copy_arr            0x2007'1c97   0x14  Code  Lc  main.o [1]
md5_encode              0x2007'1699  0x4d8  Code  Lc  main.o [1]
md5_erase_arr           0x2007'1cab    0xe  Code  Lc  main.o [1]
md5_final_encode        0x2007'1b85   0xf2  Code  Gb  main.o [1]
md5_padding             0x2007'31c8   0x40  Data  Lc  main.o [1]
measure_temp_flag       0x2007'34c4    0x4  Data  Gb  main.o [1]
measures_per_min        0x2007'3238    0x4  Data  Gb  main.o [1]
microseconds            0x2007'3448    0x8  Data  Gb  main.o [1]
month_days              0x2007'2ff8   0x30  Data  Gb  main.o [1]
new_day_flag            0x2007'34c0    0x4  Data  Gb  main.o [1]
new_minute_flag         0x2007'34cc    0x4  Data  Gb  main.o [1]
num_of_measurements     0x2007'34bc    0x4  Data  Gb  main.o [1]
prev_servo_call         0x2007'3484    0x4  Data  Gb  main.o [1]
pwm_setup               0x2007'1465   0x44  Code  Gb  main.o [1]
reverse_str             0x2007'037f   0x1c  Code  Gb  main.o [1]
rowsArr                 0x2007'3210    0x8  Data  Gb  main.o [1]
screen_date             0x2007'33f0   0x10  Data  Gb  main.o [1]
screen_time             0x2007'33e0   0x10  Data  Gb  main.o [1]
servo_get_position      0x2007'14c7    0x8  Code  Gb  main.o [1]
servo_position          0x2007'3410    0x8  Data  Gb  main.o [1]
servo_set_position      0x2007'14a9   0x1e  Code  Gb  main.o [1]
set_cursor              0x2007'07c1   0x2c  Code  Gb  main.o [1]
set_day_statistics      0x2007'20ed   0x64  Code  Gb  main.o [1]
set_timedate            0x2007'0af3  0x192  Code  Gb  main.o [1]
set_to_max_light        0x2007'1517   0x3e  Code  Gb  main.o [1]
start_pulse             0x2007'10e1   0x3e  Code  Gb  main.o [1]
syst                    0x2007'3220    0x4  Data  Gb  main.o [1]
systick_delay           0x2007'3488    0x4  Data  Gb  main.o [1]
systick_setup           0x2007'017f   0x18  Code  Gb  main.o [1]
systick_trigger         0x2007'348c    0x4  Data  Gb  main.o [1]
tail                    0x2007'34b0    0x4  Data  Gb  main.o [1]
tcDelta                 0x2007'3440    0x8  Data  Gb  main.o [1]
temp_alarm_flag         0x2007'340c    0x4  Data  Gb  main.o [1]
temp_display_alarm      0x2007'12bd   0x50  Code  Gb  main.o [1]
temp_led_alarm          0x2007'130d    0xa  Code  Gb  main.o [1]
temp_minute_avg         0x2007'3468    0x8  Data  Gb  main.o [1]
temp_minute_count       0x2007'34d0    0x4  Data  Gb  main.o [1]
temp_rdy_flag           0x2007'3498    0x4  Data  Gb  main.o [1]
temp_reset              0x2007'111f   0x20  Code  Gb  main.o [1]
temp_setup              0x2007'1145   0x38  Code  Gb  main.o [1]
temp_to_double          0x2007'0561   0x16  Code  Gb  main.o [1]
temperature             0x2007'3470    0x8  Data  Gb  main.o [1]
temperature_alarm       0x2007'11d5   0xe8  Code  Gb  main.o [1]
time_config_flag        0x2007'3234    0x4  Data  Gb  main.o [1]
time_hm_to_string       0x2007'0351   0x2e  Code  Gb  main.o [1]
time_str                0x2007'3450    0x8  Data  Gb  main.o [1]
time_to_str             0x2007'0d5d   0x3e  Code  Gb  main.o [1]
timer_counter_setup     0x2007'1073   0x6e  Code  Gb  main.o [1]
update_avg_min_max      0x2007'0e71  0x14a  Code  Gb  main.o [1]
update_statistics       0x2007'0ddd   0x1c  Code  Gb  main.o [1]
users                   0x2007'34a0    0x4  Data  Gb  main.o [1]
var_sum1                0x2007'3458    0x8  Data  Gb  main.o [1]
var_sum2                0x2007'3460    0x8  Data  Gb  main.o [1]
write_blank_to_display  0x2007'07ed   0x3e  Code  Gb  main.o [1]
write_string_to_display
                        0x2007'095d   0x50  Code  Gb  main.o [1]


[1] = C:\Users\Elias\Documents\IAR Embedded Workbench\CSE_GR18_Project\Debug\Obj
[2] = dl7M_tln.a
[3] = m7M_tl.a
[4] = rt7M_tl.a
[5] = shb_l.a

  11'818 bytes of readonly  code memory
   1'046 bytes of readonly  data memory
  12'962 bytes of readwrite data memory

Errors: none
Warnings: none
