###############################################################################
#
# IAR ELF Linker V8.50.1.245/W32 for ARM                  14/Dec/2020  17:39:14
# Copyright 2007-2020 IAR Systems AB.
#
#    Output file  =
#        C:\Users\Elias\Documents\IAR Embedded
#        Workbench\CSE_GR18_Project\Debug\Exe\CSE_GR18_Project.out
#    Map file     =
#        C:\Users\Elias\Documents\IAR Embedded
#        Workbench\CSE_GR18_Project\Debug\List\CSE_GR18_Project.map
#    Command line =
#        -f C:\Users\Elias\AppData\Local\Temp\EW3372.tmp
#        ("C:\Users\Elias\Documents\IAR Embedded
#        Workbench\CSE_GR18_Project\Debug\Obj\cstartup.o"
#        "C:\Users\Elias\Documents\IAR Embedded
#        Workbench\CSE_GR18_Project\Debug\Obj\exceptions.o"
#        "C:\Users\Elias\Documents\IAR Embedded
#        Workbench\CSE_GR18_Project\Debug\Obj\main.o"
#        "C:\Users\Elias\Documents\IAR Embedded
#        Workbench\CSE_GR18_Project\Debug\Obj\startup_sam3x.o"
#        "C:\Users\Elias\Documents\IAR Embedded
#        Workbench\CSE_GR18_Project\Debug\Obj\system_sam3x.o"
#        --no_out_extension -o "C:\Users\Elias\Documents\IAR Embedded
#        Workbench\CSE_GR18_Project\Debug\Exe\CSE_GR18_Project.out" --redirect
#        _Printf=_PrintfFullNoMb --redirect _Scanf=_ScanfFullNoMb --map
#        "C:\Users\Elias\Documents\IAR Embedded
#        Workbench\CSE_GR18_Project\Debug\List\CSE_GR18_Project.map" --config
#        "C:\Program Files (x86)\IAR Systems\Embedded Workbench
#        8.4\arm\config\linker\Microchip\sam3x8\sram.icf" --semihosting --entry
#        __iar_program_start --vfe --text_out locale)
#
###############################################################################

*******************************************************************************
*** RUNTIME MODEL ATTRIBUTES
***

CppFlavor       = *
__SystemLibrary = DLib
__dlib_version  = 6


*******************************************************************************
*** HEAP SELECTION
***

The basic heap was selected because some modules are built with
size limitations (and not runtime checking), and --advanced_heap
was not specified.


*******************************************************************************
*** PLACEMENT SUMMARY
***

"A0":  place at address 0x2007'0000 { ro section .intvec };
"P1":  place in [from 0x2007'0000 to 0x2008'7fff] { ro };
define block CSTACK with size = 4K, alignment = 8 { };
define block HEAP with size = 8K, alignment = 8 { };
"P2":  place in [from 0x2007'0000 to 0x2008'7fff] {
          rw, block CSTACK, block HEAP };
initialize by copy with packing = copy, complex ranges { rw };

  Section            Kind         Address    Size  Object
  -------            ----         -------    ----  ------
"A0":                                        0xf4
  .intvec                     0x2007'0000    0xf4  <Block>
    .intvec          const    0x2007'0000    0xf4  startup_sam3x.o [1]
                            - 0x2007'00f4    0xf4

"P1-P2", part 1 of 3:                      0x309c
  .text              ro code  0x2007'00f4  0x1102  main.o [1]
  .text              ro code  0x2007'11f6    0x3a  zero_init3.o [4]
  .text              ro code  0x2007'1230    0x3a  DblToS32.o [3]
  .text              ro code  0x2007'126a    0x2e  copy_init3.o [4]
  .text              ro code  0x2007'1298    0x22  S32ToDbl.o [3]
  .text              ro code  0x2007'12ba    0x1a  xsnprout.o [2]
  .text              ro code  0x2007'12d4    0xe2  DblSub.o [3]
  .text              ro code  0x2007'13b6     0x2  exceptions.o [1]
  .text              ro code  0x2007'13b8   0x1a2  DblMul.o [3]
  .text              ro code  0x2007'155c    0xa6  ABImemcpy.o [4]
  .text              ro code  0x2007'1604   0x246  DblDiv.o [3]
  .text              ro code  0x2007'184c   0x17a  DblAdd.o [3]
  .text              ro code  0x2007'19c8    0x2e  DblCmpGe.o [3]
  .text              ro code  0x2007'19f8    0x2e  DblCmpLe.o [3]
  .text              ro code  0x2007'1a28    0x1a  U32ToDbl.o [3]
  .text              ro code  0x2007'1a44    0x44  snprintf.o [2]
  .text              ro code  0x2007'1a88    0x18  strcpy.o [4]
  .text              ro code  0x2007'1aa0    0x1e  strcat.o [2]
  .text              ro code  0x2007'1ac0    0xa0  system_sam3x.o [1]
  .text              ro code  0x2007'1b60   0xfa6  xprintffull_nomb.o [2]
  .text              ro code  0x2007'2b08    0x16  strchr.o [4]
  .text              ro code  0x2007'2b20    0x40  xfail_s.o [2]
  .text              ro code  0x2007'2b60    0x36  strlen.o [4]
  .text              ro code  0x2007'2b98    0x58  memchr.o [4]
  .text              ro code  0x2007'2bf0    0x70  frexp.o [3]
  .text              ro code  0x2007'2c60   0x13a  ldexp.o [3]
  .text              ro code  0x2007'2d9c    0x28  DblToU32.o [3]
  .text              ro code  0x2007'2dc4   0x230  I64DivMod.o [4]
  .text              ro code  0x2007'2ff4     0x6  abort.o [2]
  .text              ro code  0x2007'2ffc     0x2  I64DivZer.o [4]
  .text              ro code  0x2007'3000    0x14  exit.o [5]
  .text              ro code  0x2007'3014    0x30  startup_sam3x.o [1]
  .text              ro code  0x2007'3044     0xc  cstartup.o [1]
  .text              ro code  0x2007'3050    0x1e  cmain.o [4]
  .text              ro code  0x2007'3070    0x28  data_init.o [4]
  .text              ro code  0x2007'3098     0x4  exit.o [2]
  .text              ro code  0x2007'309c     0xa  cexit.o [4]
  .rodata            const    0x2007'30a8    0x2c  main.o [1]
  .iar.init_table    const    0x2007'30d4    0x24  - Linker created -
  .rodata            const    0x2007'30f8    0x18  main.o [1]
  .rodata            const    0x2007'3110    0x18  main.o [1]
  .rodata            const    0x2007'3128     0xc  main.o [1]
  .rodata            const    0x2007'3134     0xc  main.o [1]
  .rodata            const    0x2007'3140     0x8  main.o [1]
  .rodata            const    0x2007'3148     0x8  xprintffull_nomb.o [2]
  .rodata            const    0x2007'3150     0x0  zero_init3.o [4]
  .rodata            const    0x2007'3150     0x0  copy_init3.o [4]
  P1-P2 s0                    0x2007'3150    0x20  <Init block>
    .data            inited   0x2007'3150     0x8  main.o [1]
    .data            inited   0x2007'3158     0x8  main.o [1]
    .data            inited   0x2007'3160     0x8  main.o [1]
    .data            inited   0x2007'3168     0x4  main.o [1]
    .data            inited   0x2007'316c     0x4  system_sam3x.o [1]
  Initializer bytes  const    0x2007'3170    0x20  <for P1-P2 s0>
                            - 0x2007'3190  0x309c

"P1-P2", part 2 of 3:                       0x188
  .bss               zero     0x2007'3190   0x120  main.o [1]
  .bss               zero     0x2007'32b0     0x8  main.o [1]
  .bss               zero     0x2007'32b8     0x8  main.o [1]
  .bss               zero     0x2007'32c0     0x8  main.o [1]
  .bss               zero     0x2007'32c8     0x8  main.o [1]
  .bss               zero     0x2007'32d0     0x8  main.o [1]
  .bss               zero     0x2007'32d8     0x8  main.o [1]
  .bss               zero     0x2007'32e0     0x8  main.o [1]
  .bss               zero     0x2007'32e8     0x8  main.o [1]
  .bss               zero     0x2007'32f0     0x4  main.o [1]
  .bss               zero     0x2007'32f4     0x4  main.o [1]
  .bss               zero     0x2007'32f8     0x4  main.o [1]
  .bss               zero     0x2007'32fc     0x4  main.o [1]
  .bss               zero     0x2007'3300     0x4  main.o [1]
  .bss               zero     0x2007'3304     0x4  main.o [1]
  .bss               zero     0x2007'3308     0x4  main.o [1]
  .bss               zero     0x2007'330c     0x4  main.o [1]
  .bss               zero     0x2007'3310     0x4  main.o [1]
  .bss               zero     0x2007'3314     0x4  xfail_s.o [2]
                            - 0x2007'3318   0x188

"P1-P2", part 3 of 3:                      0x1000
  CSTACK                      0x2007'3318  0x1000  <Block>
    CSTACK           uninit   0x2007'3318  0x1000  <Block tail>
                            - 0x2007'4318  0x1000

Unused ranges:

         From           To      Size
         ----           --      ----
  0x2007'4318  0x2008'7fff  0x1'3ce8


*******************************************************************************
*** INIT TABLE
***

          Address      Size
          -------      ----
Zero (__iar_zero_init3)
    1 destination range, total size 0x188:
          0x2007'3190  0x188

Copy (__iar_copy_init3)
    1 source range, total size 0x20:
          0x2007'3170   0x20
    1 destination range, total size 0x20:
          0x2007'3150   0x20



*******************************************************************************
*** MODULE SUMMARY
***

    Module              ro code  ro data  rw data
    ------              -------  -------  -------
command line/config:
    ---------------------------------------------
    Total:

C:\Users\Elias\Documents\IAR Embedded Workbench\CSE_GR18_Project\Debug\Obj: [1]
    cstartup.o               12
    exceptions.o              2
    main.o                4'354      152      416
    startup_sam3x.o          48      244
    system_sam3x.o          160        4        4
    ---------------------------------------------
    Total:                4'576      400      420

dl7M_tln.a: [2]
    abort.o                   6
    exit.o                    4
    snprintf.o               68
    strcat.o                 30
    xfail_s.o                64                 4
    xprintffull_nomb.o    4'006        8
    xsnprout.o               26
    ---------------------------------------------
    Total:                4'204        8        4

m7M_tl.a: [3]
    DblAdd.o                378
    DblCmpGe.o               46
    DblCmpLe.o               46
    DblDiv.o                582
    DblMul.o                418
    DblSub.o                226
    DblToS32.o               58
    DblToU32.o               40
    S32ToDbl.o               34
    U32ToDbl.o               26
    frexp.o                 112
    ldexp.o                 314
    ---------------------------------------------
    Total:                2'280

rt7M_tl.a: [4]
    ABImemcpy.o             166
    I64DivMod.o             560
    I64DivZer.o               2
    cexit.o                  10
    cmain.o                  30
    copy_init3.o             46
    data_init.o              40
    memchr.o                 88
    strchr.o                 22
    strcpy.o                 24
    strlen.o                 54
    zero_init3.o             58
    ---------------------------------------------
    Total:                1'100

shb_l.a: [5]
    exit.o                   20
    ---------------------------------------------
    Total:                   20

    Gaps                     30        2
    Linker created                    36    4'096
-------------------------------------------------
    Grand Total:         12'210      446    4'520


*******************************************************************************
*** ENTRY LIST
***

Entry                       Address   Size  Type      Object
-----                       -------   ----  ----      ------
.iar.init_table$$Base   0x2007'30d4          --   Gb  - Linker created -
.iar.init_table$$Limit  0x2007'30f8          --   Gb  - Linker created -
.intvec$$Base           0x2007'0000          --   Gb  - Linker created -
.intvec$$Limit          0x2007'00f4          --   Gb  - Linker created -
?main                   0x2007'3051         Code  Gb  cmain.o [4]
ADC_Handler             0x2007'0215   0x3e  Code  Gb  main.o [1]
BusFault_Handler        0x2007'13b7    0x2  Code  Wk  exceptions.o [1]
CAN0_Handler            0x2007'13b7    0x2  Code  Wk  exceptions.o [1]
CAN1_Handler            0x2007'13b7    0x2  Code  Wk  exceptions.o [1]
CSTACK$$Base            0x2007'3318          --   Gb  - Linker created -
CSTACK$$Limit           0x2007'4318          --   Gb  - Linker created -
DACC_Handler            0x2007'13b7    0x2  Code  Wk  exceptions.o [1]
DMAC_Handler            0x2007'13b7    0x2  Code  Wk  exceptions.o [1]
DebugMon_Handler        0x2007'13b7    0x2  Code  Wk  exceptions.o [1]
Dummy_Handler           0x2007'13b7    0x2  Code  Gb  exceptions.o [1]
EFC0_Handler            0x2007'13b7    0x2  Code  Wk  exceptions.o [1]
EFC1_Handler            0x2007'13b7    0x2  Code  Wk  exceptions.o [1]
HSMCI_Handler           0x2007'13b7    0x2  Code  Wk  exceptions.o [1]
HardFault_Handler       0x2007'13b7    0x2  Code  Wk  exceptions.o [1]
Init_Display            0x2007'04f1   0x92  Code  Gb  main.o [1]
MemManage_Handler       0x2007'13b7    0x2  Code  Wk  exceptions.o [1]
NMI_Handler             0x2007'13b7    0x2  Code  Wk  exceptions.o [1]
NVIC_ClearPendingIRQ    0x2007'010b   0x16  Code  Lc  main.o [1]
NVIC_EnableIRQ          0x2007'00f5   0x16  Code  Lc  main.o [1]
NVIC_SetPriority        0x2007'0121   0x28  Code  Lc  main.o [1]
PIOA_Handler            0x2007'13b7    0x2  Code  Wk  exceptions.o [1]
PIOB_Handler            0x2007'13b7    0x2  Code  Wk  exceptions.o [1]
PIOC_Handler            0x2007'13b7    0x2  Code  Wk  exceptions.o [1]
PIOD_Handler            0x2007'13b7    0x2  Code  Wk  exceptions.o [1]
PMC_Handler             0x2007'13b7    0x2  Code  Wk  exceptions.o [1]
PWM_Handler             0x2007'13b7    0x2  Code  Wk  exceptions.o [1]
PendSV_Handler          0x2007'13b7    0x2  Code  Wk  exceptions.o [1]
RSTC_Handler            0x2007'13b7    0x2  Code  Wk  exceptions.o [1]
RTC_Handler             0x2007'13b7    0x2  Code  Wk  exceptions.o [1]
RTT_Handler             0x2007'13b7    0x2  Code  Wk  exceptions.o [1]
Read_Status_Display     0x2007'0583   0x5a  Code  Gb  main.o [1]
Region$$Table$$Base     0x2007'30d4          --   Gb  - Linker created -
Region$$Table$$Limit    0x2007'30f8          --   Gb  - Linker created -
Reset_Handler           0x2007'303d    0x8  Code  Gb  startup_sam3x.o [1]
SPI0_Handler            0x2007'13b7    0x2  Code  Wk  exceptions.o [1]
SSC_Handler             0x2007'13b7    0x2  Code  Wk  exceptions.o [1]
SUPC_Handler            0x2007'13b7    0x2  Code  Wk  exceptions.o [1]
SVC_Handler             0x2007'13b7    0x2  Code  Wk  exceptions.o [1]
SysTick_Config          0x2007'0149   0x36  Code  Lc  main.o [1]
SysTick_Handler         0x2007'01f5   0x20  Code  Gb  main.o [1]
SystemCoreClock         0x2007'316c    0x4  Data  Gb  system_sam3x.o [1]
SystemInit              0x2007'1ac1   0x70  Code  Gb  system_sam3x.o [1]
TC0_Handler             0x2007'01e3   0x12  Code  Gb  main.o [1]
TC1_Handler             0x2007'13b7    0x2  Code  Wk  exceptions.o [1]
TC2_Handler             0x2007'13b7    0x2  Code  Wk  exceptions.o [1]
TC3_Handler             0x2007'13b7    0x2  Code  Wk  exceptions.o [1]
TC4_Handler             0x2007'13b7    0x2  Code  Wk  exceptions.o [1]
TC5_Handler             0x2007'13b7    0x2  Code  Wk  exceptions.o [1]
TRNG_Handler            0x2007'13b7    0x2  Code  Wk  exceptions.o [1]
TWI0_Handler            0x2007'13b7    0x2  Code  Wk  exceptions.o [1]
TWI1_Handler            0x2007'13b7    0x2  Code  Wk  exceptions.o [1]
UART_Handler            0x2007'13b7    0x2  Code  Wk  exceptions.o [1]
UOTGHS_Handler          0x2007'13b7    0x2  Code  Wk  exceptions.o [1]
USART0_Handler          0x2007'13b7    0x2  Code  Wk  exceptions.o [1]
USART1_Handler          0x2007'13b7    0x2  Code  Wk  exceptions.o [1]
USART2_Handler          0x2007'13b7    0x2  Code  Wk  exceptions.o [1]
UsageFault_Handler      0x2007'13b7    0x2  Code  Wk  exceptions.o [1]
WDT_Handler             0x2007'13b7    0x2  Code  Wk  exceptions.o [1]
Write_Command_2_Display
                        0x2007'063b   0x5e  Code  Gb  main.o [1]
Write_Data_2_Display    0x2007'05dd   0x5e  Code  Gb  main.o [1]
_LitobFullNoMb          0x2007'2901  0x10a  Code  Lc  xprintffull_nomb.o [2]
_PrintfFullNoMb         0x2007'1b61  0xd7c  Code  Gb  xprintffull_nomb.o [2]
_PutcharFullNoMb        0x2007'2a71   0x20  Code  Lc  xprintffull_nomb.o [2]
_PutcharsFullNoMb       0x2007'2a91   0x2e  Code  Lc  xprintffull_nomb.o [2]
_SNProut                0x2007'12bb   0x1a  Code  Gb  xsnprout.o [2]
__aeabi_cdcmple         0x2007'19f9         Code  Gb  DblCmpLe.o [3]
__aeabi_cdrcmple        0x2007'19c9         Code  Gb  DblCmpGe.o [3]
__aeabi_d2iz            0x2007'1231         Code  Gb  DblToS32.o [3]
__aeabi_d2uiz           0x2007'2d9d         Code  Gb  DblToU32.o [3]
__aeabi_dadd            0x2007'184d         Code  Gb  DblAdd.o [3]
__aeabi_ddiv            0x2007'1605         Code  Gb  DblDiv.o [3]
__aeabi_dmul            0x2007'13b9         Code  Gb  DblMul.o [3]
__aeabi_dsub            0x2007'12d5         Code  Gb  DblSub.o [3]
__aeabi_i2d             0x2007'1299         Code  Gb  S32ToDbl.o [3]
__aeabi_ldiv0           0x2007'2ffd         Code  Gb  I64DivZer.o [4]
__aeabi_memcpy          0x2007'155d         Code  Gb  ABImemcpy.o [4]
__aeabi_memcpy4         0x2007'157d         Code  Gb  ABImemcpy.o [4]
__aeabi_memcpy8         0x2007'157d         Code  Gb  ABImemcpy.o [4]
__aeabi_ui2d            0x2007'1a29         Code  Gb  U32ToDbl.o [3]
__aeabi_uldivmod        0x2007'2dc5         Code  Gb  I64DivMod.o [4]
__cmain                 0x2007'3051         Code  Gb  cmain.o [4]
__exit                  0x2007'3001   0x14  Code  Gb  exit.o [5]
__iar_Fail_s            0x2007'2b21   0x1c  Code  Gb  xfail_s.o [2]
__iar_Memchr            0x2007'2b99         Code  Gb  memchr.o [4]
__iar_Strchr            0x2007'2b09         Code  Gb  strchr.o [4]
__iar_copy_init3        0x2007'126b   0x2e  Code  Gb  copy_init3.o [4]
__iar_dadd              0x2007'12e5         Code  Gb  DblSub.o [3]
__iar_data_init3        0x2007'3071   0x28  Code  Gb  data_init.o [4]
__iar_dsub              0x2007'185d         Code  Gb  DblAdd.o [3]
__iar_dsubStart         0x2007'186f         Code  Gb  DblAdd.o [3]
__iar_frexp             0x2007'2bfd         Code  Gb  frexp.o [3]
__iar_frexp64           0x2007'2bf1         Code  Gb  frexp.o [3]
__iar_frexpl            0x2007'2bfd         Code  Gb  frexp.o [3]
__iar_ldexp64           0x2007'2c61         Code  Gb  ldexp.o [3]
__iar_program_start     0x2007'3045         Code  Gb  cstartup.o [1]
__iar_scalbln64         0x2007'2c61         Code  Gb  ldexp.o [3]
__iar_scalbn64          0x2007'2c61         Code  Gb  ldexp.o [3]
__iar_zero_init3        0x2007'11f7   0x3a  Code  Gb  zero_init3.o [4]
__low_level_init        0x2007'3015   0x20  Code  Gb  startup_sam3x.o [1]
__vector_table          0x2007'0000   0xf4  Data  Gb  startup_sam3x.o [1]
_call_main              0x2007'305d         Code  Gb  cmain.o [4]
_exit                   0x2007'309d         Code  Gb  cexit.o [4]
_main                   0x2007'306b         Code  Gb  cmain.o [4]
abort                   0x2007'2ff5    0x6  Code  Gb  abort.o [2]
adc_CDR1_value          0x2007'32b8    0x8  Data  Gb  main.o [1]
adc_CDR2_value          0x2007'32c0    0x8  Data  Gb  main.o [1]
adc_ch1_voltage         0x2007'32c8    0x8  Data  Gb  main.o [1]
adc_ch2_voltage         0x2007'32d0    0x8  Data  Gb  main.o [1]
adc_measure             0x2007'0cc5   0x88  Code  Gb  main.o [1]
adc_setup               0x2007'0c61   0x52  Code  Gb  main.o [1]
clear                   0x2007'0729   0x44  Code  Gb  main.o [1]
colsArr                 0x2007'3160    0x8  Data  Gb  main.o [1]
convert_to_scord        0x2007'076d   0x40  Code  Gb  main.o [1]
create_screen_element   0x2007'07ad   0x2a  Code  Gb  main.o [1]
curr_temp               0x2007'32d8    0x8  Data  Gb  main.o [1]
date_to_string          0x2007'02f7   0x3e  Code  Gb  main.o [1]
day_temp_data_to_string
                        0x2007'0253   0xa4  Code  Gb  main.o [1]
delay_micro             0x2007'01b9   0x1a  Code  Gb  main.o [1]
delay_milis             0x2007'0199   0x20  Code  Gb  main.o [1]
display_clear           0x2007'0703   0x26  Code  Gb  main.o [1]
display_setup           0x2007'043b   0xb6  Code  Gb  main.o [1]
display_write           0x2007'07d7   0x5e  Code  Gb  main.o [1]
display_write_disable_flag
                        0x2007'32f4    0x4  Data  Gb  main.o [1]
double_to_str           0x2007'03bd   0x7e  Code  Gb  main.o [1]
exit                    0x2007'3099    0x4  Code  Gb  exit.o [2]
frexp                   0x2007'2bf1         Code  Gb  frexp.o [3]
frexpl                  0x2007'2bf1         Code  Gb  frexp.o [3]
full_setup              0x2007'11bd   0x3a  Code  Gb  main.o [1]
general_delay           0x2007'01d5    0xe  Code  Gb  main.o [1]
get_keypad_key          0x2007'0885   0xac  Code  Gb  main.o [1]
get_light_rotation_data
                        0x2007'0e01   0x40  Code  Gb  main.o [1]
get_temp                0x2007'0ac9   0x4c  Code  Gb  main.o [1]
int_to_str              0x2007'037f   0x3e  Code  Gb  main.o [1]
keypad_setup            0x2007'0931   0x92  Code  Gb  main.o [1]
ldexp                   0x2007'2c61         Code  Gb  ldexp.o [3]
ldexpl                  0x2007'2c61         Code  Gb  ldexp.o [3]
light_measure           0x2007'0d55   0x3c  Code  Gb  main.o [1]
light_rotation_data     0x2007'3190  0x120  Data  Gb  main.o [1]
light_sens_ch1_ready    0x2007'3304    0x4  Data  Gb  main.o [1]
light_sens_ch2_ready    0x2007'3308    0x4  Data  Gb  main.o [1]
light_to_volt_coefficcient
                        0x2007'3150    0x8  Data  Gb  main.o [1]
loopCount               0x2007'3310    0x4  Data  Gb  main.o [1]
main                    0x2007'0ec5  0x1f2  Code  Gb  main.o [1]
memchr                  0x2007'2b99         Code  Gb  memchr.o [4]
prev_servo_call         0x2007'32f8    0x4  Data  Gb  main.o [1]
pwm_setup               0x2007'0d91   0x44  Code  Gb  main.o [1]
reverse_str             0x2007'0363   0x1c  Code  Gb  main.o [1]
rowsArr                 0x2007'3158    0x8  Data  Gb  main.o [1]
scalbln                 0x2007'2c61         Code  Gb  ldexp.o [3]
scalblnl                0x2007'2c61         Code  Gb  ldexp.o [3]
scalbn                  0x2007'2c61         Code  Gb  ldexp.o [3]
scalbnl                 0x2007'2c61         Code  Gb  ldexp.o [3]
scale                   0x2007'2a0b   0x46  Code  Lc  xprintffull_nomb.o [2]
sec_hand                0x2007'3314    0x4  Data  Lc  xfail_s.o [2]
servo_get_position      0x2007'0df3    0x8  Code  Gb  main.o [1]
servo_position          0x2007'32b0    0x8  Data  Gb  main.o [1]
servo_set_position      0x2007'0dd5   0x1e  Code  Gb  main.o [1]
set_cursor              0x2007'0699   0x2c  Code  Gb  main.o [1]
set_to_max_light        0x2007'0e55   0x3c  Code  Gb  main.o [1]
snprintf                0x2007'1a45   0x44  Code  Gb  snprintf.o [2]
start_pulse             0x2007'0a31   0x3c  Code  Gb  main.o [1]
strcat                  0x2007'1aa1   0x1e  Code  Gb  strcat.o [2]
strchr                  0x2007'2b09         Code  Gb  strchr.o [4]
strcpy                  0x2007'1a89         Code  Gb  strcpy.o [4]
strlen                  0x2007'2b61         Code  Gb  strlen.o [4]
syst                    0x2007'3168    0x4  Data  Gb  main.o [1]
systick_delay           0x2007'32fc    0x4  Data  Gb  main.o [1]
systick_setup           0x2007'017f   0x18  Code  Gb  main.o [1]
systick_trigger         0x2007'3300    0x4  Data  Gb  main.o [1]
tcDelta                 0x2007'32e0    0x8  Data  Gb  main.o [1]
temp_alarm_flag         0x2007'32f0    0x4  Data  Gb  main.o [1]
temp_display_alarm      0x2007'0bfd   0x50  Code  Gb  main.o [1]
temp_led_alarm          0x2007'0c4d    0x8  Code  Gb  main.o [1]
temp_rdy_flag           0x2007'330c    0x4  Data  Gb  main.o [1]
temp_reset              0x2007'0a6d   0x20  Code  Gb  main.o [1]
temp_setup              0x2007'0a8d   0x3c  Code  Gb  main.o [1]
temperature             0x2007'32e8    0x8  Data  Gb  main.o [1]
temperature_alarm       0x2007'0b15   0xe8  Code  Gb  main.o [1]
time_hm_to_string       0x2007'0335   0x2e  Code  Gb  main.o [1]
timer_counter_setup     0x2007'09c3   0x6e  Code  Gb  main.o [1]
write_blank_to_display  0x2007'06c5   0x3e  Code  Gb  main.o [1]
write_string_to_display
                        0x2007'0835   0x50  Code  Gb  main.o [1]


[1] = C:\Users\Elias\Documents\IAR Embedded Workbench\CSE_GR18_Project\Debug\Obj
[2] = dl7M_tln.a
[3] = m7M_tl.a
[4] = rt7M_tl.a
[5] = shb_l.a

  12'210 bytes of readonly  code memory
     446 bytes of readonly  data memory
   4'520 bytes of readwrite data memory

Errors: none
Warnings: none
