###############################################################################
#
# IAR ELF Linker V8.50.1.245/W32 for ARM                  06/Jan/2021  17:13:04
# Copyright 2007-2020 IAR Systems AB.
#
#    Output file  =
#        C:\Users\Elias\Documents\IAR Embedded
#        Workbench\CSE_GR18_Project\Debug\Exe\CSE_GR18_Project.out
#    Map file     =
#        C:\Users\Elias\Documents\IAR Embedded
#        Workbench\CSE_GR18_Project\Debug\List\CSE_GR18_Project.map
#    Command line =
#        -f C:\Users\Elias\AppData\Local\Temp\EWEFB6.tmp
#        ("C:\Users\Elias\Documents\IAR Embedded
#        Workbench\CSE_GR18_Project\Debug\Obj\cstartup.o"
#        "C:\Users\Elias\Documents\IAR Embedded
#        Workbench\CSE_GR18_Project\Debug\Obj\exceptions.o"
#        "C:\Users\Elias\Documents\IAR Embedded
#        Workbench\CSE_GR18_Project\Debug\Obj\main.o"
#        "C:\Users\Elias\Documents\IAR Embedded
#        Workbench\CSE_GR18_Project\Debug\Obj\startup_sam3x.o"
#        "C:\Users\Elias\Documents\IAR Embedded
#        Workbench\CSE_GR18_Project\Debug\Obj\system_sam3x.o"
#        --no_out_extension -o "C:\Users\Elias\Documents\IAR Embedded
#        Workbench\CSE_GR18_Project\Debug\Exe\CSE_GR18_Project.out" --redirect
#        _Printf=_PrintfFullNoMb --redirect _Scanf=_ScanfFullNoMb --map
#        "C:\Users\Elias\Documents\IAR Embedded
#        Workbench\CSE_GR18_Project\Debug\List\CSE_GR18_Project.map" --config
#        "C:\Program Files (x86)\IAR Systems\Embedded Workbench
#        8.4\arm\config\linker\Microchip\sam3x8\sram.icf" --semihosting --entry
#        __iar_program_start --vfe --text_out locale)
#
###############################################################################

*******************************************************************************
*** RUNTIME MODEL ATTRIBUTES
***

CppFlavor       = *
__Heap_Handler  = Basic
__SystemLibrary = DLib
__dlib_version  = 6


*******************************************************************************
*** HEAP SELECTION
***

The basic heap was selected because some modules are built with
size limitations (and not runtime checking), and --advanced_heap
was not specified.


*******************************************************************************
*** PLACEMENT SUMMARY
***

"A0":  place at address 0x2007'0000 { ro section .intvec };
"P1":  place in [from 0x2007'0000 to 0x2008'7fff] { ro };
define block CSTACK with size = 4K, alignment = 8 { };
define block HEAP with size = 8K, alignment = 8 { };
"P2":  place in [from 0x2007'0000 to 0x2008'7fff] {
          rw, block CSTACK, block HEAP };
initialize by copy with packing = copy, complex ranges { rw };

  Section            Kind         Address    Size  Object
  -------            ----         -------    ----  ------
"A0":                                        0xf4
  .intvec                     0x2007'0000    0xf4  <Block>
    .intvec          const    0x2007'0000    0xf4  startup_sam3x.o [1]
                            - 0x2007'00f4    0xf4

"P1-P2", part 1 of 3:                      0x38c8
  .text              ro code  0x2007'00f4  0x279c  main.o [1]
  .text              ro code  0x2007'2890    0x3a  DblToS32.o [3]
  .text              ro code  0x2007'28ca    0x3a  zero_init3.o [4]
  .text              ro code  0x2007'2904    0x22  S32ToDbl.o [3]
  .text              ro code  0x2007'2926    0x2e  copy_init3.o [4]
  .text              ro code  0x2007'2954    0xe2  DblSub.o [3]
  .text              ro code  0x2007'2a36     0x2  exceptions.o [1]
  .text              ro code  0x2007'2a38   0x1a2  DblMul.o [3]
  .text              ro code  0x2007'2bdc   0x246  DblDiv.o [3]
  .text              ro code  0x2007'2e24    0x86  ABImemcpy.o [4]
  .text              ro code  0x2007'2eac   0x230  I64DivMod.o [4]
  .text              ro code  0x2007'30dc    0x2e  DblCmpLe.o [3]
  .text              ro code  0x2007'310c    0x1a  U32ToDbl.o [3]
  .text              ro code  0x2007'3128   0x17a  DblAdd.o [3]
  .text              ro code  0x2007'32a4   0x170  heap0.o [2]
  .text              ro code  0x2007'3414     0x4  heaptramp0.o [2]
  .text              ro code  0x2007'3418    0x2e  DblCmpGe.o [3]
  .text              ro code  0x2007'3448    0xa0  system_sam3x.o [1]
  .text              ro code  0x2007'34e8     0x2  I64DivZer.o [4]
  .text              ro code  0x2007'34ec    0x2c  xgetmemchunk.o [2]
  .text              ro code  0x2007'3518    0x12  xxmemxmemzero.o [2]
  .rodata            const    0x2007'352c   0x100  main.o [1]
  .rodata            const    0x2007'362c    0x80  main.o [1]
  .rodata            const    0x2007'36ac    0x30  main.o [1]
  .text              ro code  0x2007'36dc    0x30  startup_sam3x.o [1]
  .text              ro code  0x2007'370c     0xc  cstartup.o [1]
  .text              ro code  0x2007'3718    0x1e  cmain.o [4]
  .text              ro code  0x2007'3738    0x28  data_init.o [4]
  .text              ro code  0x2007'3760     0x4  exit.o [2]
  .text              ro code  0x2007'3764     0xa  cexit.o [4]
  .text              ro code  0x2007'3770    0x14  exit.o [5]
  .iar.init_table    const    0x2007'3784    0x24  - Linker created -
  .rodata            const    0x2007'37a8    0x20  main.o [1]
  .rodata            const    0x2007'37c8    0x20  main.o [1]
  .rodata            const    0x2007'37e8    0x18  main.o [1]
  .rodata            const    0x2007'3800    0x18  main.o [1]
  .rodata            const    0x2007'3818    0x14  main.o [1]
  .rodata            const    0x2007'382c    0x14  main.o [1]
  .rodata            const    0x2007'3840    0x10  main.o [1]
  .rodata            const    0x2007'3850    0x10  main.o [1]
  .rodata            const    0x2007'3860    0x10  main.o [1]
  .rodata            const    0x2007'3870     0xc  main.o [1]
  .rodata            const    0x2007'387c     0xc  main.o [1]
  .rodata            const    0x2007'3888     0x8  main.o [1]
  .rodata            const    0x2007'3890     0x8  main.o [1]
  .rodata            const    0x2007'3898     0x8  main.o [1]
  .rodata            const    0x2007'38a0     0x8  main.o [1]
  .rodata            const    0x2007'38a8     0x8  main.o [1]
  .rodata            const    0x2007'38b0     0x8  main.o [1]
  .rodata            const    0x2007'38b8     0x8  main.o [1]
  .rodata            const    0x2007'38c0     0x4  main.o [1]
  .rodata            const    0x2007'38c4     0x0  zero_init3.o [4]
  .rodata            const    0x2007'38c4     0x0  copy_init3.o [4]
  P1-P2 s0                    0x2007'38c8    0x7c  <Init block>
    .data            inited   0x2007'38c8    0x40  main.o [1]
    .data            inited   0x2007'3908     0x8  main.o [1]
    .data            inited   0x2007'3910     0x8  main.o [1]
    .data            inited   0x2007'3918     0x8  main.o [1]
    .data            inited   0x2007'3920     0x4  main.o [1]
    .data            inited   0x2007'3924     0x4  main.o [1]
    .data            inited   0x2007'3928     0x4  main.o [1]
    .data            inited   0x2007'392c     0x4  main.o [1]
    .data            inited   0x2007'3930     0x4  main.o [1]
    .data            inited   0x2007'3934     0x4  main.o [1]
    .data            inited   0x2007'3938     0x4  main.o [1]
    .data            inited   0x2007'393c     0x4  system_sam3x.o [1]
  Initializer bytes  const    0x2007'3940    0x7c  <for P1-P2 s0> (used: 0x78)
                            - 0x2007'39bc  0x38c8

"P1-P2", part 2 of 3:                       0x240
  .bss               zero     0x2007'39c0   0x120  main.o [1]
  .bss               zero     0x2007'3ae0    0x10  main.o [1]
  .bss               zero     0x2007'3af0    0x10  main.o [1]
  .bss               zero     0x2007'3b00     0xc  main.o [1]
  .bss               zero     0x2007'3b0c     0x4  main.o [1]
  .bss               zero     0x2007'3b10     0x8  main.o [1]
  .bss               zero     0x2007'3b18     0x8  main.o [1]
  .bss               zero     0x2007'3b20     0x8  main.o [1]
  .bss               zero     0x2007'3b28     0x8  main.o [1]
  .bss               zero     0x2007'3b30     0x8  main.o [1]
  .bss               zero     0x2007'3b38     0x8  main.o [1]
  .bss               zero     0x2007'3b40     0x8  main.o [1]
  .bss               zero     0x2007'3b48     0x8  main.o [1]
  .bss               zero     0x2007'3b50     0x8  main.o [1]
  .bss               zero     0x2007'3b58     0x8  main.o [1]
  .bss               zero     0x2007'3b60     0x8  main.o [1]
  .bss               zero     0x2007'3b68     0x8  main.o [1]
  .bss               zero     0x2007'3b70     0x8  heap0.o [2]
  .bss               zero     0x2007'3b78     0x4  main.o [1]
  .bss               zero     0x2007'3b7c     0x4  main.o [1]
  .bss               zero     0x2007'3b80     0x4  main.o [1]
  .bss               zero     0x2007'3b84     0x4  main.o [1]
  .bss               zero     0x2007'3b88     0x4  main.o [1]
  .bss               zero     0x2007'3b8c     0x4  main.o [1]
  .bss               zero     0x2007'3b90     0x4  main.o [1]
  .bss               zero     0x2007'3b94     0x4  main.o [1]
  .bss               zero     0x2007'3b98     0x4  main.o [1]
  .bss               zero     0x2007'3b9c     0x4  main.o [1]
  .bss               zero     0x2007'3ba0     0x4  main.o [1]
  .bss               zero     0x2007'3ba4     0x4  main.o [1]
  .bss               zero     0x2007'3ba8     0x4  main.o [1]
  .bss               zero     0x2007'3bac     0x4  main.o [1]
  .bss               zero     0x2007'3bb0     0x4  main.o [1]
  .bss               zero     0x2007'3bb4     0x4  main.o [1]
  .bss               zero     0x2007'3bb8     0x4  main.o [1]
  .bss               zero     0x2007'3bbc     0x4  main.o [1]
  .bss               zero     0x2007'3bc0     0x4  main.o [1]
  .bss               zero     0x2007'3bc4     0x4  main.o [1]
  .bss               zero     0x2007'3bc8     0x4  main.o [1]
  .bss               zero     0x2007'3bcc     0x4  main.o [1]
  .bss               zero     0x2007'3bd0     0x4  main.o [1]
  .bss               zero     0x2007'3bd4     0x4  main.o [1]
  .bss               zero     0x2007'3bd8     0x4  main.o [1]
  .bss               zero     0x2007'3bdc     0x4  main.o [1]
  .bss               zero     0x2007'3be0     0x4  main.o [1]
  .bss               zero     0x2007'3be4     0x4  main.o [1]
  .bss               zero     0x2007'3be8     0x4  main.o [1]
  .bss               zero     0x2007'3bec     0x4  main.o [1]
  .bss               zero     0x2007'3bf0     0x4  main.o [1]
  .bss               zero     0x2007'3bf4     0x4  xgetmemchunk.o [2]
  .bss               zero     0x2007'3bf8     0x2  main.o [1]
  .bss               zero     0x2007'3bfa     0x1  main.o [1]
  .bss               zero     0x2007'3bfb     0x1  main.o [1]
                            - 0x2007'3bfc   0x240

"P1-P2", part 3 of 3:                      0x3000
  CSTACK                      0x2007'3c00  0x1000  <Block>
    CSTACK           uninit   0x2007'3c00  0x1000  <Block tail>
  HEAP                        0x2007'4c00  0x2000  <Block>
    HEAP             uninit   0x2007'4c00  0x2000  <Block tail>
                            - 0x2007'6c00  0x3000

Unused ranges:

         From           To      Size
         ----           --      ----
  0x2007'3bfc  0x2007'3bff       0x4
  0x2007'6c00  0x2008'7fff  0x1'1400


*******************************************************************************
*** INIT TABLE
***

          Address      Size
          -------      ----
Zero (__iar_zero_init3)
    1 destination range, total size 0x23c:
          0x2007'39c0  0x23c

Copy (__iar_copy_init3)
    1 source range, total size 0x7c (103% of destination):
          0x2007'3940   0x7c
    1 destination range, total size 0x78:
          0x2007'38c8   0x78



*******************************************************************************
*** MODULE SUMMARY
***

    Module           ro code  ro data  rw data
    ------           -------  -------  -------
command line/config:
    ------------------------------------------
    Total:

C:\Users\Elias\Documents\IAR Embedded Workbench\CSE_GR18_Project\Debug\Obj: [1]
    cstartup.o            12
    exceptions.o           2
    main.o            10'140      832      676
    startup_sam3x.o       48      244
    system_sam3x.o       160        4        4
    ------------------------------------------
    Total:            10'362    1'080      680

dl7M_tln.a: [2]
    exit.o                 4
    heap0.o              368                 8
    heaptramp0.o           4
    xgetmemchunk.o        44                 4
    xxmemxmemzero.o       18
    ------------------------------------------
    Total:               438                12

m7M_tl.a: [3]
    DblAdd.o             378
    DblCmpGe.o            46
    DblCmpLe.o            46
    DblDiv.o             582
    DblMul.o             418
    DblSub.o             226
    DblToS32.o            58
    S32ToDbl.o            34
    U32ToDbl.o            26
    ------------------------------------------
    Total:             1'814

rt7M_tl.a: [4]
    ABImemcpy.o          134
    I64DivMod.o          560
    I64DivZer.o            2
    cexit.o               10
    cmain.o               30
    copy_init3.o          46
    data_init.o           40
    zero_init3.o          58
    ------------------------------------------
    Total:               880

shb_l.a: [5]
    exit.o                20
    ------------------------------------------
    Total:                20

    Gaps                  20        2        4
    Linker created                 40   12'288
----------------------------------------------
    Grand Total:      13'534    1'122   12'984


*******************************************************************************
*** ENTRY LIST
***

Entry                       Address   Size  Type      Object
-----                       -------   ----  ----      ------
.iar.init_table$$Base   0x2007'3784          --   Gb  - Linker created -
.iar.init_table$$Limit  0x2007'37a8          --   Gb  - Linker created -
.intvec$$Base           0x2007'0000          --   Gb  - Linker created -
.intvec$$Limit          0x2007'00f4          --   Gb  - Linker created -
?main                   0x2007'3719         Code  Gb  cmain.o [4]
ADC_Handler             0x2007'0231   0x3e  Code  Gb  main.o [1]
Aldata                  0x2007'3b70    0x8  Data  Lc  heap0.o [2]
BusFault_Handler        0x2007'2a37    0x2  Code  Wk  exceptions.o [1]
CAN0_Handler            0x2007'2a37    0x2  Code  Wk  exceptions.o [1]
CAN1_Handler            0x2007'2a37    0x2  Code  Wk  exceptions.o [1]
CSTACK$$Base            0x2007'3c00          --   Gb  - Linker created -
CSTACK$$Limit           0x2007'4c00          --   Gb  - Linker created -
DACC_Handler            0x2007'2a37    0x2  Code  Wk  exceptions.o [1]
DMAC_Handler            0x2007'2a37    0x2  Code  Wk  exceptions.o [1]
DebugMon_Handler        0x2007'2a37    0x2  Code  Wk  exceptions.o [1]
Dummy_Handler           0x2007'2a37    0x2  Code  Gb  exceptions.o [1]
EFC0_Handler            0x2007'2a37    0x2  Code  Wk  exceptions.o [1]
EFC1_Handler            0x2007'2a37    0x2  Code  Wk  exceptions.o [1]
HEAP$$Base              0x2007'4c00          --   Gb  - Linker created -
HEAP$$Limit             0x2007'6c00          --   Gb  - Linker created -
HSMCI_Handler           0x2007'2a37    0x2  Code  Wk  exceptions.o [1]
HardFault_Handler       0x2007'026f    0x2  Code  Gb  main.o [1]
Init_Display            0x2007'05d9   0x7e  Code  Gb  main.o [1]
MD5_HASH                0x2007'1873   0x60  Code  Gb  main.o [1]
MD5_init                0x2007'18d3   0x42  Code  Gb  main.o [1]
MemManage_Handler       0x2007'2a37    0x2  Code  Wk  exceptions.o [1]
NMI_Handler             0x2007'2a37    0x2  Code  Wk  exceptions.o [1]
NVIC_ClearPendingIRQ    0x2007'010b   0x16  Code  Lc  main.o [1]
NVIC_EnableIRQ          0x2007'00f5   0x16  Code  Lc  main.o [1]
NVIC_SetPriority        0x2007'0121   0x28  Code  Lc  main.o [1]
PIOA_Handler            0x2007'2a37    0x2  Code  Wk  exceptions.o [1]
PIOB_Handler            0x2007'2a37    0x2  Code  Wk  exceptions.o [1]
PIOC_Handler            0x2007'2a37    0x2  Code  Wk  exceptions.o [1]
PIOD_Handler            0x2007'2a37    0x2  Code  Wk  exceptions.o [1]
PMC_Handler             0x2007'2a37    0x2  Code  Wk  exceptions.o [1]
PWM_Handler             0x2007'2a37    0x2  Code  Wk  exceptions.o [1]
PendSV_Handler          0x2007'2a37    0x2  Code  Wk  exceptions.o [1]
RSTC_Handler            0x2007'2a37    0x2  Code  Wk  exceptions.o [1]
RTC_Handler             0x2007'2a37    0x2  Code  Wk  exceptions.o [1]
RTT_Handler             0x2007'2a37    0x2  Code  Wk  exceptions.o [1]
Read_Status_Display     0x2007'0657   0x5a  Code  Gb  main.o [1]
Region$$Table$$Base     0x2007'3784          --   Gb  - Linker created -
Region$$Table$$Limit    0x2007'37a8          --   Gb  - Linker created -
Reset_Handler           0x2007'3705    0x8  Code  Gb  startup_sam3x.o [1]
SPI0_Handler            0x2007'2a37    0x2  Code  Wk  exceptions.o [1]
SSC_Handler             0x2007'2a37    0x2  Code  Wk  exceptions.o [1]
SUPC_Handler            0x2007'2a37    0x2  Code  Wk  exceptions.o [1]
SVC_Handler             0x2007'2a37    0x2  Code  Wk  exceptions.o [1]
SysTick_Config          0x2007'0149   0x36  Code  Lc  main.o [1]
SysTick_Handler         0x2007'01f5   0x3c  Code  Gb  main.o [1]
SystemCoreClock         0x2007'393c    0x4  Data  Gb  system_sam3x.o [1]
SystemInit              0x2007'3449   0x70  Code  Gb  system_sam3x.o [1]
TC0_Handler             0x2007'01e3   0x12  Code  Gb  main.o [1]
TC1_Handler             0x2007'2a37    0x2  Code  Wk  exceptions.o [1]
TC2_Handler             0x2007'2a37    0x2  Code  Wk  exceptions.o [1]
TC3_Handler             0x2007'2a37    0x2  Code  Wk  exceptions.o [1]
TC4_Handler             0x2007'2a37    0x2  Code  Wk  exceptions.o [1]
TC5_Handler             0x2007'2a37    0x2  Code  Wk  exceptions.o [1]
TRNG_Handler            0x2007'2a37    0x2  Code  Wk  exceptions.o [1]
TWI0_Handler            0x2007'2a37    0x2  Code  Wk  exceptions.o [1]
TWI1_Handler            0x2007'2a37    0x2  Code  Wk  exceptions.o [1]
UART_Handler            0x2007'2a37    0x2  Code  Wk  exceptions.o [1]
UOTGHS_Handler          0x2007'2a37    0x2  Code  Wk  exceptions.o [1]
USART0_Handler          0x2007'2a37    0x2  Code  Wk  exceptions.o [1]
USART1_Handler          0x2007'2a37    0x2  Code  Wk  exceptions.o [1]
USART2_Handler          0x2007'2a37    0x2  Code  Wk  exceptions.o [1]
UsageFault_Handler      0x2007'2a37    0x2  Code  Wk  exceptions.o [1]
WDT_Handler             0x2007'2a37    0x2  Code  Wk  exceptions.o [1]
Write_Command_2_Display
                        0x2007'070f   0x5e  Code  Gb  main.o [1]
Write_Data_2_Display    0x2007'06b1   0x5e  Code  Gb  main.o [1]
__aeabi_cdcmple         0x2007'30dd         Code  Gb  DblCmpLe.o [3]
__aeabi_cdrcmple        0x2007'3419         Code  Gb  DblCmpGe.o [3]
__aeabi_d2iz            0x2007'2891         Code  Gb  DblToS32.o [3]
__aeabi_dadd            0x2007'3129         Code  Gb  DblAdd.o [3]
__aeabi_ddiv            0x2007'2bdd         Code  Gb  DblDiv.o [3]
__aeabi_dmul            0x2007'2a39         Code  Gb  DblMul.o [3]
__aeabi_dsub            0x2007'2955         Code  Gb  DblSub.o [3]
__aeabi_i2d             0x2007'2905         Code  Gb  S32ToDbl.o [3]
__aeabi_ldiv0           0x2007'34e9         Code  Gb  I64DivZer.o [4]
__aeabi_memcpy4         0x2007'2e25         Code  Gb  ABImemcpy.o [4]
__aeabi_memcpy8         0x2007'2e25         Code  Gb  ABImemcpy.o [4]
__aeabi_ui2d            0x2007'310d         Code  Gb  U32ToDbl.o [3]
__aeabi_uldivmod        0x2007'2ead         Code  Gb  I64DivMod.o [4]
__basic_calloc          0x2007'33db   0x36  Code  Gb  heap0.o [2]
__basic_free            0x2007'3351   0x16  Code  Gb  heap0.o [2]
__basic_free_intern     0x2007'3367   0x74  Code  Lc  heap0.o [2]
__basic_malloc          0x2007'32a5   0x18  Code  Gb  heap0.o [2]
__basic_malloc_intern   0x2007'32bd   0x94  Code  Lc  heap0.o [2]
__cmain                 0x2007'3719         Code  Gb  cmain.o [4]
__data_GetMemChunk      0x2007'34ed   0x2c  Code  Gb  xgetmemchunk.o [2]
__data_GetMemChunk::start
                        0x2007'3bf4    0x4  Data  Lc  xgetmemchunk.o [2]
__data_memzero          0x2007'3519   0x12  Code  Gb  xxmemxmemzero.o [2]
__exit                  0x2007'3771   0x14  Code  Gb  exit.o [5]
__iar_copy_init3        0x2007'2927   0x2e  Code  Gb  copy_init3.o [4]
__iar_dadd              0x2007'2965         Code  Gb  DblSub.o [3]
__iar_data_init3        0x2007'3739   0x28  Code  Gb  data_init.o [4]
__iar_dsub              0x2007'3139         Code  Gb  DblAdd.o [3]
__iar_dsubStart         0x2007'314b         Code  Gb  DblAdd.o [3]
__iar_program_start     0x2007'370d         Code  Gb  cstartup.o [1]
__iar_zero_init3        0x2007'28cb   0x3a  Code  Gb  zero_init3.o [4]
__low_level_init        0x2007'36dd   0x20  Code  Gb  startup_sam3x.o [1]
__vector_table          0x2007'0000   0xf4  Data  Gb  startup_sam3x.o [1]
_call_main              0x2007'3725         Code  Gb  cmain.o [4]
_exit                   0x2007'3765         Code  Gb  cexit.o [4]
_main                   0x2007'3733         Code  Gb  cmain.o [4]
adc_CDR1_value          0x2007'3b18    0x8  Data  Gb  main.o [1]
adc_CDR2_value          0x2007'3b20    0x8  Data  Gb  main.o [1]
adc_ch1_voltage         0x2007'3b28    0x8  Data  Gb  main.o [1]
adc_ch2_voltage         0x2007'3b30    0x8  Data  Gb  main.o [1]
adc_measure             0x2007'16c1   0x8c  Code  Gb  main.o [1]
adc_setup               0x2007'166d   0x54  Code  Gb  main.o [1]
add_temp_recording      0x2007'25cd   0xe0  Code  Gb  main.o [1]
append_to_list          0x2007'12cd   0x30  Code  Gb  main.o [1]
calc_statistics         0x2007'0ea9   0x60  Code  Gb  main.o [1]
char_to_longInt_array_conversion
                        0x2007'198d   0x38  Code  Lc  main.o [1]
clear                   0x2007'07fb   0x44  Code  Gb  main.o [1]
clear_day_data          0x2007'107d   0xac  Code  Gb  main.o [1]
clear_display_direct    0x2007'0975   0x1a  Code  Gb  main.o [1]
clear_main_menu         0x2007'2453   0x2a  Code  Gb  main.o [1]
clear_menu              0x2007'2439   0x1a  Code  Gb  main.o [1]
colsArr                 0x2007'3918    0x8  Data  Gb  main.o [1]
convert_to_scord        0x2007'083f   0x40  Code  Gb  main.o [1]
create_node_with_data   0x2007'12fd   0xa0  Code  Gb  main.o [1]
create_screen_element   0x2007'087f   0x2a  Code  Gb  main.o [1]
curr_day_data           0x2007'3bc8    0x4  Data  Gb  main.o [1]
curr_min_temp_values    0x2007'3bcc    0x4  Data  Gb  main.o [1]
curr_temp               0x2007'3b38    0x8  Data  Gb  main.o [1]
current_date            0x2007'3bac    0x4  Data  Gb  main.o [1]
current_time            0x2007'3bb0    0x4  Data  Gb  main.o [1]
current_time_hm         0x2007'3bf8    0x2  Data  Gb  main.o [1]
current_user            0x2007'3ba8    0x4  Data  Gb  main.o [1]
date_str                0x2007'3b00    0xc  Data  Gb  main.o [1]
date_to_str             0x2007'0df7   0x42  Code  Gb  main.o [1]
date_to_string          0x2007'0271   0x3e  Code  Gb  main.o [1]
day_temp_data_test      0x2007'2755   0x7c  Code  Gb  main.o [1]
day_temp_data_to_string
                        0x2007'11d7   0xf0  Code  Gb  main.o [1]
def_pass_len            0x2007'3930    0x4  Data  Gb  main.o [1]
def_us_len              0x2007'392c    0x4  Data  Gb  main.o [1]
default_password        0x2007'3928    0x4  Data  Gb  main.o [1]
default_user            0x2007'3ba0    0x4  Data  Gb  main.o [1]
default_username        0x2007'3924    0x4  Data  Gb  main.o [1]
delay_micro             0x2007'01b9   0x1a  Code  Gb  main.o [1]
delay_milis             0x2007'0199   0x20  Code  Gb  main.o [1]
delete_first_node       0x2007'139d   0x1c  Code  Gb  main.o [1]
display_clear           0x2007'07d5   0x26  Code  Gb  main.o [1]
display_date_time       0x2007'0ce9   0x70  Code  Gb  main.o [1]
display_setup           0x2007'0523   0xb6  Code  Gb  main.o [1]
display_write           0x2007'08a9   0x5e  Code  Gb  main.o [1]
display_write_direct    0x2007'0957   0x1e  Code  Gb  main.o [1]
display_write_disable_flag
                        0x2007'3b78    0x4  Data  Gb  main.o [1]
double_to_str           0x2007'0377   0x7e  Code  Gb  main.o [1]
double_to_str_fixed_length
                        0x2007'03f5   0x9e  Code  Gb  main.o [1]
double_to_temp          0x2007'04a7   0x2c  Code  Gb  main.o [1]
exit                    0x2007'3761    0x4  Code  Gb  exit.o [2]
fast_mode_flag          0x2007'3b80    0x4  Data  Gb  main.o [1]
free                    0x2007'3415    0x4  Code  Gb  heaptramp0.o [2]
full_setup              0x2007'2347   0x46  Code  Gb  main.o [1]
general_delay           0x2007'01d5    0xe  Code  Gb  main.o [1]
get_keypad_key          0x2007'098f   0xac  Code  Gb  main.o [1]
get_light_rotation_data
                        0x2007'17f3   0x42  Code  Gb  main.o [1]
get_node_temps          0x2007'04fd   0x26  Code  Gb  main.o [1]
get_num_mes_per_min     0x2007'2705   0x46  Code  Gb  main.o [1]
get_temp                0x2007'14bd   0x4c  Code  Gb  main.o [1]
get_user_input          0x2007'0a3b   0x2e  Code  Gb  main.o [1]
hash_password           0x2007'2149   0x32  Code  Gb  main.o [1]
head                    0x2007'3bb4    0x4  Data  Gb  main.o [1]
init_date_time          0x2007'0afb    0x8  Code  Gb  main.o [1]
int_to_str              0x2007'02f9   0x3e  Code  Gb  main.o [1]
int_to_str_fixed_length
                        0x2007'0337   0x40  Code  Gb  main.o [1]
keypad_setup            0x2007'0a69   0x92  Code  Gb  main.o [1]
last_temp_measure       0x2007'3bdc    0x4  Data  Gb  main.o [1]
leap_feb                0x2007'38c0    0x4  Data  Gb  main.o [1]
light_measure           0x2007'174d   0x3c  Code  Gb  main.o [1]
light_rotation_data     0x2007'39c0  0x120  Data  Gb  main.o [1]
light_sens_ch1_ready    0x2007'3b90    0x4  Data  Gb  main.o [1]
light_sens_ch2_ready    0x2007'3b94    0x4  Data  Gb  main.o [1]
light_to_volt_coefficcient
                        0x2007'3908    0x8  Data  Gb  main.o [1]
list_size               0x2007'3bbc    0x4  Data  Gb  main.o [1]
login_init              0x2007'1fe1   0xae  Code  Gb  main.o [1]
loopCount               0x2007'3bec    0x4  Data  Gb  main.o [1]
loop_time               0x2007'3bf0    0x4  Data  Gb  main.o [1]
main                    0x2007'217b  0x1cc  Code  Gb  main.o [1]
main_menu               0x2007'238d   0xa6  Code  Gb  main.o [1]
md5_S                   0x2007'37c8   0x20  Data  Gb  main.o [1]
md5_T                   0x2007'352c  0x100  Data  Gb  main.o [1]
md5_X_I                 0x2007'362c   0x80  Data  Gb  main.o [1]
md5_append_size         0x2007'1fbd    0x2  Code  Lc  main.o [1]
md5_block_transform_state
                        0x2007'1935   0x58  Code  Lc  main.o [1]
md5_copy_arr            0x2007'1fbf   0x14  Code  Lc  main.o [1]
md5_encode              0x2007'19c5  0x4d8  Code  Lc  main.o [1]
md5_erase_arr           0x2007'1fd3    0xe  Code  Lc  main.o [1]
md5_final_encode        0x2007'1ea5   0xf2  Code  Gb  main.o [1]
md5_padding             0x2007'38c8   0x40  Data  Lc  main.o [1]
measure_temp_flag       0x2007'3bd8    0x4  Data  Gb  main.o [1]
measures_per_min        0x2007'3938    0x4  Data  Gb  main.o [1]
mem_full_flag           0x2007'3be8    0x4  Data  Gb  main.o [1]
mem_write               0x2007'04e9   0x14  Code  Gb  main.o [1]
menu_type               0x2007'3b7c    0x4  Data  Gb  main.o [1]
microseconds            0x2007'3b48    0x8  Data  Gb  main.o [1]
month_days              0x2007'36ac   0x30  Data  Gb  main.o [1]
new_day_flag            0x2007'3bd4    0x4  Data  Gb  main.o [1]
new_minute_flag         0x2007'3be0    0x4  Data  Gb  main.o [1]
num_of_measurements     0x2007'3bd0    0x4  Data  Gb  main.o [1]
num_saved_day_data      0x2007'3bc4    0x4  Data  Gb  main.o [1]
prev_keypad_key         0x2007'3b9c    0x4  Data  Gb  main.o [1]
prev_servo_call         0x2007'3b84    0x4  Data  Gb  main.o [1]
previous_hour           0x2007'3bfb    0x1  Data  Gb  main.o [1]
previous_minute         0x2007'3bfa    0x1  Data  Gb  main.o [1]
print_day_data          0x2007'1129   0xae  Code  Gb  main.o [1]
pwm_setup               0x2007'1789   0x44  Code  Gb  main.o [1]
reverse_str             0x2007'02dd   0x1c  Code  Gb  main.o [1]
rowsArr                 0x2007'3910    0x8  Data  Gb  main.o [1]
saved_day_temp_data     0x2007'3bc0    0x4  Data  Gb  main.o [1]
screen_date             0x2007'3af0   0x10  Data  Gb  main.o [1]
screen_time             0x2007'3ae0   0x10  Data  Gb  main.o [1]
servo_get_position      0x2007'17eb    0x8  Code  Gb  main.o [1]
servo_position          0x2007'3b10    0x8  Data  Gb  main.o [1]
servo_set_position      0x2007'17cd   0x1e  Code  Gb  main.o [1]
set_cursor              0x2007'076d   0x2c  Code  Gb  main.o [1]
set_day_statistics      0x2007'26b9   0x44  Code  Gb  main.o [1]
set_timedate            0x2007'0b11  0x1ca  Code  Gb  main.o [1]
set_to_max_light        0x2007'1835   0x3e  Code  Gb  main.o [1]
sidebar_menu            0x2007'247d  0x150  Code  Gb  main.o [1]
start_pulse             0x2007'1441   0x3e  Code  Gb  main.o [1]
str_concat              0x2007'0493   0x14  Code  Gb  main.o [1]
syst                    0x2007'3920    0x4  Data  Gb  main.o [1]
systick_delay           0x2007'3b88    0x4  Data  Gb  main.o [1]
systick_setup           0x2007'017f   0x18  Code  Gb  main.o [1]
systick_trigger         0x2007'3b8c    0x4  Data  Gb  main.o [1]
tail                    0x2007'3bb8    0x4  Data  Gb  main.o [1]
tcDelta                 0x2007'3b40    0x8  Data  Gb  main.o [1]
temp_alarm_flag         0x2007'3b0c    0x4  Data  Gb  main.o [1]
temp_display_alarm      0x2007'1619   0x50  Code  Gb  main.o [1]
temp_minute_avg         0x2007'3b68    0x8  Data  Gb  main.o [1]
temp_minute_count       0x2007'3be4    0x4  Data  Gb  main.o [1]
temp_rdy_flag           0x2007'3b98    0x4  Data  Gb  main.o [1]
temp_reset              0x2007'1485   0x20  Code  Gb  main.o [1]
temp_setup              0x2007'14b1    0xc  Code  Gb  main.o [1]
temp_to_double          0x2007'04d3   0x16  Code  Gb  main.o [1]
temperature_alarm       0x2007'1525   0xf0  Code  Gb  main.o [1]
time_config_flag        0x2007'3934    0x4  Data  Gb  main.o [1]
time_hm_to_string       0x2007'02af   0x2e  Code  Gb  main.o [1]
time_str                0x2007'3b50    0x8  Data  Gb  main.o [1]
time_to_str             0x2007'0db9   0x3e  Code  Gb  main.o [1]
timer_counter_setup     0x2007'13cd   0x6e  Code  Gb  main.o [1]
toggle_fastmode         0x2007'0e39   0x50  Code  Gb  main.o [1]
update_avg_min_max      0x2007'0f11  0x15e  Code  Gb  main.o [1]
update_statistics       0x2007'0e8d   0x1c  Code  Gb  main.o [1]
users                   0x2007'3ba4    0x4  Data  Gb  main.o [1]
var_sum1                0x2007'3b58    0x8  Data  Gb  main.o [1]
var_sum2                0x2007'3b60    0x8  Data  Gb  main.o [1]
write_blank_to_display  0x2007'0799   0x3c  Code  Gb  main.o [1]
write_string_to_display
                        0x2007'0907   0x50  Code  Gb  main.o [1]


[1] = C:\Users\Elias\Documents\IAR Embedded Workbench\CSE_GR18_Project\Debug\Obj
[2] = dl7M_tln.a
[3] = m7M_tl.a
[4] = rt7M_tl.a
[5] = shb_l.a

  13'534 bytes of readonly  code memory
   1'122 bytes of readonly  data memory
  12'984 bytes of readwrite data memory

Errors: none
Warnings: none
