###############################################################################
#
# IAR ELF Linker V8.50.1.245/W32 for ARM                  06/Jan/2021  16:08:40
# Copyright 2007-2020 IAR Systems AB.
#
#    Output file  =
#        C:\Users\Elias\Documents\IAR Embedded
#        Workbench\CSE_GR18_Project\Debug\Exe\CSE_GR18_Project.out
#    Map file     =
#        C:\Users\Elias\Documents\IAR Embedded
#        Workbench\CSE_GR18_Project\Debug\List\CSE_GR18_Project.map
#    Command line =
#        -f C:\Users\Elias\AppData\Local\Temp\EWFC80.tmp
#        ("C:\Users\Elias\Documents\IAR Embedded
#        Workbench\CSE_GR18_Project\Debug\Obj\cstartup.o"
#        "C:\Users\Elias\Documents\IAR Embedded
#        Workbench\CSE_GR18_Project\Debug\Obj\exceptions.o"
#        "C:\Users\Elias\Documents\IAR Embedded
#        Workbench\CSE_GR18_Project\Debug\Obj\main.o"
#        "C:\Users\Elias\Documents\IAR Embedded
#        Workbench\CSE_GR18_Project\Debug\Obj\startup_sam3x.o"
#        "C:\Users\Elias\Documents\IAR Embedded
#        Workbench\CSE_GR18_Project\Debug\Obj\system_sam3x.o"
#        --no_out_extension -o "C:\Users\Elias\Documents\IAR Embedded
#        Workbench\CSE_GR18_Project\Debug\Exe\CSE_GR18_Project.out" --redirect
#        _Printf=_PrintfFullNoMb --redirect _Scanf=_ScanfFullNoMb --map
#        "C:\Users\Elias\Documents\IAR Embedded
#        Workbench\CSE_GR18_Project\Debug\List\CSE_GR18_Project.map" --config
#        "C:\Program Files (x86)\IAR Systems\Embedded Workbench
#        8.4\arm\config\linker\Microchip\sam3x8\sram.icf" --semihosting --entry
#        __iar_program_start --vfe --text_out locale)
#
###############################################################################

*******************************************************************************
*** RUNTIME MODEL ATTRIBUTES
***

CppFlavor       = *
__Heap_Handler  = Basic
__SystemLibrary = DLib
__dlib_version  = 6


*******************************************************************************
*** HEAP SELECTION
***

The basic heap was selected because some modules are built with
size limitations (and not runtime checking), and --advanced_heap
was not specified.


*******************************************************************************
*** PLACEMENT SUMMARY
***

"A0":  place at address 0x2007'0000 { ro section .intvec };
"P1":  place in [from 0x2007'0000 to 0x2008'7fff] { ro };
define block CSTACK with size = 4K, alignment = 8 { };
define block HEAP with size = 8K, alignment = 8 { };
"P2":  place in [from 0x2007'0000 to 0x2008'7fff] {
          rw, block CSTACK, block HEAP };
initialize by copy with packing = copy, complex ranges { rw };

  Section            Kind         Address    Size  Object
  -------            ----         -------    ----  ------
"A0":                                        0xf4
  .intvec                     0x2007'0000    0xf4  <Block>
    .intvec          const    0x2007'0000    0xf4  startup_sam3x.o [1]
                            - 0x2007'00f4    0xf4

"P1-P2", part 1 of 3:                      0x38a8
  .text              ro code  0x2007'00f4  0x277c  main.o [1]
  .text              ro code  0x2007'2870    0x3a  DblToS32.o [3]
  .text              ro code  0x2007'28aa    0x3a  zero_init3.o [4]
  .text              ro code  0x2007'28e4    0x22  S32ToDbl.o [3]
  .text              ro code  0x2007'2906    0x2e  copy_init3.o [4]
  .text              ro code  0x2007'2934    0xe2  DblSub.o [3]
  .text              ro code  0x2007'2a16     0x2  exceptions.o [1]
  .text              ro code  0x2007'2a18   0x1a2  DblMul.o [3]
  .text              ro code  0x2007'2bbc   0x246  DblDiv.o [3]
  .text              ro code  0x2007'2e04    0x86  ABImemcpy.o [4]
  .text              ro code  0x2007'2e8c   0x230  I64DivMod.o [4]
  .text              ro code  0x2007'30bc   0x17a  DblAdd.o [3]
  .text              ro code  0x2007'3238    0x2e  DblCmpLe.o [3]
  .text              ro code  0x2007'3268   0x170  heap0.o [2]
  .text              ro code  0x2007'33d8     0x4  heaptramp0.o [2]
  .text              ro code  0x2007'33dc    0x2e  DblCmpGe.o [3]
  .text              ro code  0x2007'340c    0x1a  U32ToDbl.o [3]
  .text              ro code  0x2007'3428    0xa0  system_sam3x.o [1]
  .text              ro code  0x2007'34c8     0x2  I64DivZer.o [4]
  .text              ro code  0x2007'34cc    0x2c  xgetmemchunk.o [2]
  .text              ro code  0x2007'34f8    0x12  xxmemxmemzero.o [2]
  .rodata            const    0x2007'350c   0x100  main.o [1]
  .rodata            const    0x2007'360c    0x80  main.o [1]
  .rodata            const    0x2007'368c    0x30  main.o [1]
  .text              ro code  0x2007'36bc    0x30  startup_sam3x.o [1]
  .text              ro code  0x2007'36ec     0xc  cstartup.o [1]
  .text              ro code  0x2007'36f8    0x1e  cmain.o [4]
  .text              ro code  0x2007'3718    0x28  data_init.o [4]
  .text              ro code  0x2007'3740     0x4  exit.o [2]
  .text              ro code  0x2007'3744     0xa  cexit.o [4]
  .text              ro code  0x2007'3750    0x14  exit.o [5]
  .iar.init_table    const    0x2007'3764    0x24  - Linker created -
  .rodata            const    0x2007'3788    0x20  main.o [1]
  .rodata            const    0x2007'37a8    0x20  main.o [1]
  .rodata            const    0x2007'37c8    0x18  main.o [1]
  .rodata            const    0x2007'37e0    0x18  main.o [1]
  .rodata            const    0x2007'37f8    0x14  main.o [1]
  .rodata            const    0x2007'380c    0x14  main.o [1]
  .rodata            const    0x2007'3820    0x10  main.o [1]
  .rodata            const    0x2007'3830    0x10  main.o [1]
  .rodata            const    0x2007'3840    0x10  main.o [1]
  .rodata            const    0x2007'3850     0xc  main.o [1]
  .rodata            const    0x2007'385c     0xc  main.o [1]
  .rodata            const    0x2007'3868     0x8  main.o [1]
  .rodata            const    0x2007'3870     0x8  main.o [1]
  .rodata            const    0x2007'3878     0x8  main.o [1]
  .rodata            const    0x2007'3880     0x8  main.o [1]
  .rodata            const    0x2007'3888     0x8  main.o [1]
  .rodata            const    0x2007'3890     0x8  main.o [1]
  .rodata            const    0x2007'3898     0x8  main.o [1]
  .rodata            const    0x2007'38a0     0x4  main.o [1]
  .rodata            const    0x2007'38a4     0x0  zero_init3.o [4]
  .rodata            const    0x2007'38a4     0x0  copy_init3.o [4]
  P1-P2 s0                    0x2007'38a8    0x7c  <Init block>
    .data            inited   0x2007'38a8    0x40  main.o [1]
    .data            inited   0x2007'38e8     0x8  main.o [1]
    .data            inited   0x2007'38f0     0x8  main.o [1]
    .data            inited   0x2007'38f8     0x8  main.o [1]
    .data            inited   0x2007'3900     0x4  main.o [1]
    .data            inited   0x2007'3904     0x4  main.o [1]
    .data            inited   0x2007'3908     0x4  main.o [1]
    .data            inited   0x2007'390c     0x4  main.o [1]
    .data            inited   0x2007'3910     0x4  main.o [1]
    .data            inited   0x2007'3914     0x4  main.o [1]
    .data            inited   0x2007'3918     0x4  main.o [1]
    .data            inited   0x2007'391c     0x4  system_sam3x.o [1]
  Initializer bytes  const    0x2007'3920    0x7c  <for P1-P2 s0> (used: 0x78)
                            - 0x2007'399c  0x38a8

"P1-P2", part 2 of 3:                       0x244
  .bss               zero     0x2007'39a0   0x120  main.o [1]
  .bss               zero     0x2007'3ac0    0x10  main.o [1]
  .bss               zero     0x2007'3ad0    0x10  main.o [1]
  .bss               zero     0x2007'3ae0     0xc  main.o [1]
  .bss               zero     0x2007'3aec     0x4  main.o [1]
  .bss               zero     0x2007'3af0     0x8  main.o [1]
  .bss               zero     0x2007'3af8     0x8  main.o [1]
  .bss               zero     0x2007'3b00     0x8  main.o [1]
  .bss               zero     0x2007'3b08     0x8  main.o [1]
  .bss               zero     0x2007'3b10     0x8  main.o [1]
  .bss               zero     0x2007'3b18     0x8  main.o [1]
  .bss               zero     0x2007'3b20     0x8  main.o [1]
  .bss               zero     0x2007'3b28     0x8  main.o [1]
  .bss               zero     0x2007'3b30     0x8  main.o [1]
  .bss               zero     0x2007'3b38     0x8  main.o [1]
  .bss               zero     0x2007'3b40     0x8  main.o [1]
  .bss               zero     0x2007'3b48     0x8  main.o [1]
  .bss               zero     0x2007'3b50     0x8  heap0.o [2]
  .bss               zero     0x2007'3b58     0x4  main.o [1]
  .bss               zero     0x2007'3b5c     0x4  main.o [1]
  .bss               zero     0x2007'3b60     0x4  main.o [1]
  .bss               zero     0x2007'3b64     0x4  main.o [1]
  .bss               zero     0x2007'3b68     0x4  main.o [1]
  .bss               zero     0x2007'3b6c     0x4  main.o [1]
  .bss               zero     0x2007'3b70     0x4  main.o [1]
  .bss               zero     0x2007'3b74     0x4  main.o [1]
  .bss               zero     0x2007'3b78     0x4  main.o [1]
  .bss               zero     0x2007'3b7c     0x4  main.o [1]
  .bss               zero     0x2007'3b80     0x4  main.o [1]
  .bss               zero     0x2007'3b84     0x4  main.o [1]
  .bss               zero     0x2007'3b88     0x4  main.o [1]
  .bss               zero     0x2007'3b8c     0x4  main.o [1]
  .bss               zero     0x2007'3b90     0x4  main.o [1]
  .bss               zero     0x2007'3b94     0x4  main.o [1]
  .bss               zero     0x2007'3b98     0x4  main.o [1]
  .bss               zero     0x2007'3b9c     0x4  main.o [1]
  .bss               zero     0x2007'3ba0     0x4  main.o [1]
  .bss               zero     0x2007'3ba4     0x4  main.o [1]
  .bss               zero     0x2007'3ba8     0x4  main.o [1]
  .bss               zero     0x2007'3bac     0x4  main.o [1]
  .bss               zero     0x2007'3bb0     0x4  main.o [1]
  .bss               zero     0x2007'3bb4     0x4  main.o [1]
  .bss               zero     0x2007'3bb8     0x4  main.o [1]
  .bss               zero     0x2007'3bbc     0x4  main.o [1]
  .bss               zero     0x2007'3bc0     0x4  main.o [1]
  .bss               zero     0x2007'3bc4     0x4  main.o [1]
  .bss               zero     0x2007'3bc8     0x4  main.o [1]
  .bss               zero     0x2007'3bcc     0x4  main.o [1]
  .bss               zero     0x2007'3bd0     0x4  main.o [1]
  .bss               zero     0x2007'3bd4     0x4  main.o [1]
  .bss               zero     0x2007'3bd8     0x4  xgetmemchunk.o [2]
  .bss               zero     0x2007'3bdc     0x2  main.o [1]
  .bss               zero     0x2007'3bde     0x1  main.o [1]
  .bss               zero     0x2007'3bdf     0x1  main.o [1]
                            - 0x2007'3be0   0x244

"P1-P2", part 3 of 3:                      0x3000
  CSTACK                      0x2007'3be0  0x1000  <Block>
    CSTACK           uninit   0x2007'3be0  0x1000  <Block tail>
  HEAP                        0x2007'4be0  0x2000  <Block>
    HEAP             uninit   0x2007'4be0  0x2000  <Block tail>
                            - 0x2007'6be0  0x3000

Unused ranges:

         From           To      Size
         ----           --      ----
  0x2007'6be0  0x2008'7fff  0x1'1420


*******************************************************************************
*** INIT TABLE
***

          Address      Size
          -------      ----
Zero (__iar_zero_init3)
    1 destination range, total size 0x240:
          0x2007'39a0  0x240

Copy (__iar_copy_init3)
    1 source range, total size 0x7c (103% of destination):
          0x2007'3920   0x7c
    1 destination range, total size 0x78:
          0x2007'38a8   0x78



*******************************************************************************
*** MODULE SUMMARY
***

    Module           ro code  ro data  rw data
    ------           -------  -------  -------
command line/config:
    ------------------------------------------
    Total:

C:\Users\Elias\Documents\IAR Embedded Workbench\CSE_GR18_Project\Debug\Obj: [1]
    cstartup.o            12
    exceptions.o           2
    main.o            10'108      832      680
    startup_sam3x.o       48      244
    system_sam3x.o       160        4        4
    ------------------------------------------
    Total:            10'330    1'080      684

dl7M_tln.a: [2]
    exit.o                 4
    heap0.o              368                 8
    heaptramp0.o           4
    xgetmemchunk.o        44                 4
    xxmemxmemzero.o       18
    ------------------------------------------
    Total:               438                12

m7M_tl.a: [3]
    DblAdd.o             378
    DblCmpGe.o            46
    DblCmpLe.o            46
    DblDiv.o             582
    DblMul.o             418
    DblSub.o             226
    DblToS32.o            58
    S32ToDbl.o            34
    U32ToDbl.o            26
    ------------------------------------------
    Total:             1'814

rt7M_tl.a: [4]
    ABImemcpy.o          134
    I64DivMod.o          560
    I64DivZer.o            2
    cexit.o               10
    cmain.o               30
    copy_init3.o          46
    data_init.o           40
    zero_init3.o          58
    ------------------------------------------
    Total:               880

shb_l.a: [5]
    exit.o                20
    ------------------------------------------
    Total:                20

    Gaps                  20        2        4
    Linker created                 40   12'288
----------------------------------------------
    Grand Total:      13'502    1'122   12'988


*******************************************************************************
*** ENTRY LIST
***

Entry                       Address   Size  Type      Object
-----                       -------   ----  ----      ------
.iar.init_table$$Base   0x2007'3764          --   Gb  - Linker created -
.iar.init_table$$Limit  0x2007'3788          --   Gb  - Linker created -
.intvec$$Base           0x2007'0000          --   Gb  - Linker created -
.intvec$$Limit          0x2007'00f4          --   Gb  - Linker created -
?main                   0x2007'36f9         Code  Gb  cmain.o [4]
ADC_Handler             0x2007'0245   0x3e  Code  Gb  main.o [1]
Aldata                  0x2007'3b50    0x8  Data  Lc  heap0.o [2]
BusFault_Handler        0x2007'2a17    0x2  Code  Wk  exceptions.o [1]
CAN0_Handler            0x2007'2a17    0x2  Code  Wk  exceptions.o [1]
CAN1_Handler            0x2007'2a17    0x2  Code  Wk  exceptions.o [1]
CSTACK$$Base            0x2007'3be0          --   Gb  - Linker created -
CSTACK$$Limit           0x2007'4be0          --   Gb  - Linker created -
DACC_Handler            0x2007'2a17    0x2  Code  Wk  exceptions.o [1]
DMAC_Handler            0x2007'2a17    0x2  Code  Wk  exceptions.o [1]
DebugMon_Handler        0x2007'2a17    0x2  Code  Wk  exceptions.o [1]
Dummy_Handler           0x2007'2a17    0x2  Code  Gb  exceptions.o [1]
EFC0_Handler            0x2007'2a17    0x2  Code  Wk  exceptions.o [1]
EFC1_Handler            0x2007'2a17    0x2  Code  Wk  exceptions.o [1]
HEAP$$Base              0x2007'4be0          --   Gb  - Linker created -
HEAP$$Limit             0x2007'6be0          --   Gb  - Linker created -
HSMCI_Handler           0x2007'2a17    0x2  Code  Wk  exceptions.o [1]
HardFault_Handler       0x2007'0283    0x2  Code  Gb  main.o [1]
Init_Display            0x2007'05b3   0x7e  Code  Gb  main.o [1]
MD5_HASH                0x2007'184f   0x60  Code  Gb  main.o [1]
MD5_init                0x2007'18af   0x42  Code  Gb  main.o [1]
MemManage_Handler       0x2007'2a17    0x2  Code  Wk  exceptions.o [1]
NMI_Handler             0x2007'2a17    0x2  Code  Wk  exceptions.o [1]
NVIC_ClearPendingIRQ    0x2007'010b   0x16  Code  Lc  main.o [1]
NVIC_EnableIRQ          0x2007'00f5   0x16  Code  Lc  main.o [1]
NVIC_SetPriority        0x2007'0121   0x28  Code  Lc  main.o [1]
PIOA_Handler            0x2007'2a17    0x2  Code  Wk  exceptions.o [1]
PIOB_Handler            0x2007'2a17    0x2  Code  Wk  exceptions.o [1]
PIOC_Handler            0x2007'2a17    0x2  Code  Wk  exceptions.o [1]
PIOD_Handler            0x2007'2a17    0x2  Code  Wk  exceptions.o [1]
PMC_Handler             0x2007'2a17    0x2  Code  Wk  exceptions.o [1]
PWM_Handler             0x2007'2a17    0x2  Code  Wk  exceptions.o [1]
PendSV_Handler          0x2007'2a17    0x2  Code  Wk  exceptions.o [1]
RSTC_Handler            0x2007'2a17    0x2  Code  Wk  exceptions.o [1]
RTC_Handler             0x2007'2a17    0x2  Code  Wk  exceptions.o [1]
RTT_Handler             0x2007'2a17    0x2  Code  Wk  exceptions.o [1]
Read_Status_Display     0x2007'0631   0x5a  Code  Gb  main.o [1]
Region$$Table$$Base     0x2007'3764          --   Gb  - Linker created -
Region$$Table$$Limit    0x2007'3788          --   Gb  - Linker created -
Reset_Handler           0x2007'36e5    0x8  Code  Gb  startup_sam3x.o [1]
SPI0_Handler            0x2007'2a17    0x2  Code  Wk  exceptions.o [1]
SSC_Handler             0x2007'2a17    0x2  Code  Wk  exceptions.o [1]
SUPC_Handler            0x2007'2a17    0x2  Code  Wk  exceptions.o [1]
SVC_Handler             0x2007'2a17    0x2  Code  Wk  exceptions.o [1]
SysTick_Config          0x2007'0149   0x36  Code  Lc  main.o [1]
SysTick_Handler         0x2007'0209   0x3c  Code  Gb  main.o [1]
SystemCoreClock         0x2007'391c    0x4  Data  Gb  system_sam3x.o [1]
SystemInit              0x2007'3429   0x70  Code  Gb  system_sam3x.o [1]
TC0_Handler             0x2007'01f7   0x12  Code  Gb  main.o [1]
TC1_Handler             0x2007'2a17    0x2  Code  Wk  exceptions.o [1]
TC2_Handler             0x2007'2a17    0x2  Code  Wk  exceptions.o [1]
TC3_Handler             0x2007'2a17    0x2  Code  Wk  exceptions.o [1]
TC4_Handler             0x2007'2a17    0x2  Code  Wk  exceptions.o [1]
TC5_Handler             0x2007'2a17    0x2  Code  Wk  exceptions.o [1]
TRNG_Handler            0x2007'2a17    0x2  Code  Wk  exceptions.o [1]
TWI0_Handler            0x2007'2a17    0x2  Code  Wk  exceptions.o [1]
TWI1_Handler            0x2007'2a17    0x2  Code  Wk  exceptions.o [1]
UART_Handler            0x2007'2a17    0x2  Code  Wk  exceptions.o [1]
UOTGHS_Handler          0x2007'2a17    0x2  Code  Wk  exceptions.o [1]
USART0_Handler          0x2007'2a17    0x2  Code  Wk  exceptions.o [1]
USART1_Handler          0x2007'2a17    0x2  Code  Wk  exceptions.o [1]
USART2_Handler          0x2007'2a17    0x2  Code  Wk  exceptions.o [1]
UsageFault_Handler      0x2007'2a17    0x2  Code  Wk  exceptions.o [1]
WDT_Handler             0x2007'2a17    0x2  Code  Wk  exceptions.o [1]
Write_Command_2_Display
                        0x2007'06e9   0x5e  Code  Gb  main.o [1]
Write_Data_2_Display    0x2007'068b   0x5e  Code  Gb  main.o [1]
__aeabi_cdcmple         0x2007'3239         Code  Gb  DblCmpLe.o [3]
__aeabi_cdrcmple        0x2007'33dd         Code  Gb  DblCmpGe.o [3]
__aeabi_d2iz            0x2007'2871         Code  Gb  DblToS32.o [3]
__aeabi_dadd            0x2007'30bd         Code  Gb  DblAdd.o [3]
__aeabi_ddiv            0x2007'2bbd         Code  Gb  DblDiv.o [3]
__aeabi_dmul            0x2007'2a19         Code  Gb  DblMul.o [3]
__aeabi_dsub            0x2007'2935         Code  Gb  DblSub.o [3]
__aeabi_i2d             0x2007'28e5         Code  Gb  S32ToDbl.o [3]
__aeabi_ldiv0           0x2007'34c9         Code  Gb  I64DivZer.o [4]
__aeabi_memcpy4         0x2007'2e05         Code  Gb  ABImemcpy.o [4]
__aeabi_memcpy8         0x2007'2e05         Code  Gb  ABImemcpy.o [4]
__aeabi_ui2d            0x2007'340d         Code  Gb  U32ToDbl.o [3]
__aeabi_uldivmod        0x2007'2e8d         Code  Gb  I64DivMod.o [4]
__basic_calloc          0x2007'339f   0x36  Code  Gb  heap0.o [2]
__basic_free            0x2007'3315   0x16  Code  Gb  heap0.o [2]
__basic_free_intern     0x2007'332b   0x74  Code  Lc  heap0.o [2]
__basic_malloc          0x2007'3269   0x18  Code  Gb  heap0.o [2]
__basic_malloc_intern   0x2007'3281   0x94  Code  Lc  heap0.o [2]
__cmain                 0x2007'36f9         Code  Gb  cmain.o [4]
__data_GetMemChunk      0x2007'34cd   0x2c  Code  Gb  xgetmemchunk.o [2]
__data_GetMemChunk::start
                        0x2007'3bd8    0x4  Data  Lc  xgetmemchunk.o [2]
__data_memzero          0x2007'34f9   0x12  Code  Gb  xxmemxmemzero.o [2]
__exit                  0x2007'3751   0x14  Code  Gb  exit.o [5]
__iar_copy_init3        0x2007'2907   0x2e  Code  Gb  copy_init3.o [4]
__iar_dadd              0x2007'2945         Code  Gb  DblSub.o [3]
__iar_data_init3        0x2007'3719   0x28  Code  Gb  data_init.o [4]
__iar_dsub              0x2007'30cd         Code  Gb  DblAdd.o [3]
__iar_dsubStart         0x2007'30df         Code  Gb  DblAdd.o [3]
__iar_program_start     0x2007'36ed         Code  Gb  cstartup.o [1]
__iar_zero_init3        0x2007'28ab   0x3a  Code  Gb  zero_init3.o [4]
__low_level_init        0x2007'36bd   0x20  Code  Gb  startup_sam3x.o [1]
__vector_table          0x2007'0000   0xf4  Data  Gb  startup_sam3x.o [1]
_call_main              0x2007'3705         Code  Gb  cmain.o [4]
_exit                   0x2007'3745         Code  Gb  cexit.o [4]
_main                   0x2007'3713         Code  Gb  cmain.o [4]
adc_CDR1_value          0x2007'3af8    0x8  Data  Gb  main.o [1]
adc_CDR2_value          0x2007'3b00    0x8  Data  Gb  main.o [1]
adc_ch1_voltage         0x2007'3b08    0x8  Data  Gb  main.o [1]
adc_ch2_voltage         0x2007'3b10    0x8  Data  Gb  main.o [1]
adc_measure             0x2007'169d   0x8c  Code  Gb  main.o [1]
adc_setup               0x2007'1649   0x54  Code  Gb  main.o [1]
add_temp_recording      0x2007'25ad   0xe0  Code  Gb  main.o [1]
append_to_list          0x2007'1295   0x30  Code  Gb  main.o [1]
calc_statistics         0x2007'0e85   0x60  Code  Gb  main.o [1]
char_to_longInt_array_conversion
                        0x2007'1969   0x38  Code  Lc  main.o [1]
clear                   0x2007'07d7   0x44  Code  Gb  main.o [1]
clear_day_data          0x2007'1045   0xac  Code  Gb  main.o [1]
clear_display_direct    0x2007'0951   0x1a  Code  Gb  main.o [1]
clear_main_menu         0x2007'2433   0x2a  Code  Gb  main.o [1]
clear_menu              0x2007'2419   0x1a  Code  Gb  main.o [1]
colsArr                 0x2007'38f8    0x8  Data  Gb  main.o [1]
convert_to_scord        0x2007'081b   0x40  Code  Gb  main.o [1]
create_node_with_data   0x2007'12c5   0xa0  Code  Gb  main.o [1]
create_screen_element   0x2007'085b   0x2a  Code  Gb  main.o [1]
curr_day_data           0x2007'3bac    0x4  Data  Gb  main.o [1]
curr_min_temp_values    0x2007'3bb0    0x4  Data  Gb  main.o [1]
curr_temp               0x2007'3b18    0x8  Data  Gb  main.o [1]
current_date            0x2007'3b90    0x4  Data  Gb  main.o [1]
current_time            0x2007'3b94    0x4  Data  Gb  main.o [1]
current_time_hm         0x2007'3bdc    0x2  Data  Gb  main.o [1]
current_user            0x2007'3b8c    0x4  Data  Gb  main.o [1]
date_str                0x2007'3ae0    0xc  Data  Gb  main.o [1]
date_to_str             0x2007'0dd7   0x42  Code  Gb  main.o [1]
date_to_string          0x2007'0285   0x3e  Code  Gb  main.o [1]
day_temp_data_test      0x2007'2735   0x7c  Code  Gb  main.o [1]
day_temp_data_to_string
                        0x2007'119f   0xf0  Code  Gb  main.o [1]
def_pass_len            0x2007'3910    0x4  Data  Gb  main.o [1]
def_us_len              0x2007'390c    0x4  Data  Gb  main.o [1]
default_password        0x2007'3908    0x4  Data  Gb  main.o [1]
default_user            0x2007'3b84    0x4  Data  Gb  main.o [1]
default_username        0x2007'3904    0x4  Data  Gb  main.o [1]
delay_micro             0x2007'01cd   0x1a  Code  Gb  main.o [1]
delay_milis             0x2007'0199   0x32  Code  Gb  main.o [1]
delays_per_loop         0x2007'3aec    0x4  Data  Gb  main.o [1]
delete_first_node       0x2007'1365   0x1c  Code  Gb  main.o [1]
display_clear           0x2007'07b1   0x26  Code  Gb  main.o [1]
display_date_time       0x2007'0cc1   0x70  Code  Gb  main.o [1]
display_setup           0x2007'04fd   0xb6  Code  Gb  main.o [1]
display_write           0x2007'0885   0x5e  Code  Gb  main.o [1]
display_write_direct    0x2007'0933   0x1e  Code  Gb  main.o [1]
display_write_disable_flag
                        0x2007'3b5c    0x4  Data  Gb  main.o [1]
double_to_str           0x2007'038b   0x7e  Code  Gb  main.o [1]
double_to_str_fixed_length
                        0x2007'0409   0x9e  Code  Gb  main.o [1]
double_to_temp          0x2007'04bb   0x2c  Code  Gb  main.o [1]
exit                    0x2007'3741    0x4  Code  Gb  exit.o [2]
fast_mode_flag          0x2007'3b64    0x4  Data  Gb  main.o [1]
free                    0x2007'33d9    0x4  Code  Gb  heaptramp0.o [2]
full_setup              0x2007'2329   0x46  Code  Gb  main.o [1]
general_delay           0x2007'01e9    0xe  Code  Gb  main.o [1]
get_keypad_key          0x2007'096b   0xac  Code  Gb  main.o [1]
get_light_rotation_data
                        0x2007'17cf   0x42  Code  Gb  main.o [1]
get_num_mes_per_min     0x2007'26e5   0x46  Code  Gb  main.o [1]
get_temp                0x2007'1499   0x4c  Code  Gb  main.o [1]
get_user_input          0x2007'0a17   0x2e  Code  Gb  main.o [1]
hash_password           0x2007'2125   0x32  Code  Gb  main.o [1]
head                    0x2007'3b98    0x4  Data  Gb  main.o [1]
init_date_time          0x2007'0ad7    0x8  Code  Gb  main.o [1]
int_to_str              0x2007'030d   0x3e  Code  Gb  main.o [1]
int_to_str_fixed_length
                        0x2007'034b   0x40  Code  Gb  main.o [1]
keypad_setup            0x2007'0a45   0x92  Code  Gb  main.o [1]
last_temp_measure       0x2007'3bc0    0x4  Data  Gb  main.o [1]
leap_feb                0x2007'38a0    0x4  Data  Gb  main.o [1]
light_measure           0x2007'1729   0x3c  Code  Gb  main.o [1]
light_rotation_data     0x2007'39a0  0x120  Data  Gb  main.o [1]
light_sens_ch1_ready    0x2007'3b74    0x4  Data  Gb  main.o [1]
light_sens_ch2_ready    0x2007'3b78    0x4  Data  Gb  main.o [1]
light_to_volt_coefficcient
                        0x2007'38e8    0x8  Data  Gb  main.o [1]
list_size               0x2007'3ba0    0x4  Data  Gb  main.o [1]
login_init              0x2007'1fbd   0xae  Code  Gb  main.o [1]
loopCount               0x2007'3bd0    0x4  Data  Gb  main.o [1]
loop_time               0x2007'3bd4    0x4  Data  Gb  main.o [1]
main                    0x2007'2157  0x1d2  Code  Gb  main.o [1]
main_menu               0x2007'236f   0xa6  Code  Gb  main.o [1]
md5_S                   0x2007'37a8   0x20  Data  Gb  main.o [1]
md5_T                   0x2007'350c  0x100  Data  Gb  main.o [1]
md5_X_I                 0x2007'360c   0x80  Data  Gb  main.o [1]
md5_append_size         0x2007'1f99    0x2  Code  Lc  main.o [1]
md5_block_transform_state
                        0x2007'1911   0x58  Code  Lc  main.o [1]
md5_copy_arr            0x2007'1f9b   0x14  Code  Lc  main.o [1]
md5_encode              0x2007'19a1  0x4d8  Code  Lc  main.o [1]
md5_erase_arr           0x2007'1faf    0xe  Code  Lc  main.o [1]
md5_final_encode        0x2007'1e81   0xf2  Code  Gb  main.o [1]
md5_padding             0x2007'38a8   0x40  Data  Lc  main.o [1]
measure_temp_flag       0x2007'3bbc    0x4  Data  Gb  main.o [1]
measures_per_min        0x2007'3918    0x4  Data  Gb  main.o [1]
mem_full_flag           0x2007'3bcc    0x4  Data  Gb  main.o [1]
mem_write               0x2007'1395   0x14  Code  Gb  main.o [1]
menu_type               0x2007'3b60    0x4  Data  Gb  main.o [1]
microseconds            0x2007'3b28    0x8  Data  Gb  main.o [1]
month_days              0x2007'368c   0x30  Data  Gb  main.o [1]
new_day_flag            0x2007'3bb8    0x4  Data  Gb  main.o [1]
new_minute_flag         0x2007'3bc4    0x4  Data  Gb  main.o [1]
num_of_measurements     0x2007'3bb4    0x4  Data  Gb  main.o [1]
num_saved_day_data      0x2007'3ba8    0x4  Data  Gb  main.o [1]
prev_keypad_key         0x2007'3b80    0x4  Data  Gb  main.o [1]
prev_servo_call         0x2007'3b68    0x4  Data  Gb  main.o [1]
previous_hour           0x2007'3bdf    0x1  Data  Gb  main.o [1]
previous_minute         0x2007'3bde    0x1  Data  Gb  main.o [1]
print_day_data          0x2007'10f1   0xae  Code  Gb  main.o [1]
pwm_setup               0x2007'1765   0x44  Code  Gb  main.o [1]
reverse_str             0x2007'02f1   0x1c  Code  Gb  main.o [1]
rowsArr                 0x2007'38f0    0x8  Data  Gb  main.o [1]
saved_day_temp_data     0x2007'3ba4    0x4  Data  Gb  main.o [1]
screen_date             0x2007'3ad0   0x10  Data  Gb  main.o [1]
screen_time             0x2007'3ac0   0x10  Data  Gb  main.o [1]
servo_get_position      0x2007'17c7    0x8  Code  Gb  main.o [1]
servo_position          0x2007'3af0    0x8  Data  Gb  main.o [1]
servo_set_position      0x2007'17a9   0x1e  Code  Gb  main.o [1]
set_cursor              0x2007'0747   0x2c  Code  Gb  main.o [1]
set_day_statistics      0x2007'2699   0x44  Code  Gb  main.o [1]
set_timedate            0x2007'0ae9  0x1ca  Code  Gb  main.o [1]
set_to_max_light        0x2007'1811   0x3e  Code  Gb  main.o [1]
sidebar_menu            0x2007'245d  0x150  Code  Gb  main.o [1]
start_pulse             0x2007'141d   0x3e  Code  Gb  main.o [1]
str_concat              0x2007'04a7   0x14  Code  Gb  main.o [1]
syst                    0x2007'3900    0x4  Data  Gb  main.o [1]
systick_delay           0x2007'3b6c    0x4  Data  Gb  main.o [1]
systick_setup           0x2007'017f   0x18  Code  Gb  main.o [1]
systick_trigger         0x2007'3b70    0x4  Data  Gb  main.o [1]
tail                    0x2007'3b9c    0x4  Data  Gb  main.o [1]
tcDelta                 0x2007'3b20    0x8  Data  Gb  main.o [1]
temp_alarm_flag         0x2007'3b58    0x4  Data  Gb  main.o [1]
temp_display_alarm      0x2007'15f5   0x50  Code  Gb  main.o [1]
temp_minute_avg         0x2007'3b48    0x8  Data  Gb  main.o [1]
temp_minute_count       0x2007'3bc8    0x4  Data  Gb  main.o [1]
temp_rdy_flag           0x2007'3b7c    0x4  Data  Gb  main.o [1]
temp_reset              0x2007'1461   0x20  Code  Gb  main.o [1]
temp_setup              0x2007'148d    0xc  Code  Gb  main.o [1]
temp_to_double          0x2007'04e7   0x16  Code  Gb  main.o [1]
temperature_alarm       0x2007'1501   0xf0  Code  Gb  main.o [1]
time_config_flag        0x2007'3914    0x4  Data  Gb  main.o [1]
time_hm_to_string       0x2007'02c3   0x2e  Code  Gb  main.o [1]
time_str                0x2007'3b30    0x8  Data  Gb  main.o [1]
time_to_str             0x2007'0d99   0x3e  Code  Gb  main.o [1]
timer_counter_setup     0x2007'13a9   0x6e  Code  Gb  main.o [1]
toggle_fastmode         0x2007'0e19   0x50  Code  Gb  main.o [1]
update_avg_min_max      0x2007'0eed  0x14a  Code  Gb  main.o [1]
update_statistics       0x2007'0e69   0x1c  Code  Gb  main.o [1]
users                   0x2007'3b88    0x4  Data  Gb  main.o [1]
var_sum1                0x2007'3b38    0x8  Data  Gb  main.o [1]
var_sum2                0x2007'3b40    0x8  Data  Gb  main.o [1]
write_blank_to_display  0x2007'0773   0x3e  Code  Gb  main.o [1]
write_string_to_display
                        0x2007'08e3   0x50  Code  Gb  main.o [1]


[1] = C:\Users\Elias\Documents\IAR Embedded Workbench\CSE_GR18_Project\Debug\Obj
[2] = dl7M_tln.a
[3] = m7M_tl.a
[4] = rt7M_tl.a
[5] = shb_l.a

  13'502 bytes of readonly  code memory
   1'122 bytes of readonly  data memory
  12'988 bytes of readwrite data memory

Errors: none
Warnings: none
