###############################################################################
#
# IAR ELF Linker V8.50.1.245/W32 for ARM                  18/Dec/2020  20:16:54
# Copyright 2007-2020 IAR Systems AB.
#
#    Output file  =
#        C:\Users\Elias\Documents\IAR Embedded
#        Workbench\CSE_GR18_Project\Debug\Exe\CSE_GR18_Project.out
#    Map file     =
#        C:\Users\Elias\Documents\IAR Embedded
#        Workbench\CSE_GR18_Project\Debug\List\CSE_GR18_Project.map
#    Command line =
#        -f C:\Users\Elias\AppData\Local\Temp\EW2016.tmp
#        ("C:\Users\Elias\Documents\IAR Embedded
#        Workbench\CSE_GR18_Project\Debug\Obj\cstartup.o"
#        "C:\Users\Elias\Documents\IAR Embedded
#        Workbench\CSE_GR18_Project\Debug\Obj\exceptions.o"
#        "C:\Users\Elias\Documents\IAR Embedded
#        Workbench\CSE_GR18_Project\Debug\Obj\main.o"
#        "C:\Users\Elias\Documents\IAR Embedded
#        Workbench\CSE_GR18_Project\Debug\Obj\startup_sam3x.o"
#        "C:\Users\Elias\Documents\IAR Embedded
#        Workbench\CSE_GR18_Project\Debug\Obj\system_sam3x.o"
#        --no_out_extension -o "C:\Users\Elias\Documents\IAR Embedded
#        Workbench\CSE_GR18_Project\Debug\Exe\CSE_GR18_Project.out" --redirect
#        _Printf=_PrintfFullNoMb --redirect _Scanf=_ScanfFullNoMb --map
#        "C:\Users\Elias\Documents\IAR Embedded
#        Workbench\CSE_GR18_Project\Debug\List\CSE_GR18_Project.map" --config
#        "C:\Program Files (x86)\IAR Systems\Embedded Workbench
#        8.4\arm\config\linker\Microchip\sam3x8\sram.icf" --semihosting --entry
#        __iar_program_start --vfe --text_out locale)
#
###############################################################################

*******************************************************************************
*** RUNTIME MODEL ATTRIBUTES
***

CppFlavor       = *
__Heap_Handler  = Basic
__SystemLibrary = DLib
__dlib_version  = 6


*******************************************************************************
*** HEAP SELECTION
***

The basic heap was selected because some modules are built with
size limitations (and not runtime checking), and --advanced_heap
was not specified.


*******************************************************************************
*** PLACEMENT SUMMARY
***

"A0":  place at address 0x2007'0000 { ro section .intvec };
"P1":  place in [from 0x2007'0000 to 0x2008'7fff] { ro };
define block CSTACK with size = 4K, alignment = 8 { };
define block HEAP with size = 8K, alignment = 8 { };
"P2":  place in [from 0x2007'0000 to 0x2008'7fff] {
          rw, block CSTACK, block HEAP };
initialize by copy with packing = copy, complex ranges { rw };

  Section            Kind         Address    Size  Object
  -------            ----         -------    ----  ------
"A0":                                        0xf4
  .intvec                     0x2007'0000    0xf4  <Block>
    .intvec          const    0x2007'0000    0xf4  startup_sam3x.o [1]
                            - 0x2007'00f4    0xf4

"P1-P2", part 1 of 3:                      0x2d18
  .text              ro code  0x2007'00f4  0x1cc8  main.o [1]
  .text              ro code  0x2007'1dbc    0x3a  DblToS32.o [3]
  .text              ro code  0x2007'1df6    0x3a  zero_init3.o [4]
  .text              ro code  0x2007'1e30    0x22  S32ToDbl.o [3]
  .text              ro code  0x2007'1e52    0x2e  copy_init3.o [4]
  .text              ro code  0x2007'1e80    0xe2  DblSub.o [3]
  .text              ro code  0x2007'1f62     0x2  exceptions.o [1]
  .text              ro code  0x2007'1f64   0x1a2  DblMul.o [3]
  .text              ro code  0x2007'2108    0x86  ABImemcpy.o [4]
  .text              ro code  0x2007'2190   0x230  I64DivMod.o [4]
  .text              ro code  0x2007'23c0   0x246  DblDiv.o [3]
  .text              ro code  0x2007'2608   0x17a  DblAdd.o [3]
  .text              ro code  0x2007'2784    0x2e  DblCmpGe.o [3]
  .text              ro code  0x2007'27b4    0x2e  DblCmpLe.o [3]
  .text              ro code  0x2007'27e4    0x1a  U32ToDbl.o [3]
  .text              ro code  0x2007'2800   0x13c  heap0.o [2]
  .text              ro code  0x2007'293c     0x4  heaptramp0.o [2]
  .text              ro code  0x2007'2940    0xa0  system_sam3x.o [1]
  .text              ro code  0x2007'29e0     0x2  I64DivZer.o [4]
  .text              ro code  0x2007'29e4    0x2c  xgetmemchunk.o [2]
  .rodata            const    0x2007'2a10   0x100  main.o [1]
  .rodata            const    0x2007'2b10    0x80  main.o [1]
  .rodata            const    0x2007'2b90    0x30  main.o [1]
  .text              ro code  0x2007'2bc0    0x30  startup_sam3x.o [1]
  .text              ro code  0x2007'2bf0     0xc  cstartup.o [1]
  .text              ro code  0x2007'2bfc    0x1e  cmain.o [4]
  .text              ro code  0x2007'2c1c    0x28  data_init.o [4]
  .text              ro code  0x2007'2c44     0x4  exit.o [2]
  .text              ro code  0x2007'2c48     0xa  cexit.o [4]
  .text              ro code  0x2007'2c54    0x14  exit.o [5]
  .iar.init_table    const    0x2007'2c68    0x24  - Linker created -
  .rodata            const    0x2007'2c8c    0x20  main.o [1]
  .rodata            const    0x2007'2cac    0x18  main.o [1]
  .rodata            const    0x2007'2cc4    0x18  main.o [1]
  .rodata            const    0x2007'2cdc    0x18  main.o [1]
  .rodata            const    0x2007'2cf4    0x18  main.o [1]
  .rodata            const    0x2007'2d0c    0x10  main.o [1]
  .rodata            const    0x2007'2d1c     0x4  main.o [1]
  .rodata            const    0x2007'2d20     0x0  zero_init3.o [4]
  .rodata            const    0x2007'2d20     0x0  copy_init3.o [4]
  P1-P2 s0                    0x2007'2d20    0x74  <Init block>
    .data            inited   0x2007'2d20    0x40  main.o [1]
    .data            inited   0x2007'2d60     0x8  main.o [1]
    .data            inited   0x2007'2d68     0x8  main.o [1]
    .data            inited   0x2007'2d70     0x8  main.o [1]
    .data            inited   0x2007'2d78     0x4  main.o [1]
    .data            inited   0x2007'2d7c     0x4  main.o [1]
    .data            inited   0x2007'2d80     0x4  main.o [1]
    .data            inited   0x2007'2d84     0x4  main.o [1]
    .data            inited   0x2007'2d88     0x4  main.o [1]
    .data            inited   0x2007'2d8c     0x4  main.o [1]
    .data            inited   0x2007'2d90     0x4  system_sam3x.o [1]
  Initializer bytes  const    0x2007'2d94    0x78  <for P1-P2 s0> (used: 0x74)
                            - 0x2007'2e0c  0x2d18

"P1-P2", part 2 of 3:                       0x1e8
  .bss               zero     0x2007'2e10   0x120  main.o [1]
  .bss               zero     0x2007'2f30    0x10  main.o [1]
  .bss               zero     0x2007'2f40    0x10  main.o [1]
  .bss               zero     0x2007'2f50     0xc  main.o [1]
  .bss               zero     0x2007'2f5c     0x4  main.o [1]
  .bss               zero     0x2007'2f60     0x8  main.o [1]
  .bss               zero     0x2007'2f68     0x8  main.o [1]
  .bss               zero     0x2007'2f70     0x8  main.o [1]
  .bss               zero     0x2007'2f78     0x8  main.o [1]
  .bss               zero     0x2007'2f80     0x8  main.o [1]
  .bss               zero     0x2007'2f88     0x8  main.o [1]
  .bss               zero     0x2007'2f90     0x8  main.o [1]
  .bss               zero     0x2007'2f98     0x8  main.o [1]
  .bss               zero     0x2007'2fa0     0x8  main.o [1]
  .bss               zero     0x2007'2fa8     0x8  main.o [1]
  .bss               zero     0x2007'2fb0     0x8  heap0.o [2]
  .bss               zero     0x2007'2fb8     0x4  main.o [1]
  .bss               zero     0x2007'2fbc     0x4  main.o [1]
  .bss               zero     0x2007'2fc0     0x4  main.o [1]
  .bss               zero     0x2007'2fc4     0x4  main.o [1]
  .bss               zero     0x2007'2fc8     0x4  main.o [1]
  .bss               zero     0x2007'2fcc     0x4  main.o [1]
  .bss               zero     0x2007'2fd0     0x4  main.o [1]
  .bss               zero     0x2007'2fd4     0x4  main.o [1]
  .bss               zero     0x2007'2fd8     0x4  main.o [1]
  .bss               zero     0x2007'2fdc     0x4  main.o [1]
  .bss               zero     0x2007'2fe0     0x4  main.o [1]
  .bss               zero     0x2007'2fe4     0x4  main.o [1]
  .bss               zero     0x2007'2fe8     0x4  main.o [1]
  .bss               zero     0x2007'2fec     0x4  main.o [1]
  .bss               zero     0x2007'2ff0     0x4  xgetmemchunk.o [2]
                            - 0x2007'2ff4   0x1e8

"P1-P2", part 3 of 3:                      0x3000
  CSTACK                      0x2007'2ff8  0x1000  <Block>
    CSTACK           uninit   0x2007'2ff8  0x1000  <Block tail>
  HEAP                        0x2007'3ff8  0x2000  <Block>
    HEAP             uninit   0x2007'3ff8  0x2000  <Block tail>
                            - 0x2007'5ff8  0x3000

Unused ranges:

         From           To      Size
         ----           --      ----
  0x2007'2ff4  0x2007'2ff7       0x4
  0x2007'5ff8  0x2008'7fff  0x1'2008


*******************************************************************************
*** INIT TABLE
***

          Address      Size
          -------      ----
Zero (__iar_zero_init3)
    1 destination range, total size 0x1e4:
          0x2007'2e10  0x1e4

Copy (__iar_copy_init3)
    1 source range, total size 0x78 (103% of destination):
          0x2007'2d94   0x78
    1 destination range, total size 0x74:
          0x2007'2d20   0x74



*******************************************************************************
*** MODULE SUMMARY
***

    Module           ro code  ro data  rw data
    ------           -------  -------  -------
command line/config:
    ------------------------------------------
    Total:

C:\Users\Elias\Documents\IAR Embedded Workbench\CSE_GR18_Project\Debug\Obj: [1]
    cstartup.o            12
    exceptions.o           2
    main.o             7'368      692      584
    startup_sam3x.o       48      244
    system_sam3x.o       160        4        4
    ------------------------------------------
    Total:             7'590      940      588

dl7M_tln.a: [2]
    exit.o                 4
    heap0.o              316                 8
    heaptramp0.o           4
    xgetmemchunk.o        44                 4
    ------------------------------------------
    Total:               368                12

m7M_tl.a: [3]
    DblAdd.o             378
    DblCmpGe.o            46
    DblCmpLe.o            46
    DblDiv.o             582
    DblMul.o             418
    DblSub.o             226
    DblToS32.o            58
    S32ToDbl.o            34
    U32ToDbl.o            26
    ------------------------------------------
    Total:             1'814

rt7M_tl.a: [4]
    ABImemcpy.o          134
    I64DivMod.o          560
    I64DivZer.o            2
    cexit.o               10
    cmain.o               30
    copy_init3.o          46
    data_init.o           40
    zero_init3.o          58
    ------------------------------------------
    Total:               880

shb_l.a: [5]
    exit.o                20
    ------------------------------------------
    Total:                20

    Gaps                  20                 4
    Linker created                 40   12'288
----------------------------------------------
    Grand Total:      10'692      980   12'892


*******************************************************************************
*** ENTRY LIST
***

Entry                       Address   Size  Type      Object
-----                       -------   ----  ----      ------
.iar.init_table$$Base   0x2007'2c68          --   Gb  - Linker created -
.iar.init_table$$Limit  0x2007'2c8c          --   Gb  - Linker created -
.intvec$$Base           0x2007'0000          --   Gb  - Linker created -
.intvec$$Limit          0x2007'00f4          --   Gb  - Linker created -
?main                   0x2007'2bfd         Code  Gb  cmain.o [4]
ADC_Handler             0x2007'0231   0x3e  Code  Gb  main.o [1]
Aldata                  0x2007'2fb0    0x8  Data  Lc  heap0.o [2]
BusFault_Handler        0x2007'1f63    0x2  Code  Wk  exceptions.o [1]
CAN0_Handler            0x2007'1f63    0x2  Code  Wk  exceptions.o [1]
CAN1_Handler            0x2007'1f63    0x2  Code  Wk  exceptions.o [1]
CSTACK$$Base            0x2007'2ff8          --   Gb  - Linker created -
CSTACK$$Limit           0x2007'3ff8          --   Gb  - Linker created -
DACC_Handler            0x2007'1f63    0x2  Code  Wk  exceptions.o [1]
DMAC_Handler            0x2007'1f63    0x2  Code  Wk  exceptions.o [1]
DebugMon_Handler        0x2007'1f63    0x2  Code  Wk  exceptions.o [1]
Dummy_Handler           0x2007'1f63    0x2  Code  Gb  exceptions.o [1]
EFC0_Handler            0x2007'1f63    0x2  Code  Wk  exceptions.o [1]
EFC1_Handler            0x2007'1f63    0x2  Code  Wk  exceptions.o [1]
HEAP$$Base              0x2007'3ff8          --   Gb  - Linker created -
HEAP$$Limit             0x2007'5ff8          --   Gb  - Linker created -
HSMCI_Handler           0x2007'1f63    0x2  Code  Wk  exceptions.o [1]
HardFault_Handler       0x2007'1f63    0x2  Code  Wk  exceptions.o [1]
Init_Display            0x2007'045d   0x92  Code  Gb  main.o [1]
MD5_HASH                0x2007'12e9   0x60  Code  Gb  main.o [1]
MD5_init                0x2007'1349   0x42  Code  Gb  main.o [1]
MemManage_Handler       0x2007'1f63    0x2  Code  Wk  exceptions.o [1]
NMI_Handler             0x2007'1f63    0x2  Code  Wk  exceptions.o [1]
NVIC_ClearPendingIRQ    0x2007'010b   0x16  Code  Lc  main.o [1]
NVIC_EnableIRQ          0x2007'00f5   0x16  Code  Lc  main.o [1]
NVIC_SetPriority        0x2007'0121   0x28  Code  Lc  main.o [1]
PIOA_Handler            0x2007'1f63    0x2  Code  Wk  exceptions.o [1]
PIOB_Handler            0x2007'1f63    0x2  Code  Wk  exceptions.o [1]
PIOC_Handler            0x2007'1f63    0x2  Code  Wk  exceptions.o [1]
PIOD_Handler            0x2007'1f63    0x2  Code  Wk  exceptions.o [1]
PMC_Handler             0x2007'1f63    0x2  Code  Wk  exceptions.o [1]
PWM_Handler             0x2007'1f63    0x2  Code  Wk  exceptions.o [1]
PendSV_Handler          0x2007'1f63    0x2  Code  Wk  exceptions.o [1]
RSTC_Handler            0x2007'1f63    0x2  Code  Wk  exceptions.o [1]
RTC_Handler             0x2007'1f63    0x2  Code  Wk  exceptions.o [1]
RTT_Handler             0x2007'1f63    0x2  Code  Wk  exceptions.o [1]
Read_Status_Display     0x2007'04ef   0x5a  Code  Gb  main.o [1]
Region$$Table$$Base     0x2007'2c68          --   Gb  - Linker created -
Region$$Table$$Limit    0x2007'2c8c          --   Gb  - Linker created -
Reset_Handler           0x2007'2be9    0x8  Code  Gb  startup_sam3x.o [1]
SPI0_Handler            0x2007'1f63    0x2  Code  Wk  exceptions.o [1]
SSC_Handler             0x2007'1f63    0x2  Code  Wk  exceptions.o [1]
SUPC_Handler            0x2007'1f63    0x2  Code  Wk  exceptions.o [1]
SVC_Handler             0x2007'1f63    0x2  Code  Wk  exceptions.o [1]
SysTick_Config          0x2007'0149   0x36  Code  Lc  main.o [1]
SysTick_Handler         0x2007'01f5   0x3c  Code  Gb  main.o [1]
SystemCoreClock         0x2007'2d90    0x4  Data  Gb  system_sam3x.o [1]
SystemInit              0x2007'2941   0x70  Code  Gb  system_sam3x.o [1]
TC0_Handler             0x2007'01e3   0x12  Code  Gb  main.o [1]
TC1_Handler             0x2007'1f63    0x2  Code  Wk  exceptions.o [1]
TC2_Handler             0x2007'1f63    0x2  Code  Wk  exceptions.o [1]
TC3_Handler             0x2007'1f63    0x2  Code  Wk  exceptions.o [1]
TC4_Handler             0x2007'1f63    0x2  Code  Wk  exceptions.o [1]
TC5_Handler             0x2007'1f63    0x2  Code  Wk  exceptions.o [1]
TRNG_Handler            0x2007'1f63    0x2  Code  Wk  exceptions.o [1]
TWI0_Handler            0x2007'1f63    0x2  Code  Wk  exceptions.o [1]
TWI1_Handler            0x2007'1f63    0x2  Code  Wk  exceptions.o [1]
UART_Handler            0x2007'1f63    0x2  Code  Wk  exceptions.o [1]
UOTGHS_Handler          0x2007'1f63    0x2  Code  Wk  exceptions.o [1]
USART0_Handler          0x2007'1f63    0x2  Code  Wk  exceptions.o [1]
USART1_Handler          0x2007'1f63    0x2  Code  Wk  exceptions.o [1]
USART2_Handler          0x2007'1f63    0x2  Code  Wk  exceptions.o [1]
UsageFault_Handler      0x2007'1f63    0x2  Code  Wk  exceptions.o [1]
WDT_Handler             0x2007'1f63    0x2  Code  Wk  exceptions.o [1]
Write_Command_2_Display
                        0x2007'05a7   0x5e  Code  Gb  main.o [1]
Write_Data_2_Display    0x2007'0549   0x5e  Code  Gb  main.o [1]
__aeabi_cdcmple         0x2007'27b5         Code  Gb  DblCmpLe.o [3]
__aeabi_cdrcmple        0x2007'2785         Code  Gb  DblCmpGe.o [3]
__aeabi_d2iz            0x2007'1dbd         Code  Gb  DblToS32.o [3]
__aeabi_dadd            0x2007'2609         Code  Gb  DblAdd.o [3]
__aeabi_ddiv            0x2007'23c1         Code  Gb  DblDiv.o [3]
__aeabi_dmul            0x2007'1f65         Code  Gb  DblMul.o [3]
__aeabi_dsub            0x2007'1e81         Code  Gb  DblSub.o [3]
__aeabi_i2d             0x2007'1e31         Code  Gb  S32ToDbl.o [3]
__aeabi_ldiv0           0x2007'29e1         Code  Gb  I64DivZer.o [4]
__aeabi_memcpy4         0x2007'2109         Code  Gb  ABImemcpy.o [4]
__aeabi_memcpy8         0x2007'2109         Code  Gb  ABImemcpy.o [4]
__aeabi_ui2d            0x2007'27e5         Code  Gb  U32ToDbl.o [3]
__aeabi_uldivmod        0x2007'2191         Code  Gb  I64DivMod.o [4]
__basic_free            0x2007'28ad   0x16  Code  Gb  heap0.o [2]
__basic_free_intern     0x2007'28c3   0x74  Code  Lc  heap0.o [2]
__basic_malloc          0x2007'2801   0x18  Code  Gb  heap0.o [2]
__basic_malloc_intern   0x2007'2819   0x94  Code  Lc  heap0.o [2]
__cmain                 0x2007'2bfd         Code  Gb  cmain.o [4]
__data_GetMemChunk      0x2007'29e5   0x2c  Code  Gb  xgetmemchunk.o [2]
__data_GetMemChunk::start
                        0x2007'2ff0    0x4  Data  Lc  xgetmemchunk.o [2]
__exit                  0x2007'2c55   0x14  Code  Gb  exit.o [5]
__iar_copy_init3        0x2007'1e53   0x2e  Code  Gb  copy_init3.o [4]
__iar_dadd              0x2007'1e91         Code  Gb  DblSub.o [3]
__iar_data_init3        0x2007'2c1d   0x28  Code  Gb  data_init.o [4]
__iar_dsub              0x2007'2619         Code  Gb  DblAdd.o [3]
__iar_dsubStart         0x2007'262b         Code  Gb  DblAdd.o [3]
__iar_program_start     0x2007'2bf1         Code  Gb  cstartup.o [1]
__iar_zero_init3        0x2007'1df7   0x3a  Code  Gb  zero_init3.o [4]
__low_level_init        0x2007'2bc1   0x20  Code  Gb  startup_sam3x.o [1]
__vector_table          0x2007'0000   0xf4  Data  Gb  startup_sam3x.o [1]
_call_main              0x2007'2c09         Code  Gb  cmain.o [4]
_exit                   0x2007'2c49         Code  Gb  cexit.o [4]
_main                   0x2007'2c17         Code  Gb  cmain.o [4]
adc_CDR1_value          0x2007'2f68    0x8  Data  Gb  main.o [1]
adc_CDR2_value          0x2007'2f70    0x8  Data  Gb  main.o [1]
adc_ch1_voltage         0x2007'2f78    0x8  Data  Gb  main.o [1]
adc_ch2_voltage         0x2007'2f80    0x8  Data  Gb  main.o [1]
adc_measure             0x2007'1121   0x8c  Code  Gb  main.o [1]
adc_setup               0x2007'10c7   0x54  Code  Gb  main.o [1]
char_to_longInt_array_conversion
                        0x2007'1419   0x38  Code  Lc  main.o [1]
clear                   0x2007'0695   0x44  Code  Gb  main.o [1]
colsArr                 0x2007'2d70    0x8  Data  Gb  main.o [1]
config_date             0x2007'0b15  0x124  Code  Gb  main.o [1]
config_time             0x2007'0c4d  0x136  Code  Gb  main.o [1]
convert_to_scord        0x2007'06d9   0x40  Code  Gb  main.o [1]
create_screen_element   0x2007'0719   0x2a  Code  Gb  main.o [1]
curr_temp               0x2007'2f88    0x8  Data  Gb  main.o [1]
current_date            0x2007'2fdc    0x4  Data  Gb  main.o [1]
current_time            0x2007'2fe0    0x4  Data  Gb  main.o [1]
date_str                0x2007'2f50    0xc  Data  Gb  main.o [1]
date_to_str             0x2007'0dc7   0x42  Code  Gb  main.o [1]
def_pass_len            0x2007'2d88    0x4  Data  Gb  main.o [1]
def_us_len              0x2007'2d84    0x4  Data  Gb  main.o [1]
default_password        0x2007'2d80    0x4  Data  Gb  main.o [1]
default_user            0x2007'2fd4    0x4  Data  Gb  main.o [1]
default_username        0x2007'2d7c    0x4  Data  Gb  main.o [1]
delay_micro             0x2007'01b9   0x1a  Code  Gb  main.o [1]
delay_milis             0x2007'0199   0x20  Code  Gb  main.o [1]
display_clear           0x2007'066f   0x26  Code  Gb  main.o [1]
display_date_time       0x2007'0a7d   0x6c  Code  Gb  main.o [1]
display_setup           0x2007'03a7   0xb6  Code  Gb  main.o [1]
display_write           0x2007'0743   0x5e  Code  Gb  main.o [1]
display_write_disable_flag
                        0x2007'2fb8    0x4  Data  Gb  main.o [1]
double_to_str_fixed_length
                        0x2007'0309   0x9e  Code  Gb  main.o [1]
exit                    0x2007'2c45    0x4  Code  Gb  exit.o [2]
free                    0x2007'293d    0x4  Code  Gb  heaptramp0.o [2]
full_setup              0x2007'1d2d   0x42  Code  Gb  main.o [1]
general_delay           0x2007'01d5    0xe  Code  Gb  main.o [1]
get_keypad_key          0x2007'07f1   0xac  Code  Gb  main.o [1]
get_light_rotation_data
                        0x2007'1257   0x42  Code  Gb  main.o [1]
get_temp                0x2007'0f25   0x4c  Code  Gb  main.o [1]
hash_password           0x2007'1bc1   0x32  Code  Gb  main.o [1]
init_date_time          0x2007'092f    0xa  Code  Gb  main.o [1]
int_to_str              0x2007'028b   0x3e  Code  Gb  main.o [1]
int_to_str_fixed_length
                        0x2007'02c9   0x40  Code  Gb  main.o [1]
keypad_setup            0x2007'089d   0x92  Code  Gb  main.o [1]
leap_feb                0x2007'2d1c    0x4  Data  Gb  main.o [1]
light_measure           0x2007'11ad   0x3c  Code  Gb  main.o [1]
light_rotation_data     0x2007'2e10  0x120  Data  Gb  main.o [1]
light_sens_ch1_ready    0x2007'2fc8    0x4  Data  Gb  main.o [1]
light_sens_ch2_ready    0x2007'2fcc    0x4  Data  Gb  main.o [1]
light_to_volt_coefficcient
                        0x2007'2d60    0x8  Data  Gb  main.o [1]
login_init              0x2007'1a65   0xae  Code  Gb  main.o [1]
loopCount               0x2007'2fec    0x4  Data  Gb  main.o [1]
main                    0x2007'1bf3  0x12c  Code  Gb  main.o [1]
md5_S                   0x2007'2c8c   0x20  Data  Gb  main.o [1]
md5_T                   0x2007'2a10  0x100  Data  Gb  main.o [1]
md5_X_I                 0x2007'2b10   0x80  Data  Gb  main.o [1]
md5_append_size         0x2007'1a41    0x2  Code  Lc  main.o [1]
md5_block_transform_state
                        0x2007'13c1   0x58  Code  Lc  main.o [1]
md5_copy_arr            0x2007'1a43   0x14  Code  Lc  main.o [1]
md5_encode              0x2007'1451  0x4d8  Code  Lc  main.o [1]
md5_erase_arr           0x2007'1a57    0xe  Code  Lc  main.o [1]
md5_final_encode        0x2007'1931   0xf2  Code  Gb  main.o [1]
md5_padding             0x2007'2d20   0x40  Data  Lc  main.o [1]
microseconds            0x2007'2f98    0x8  Data  Gb  main.o [1]
month_days              0x2007'2b90   0x30  Data  Gb  main.o [1]
prev_servo_call         0x2007'2fbc    0x4  Data  Gb  main.o [1]
pwm_setup               0x2007'11ed   0x44  Code  Gb  main.o [1]
reverse_str             0x2007'026f   0x1c  Code  Gb  main.o [1]
rowsArr                 0x2007'2d68    0x8  Data  Gb  main.o [1]
screen_date             0x2007'2f40   0x10  Data  Gb  main.o [1]
screen_time             0x2007'2f30   0x10  Data  Gb  main.o [1]
servo_get_position      0x2007'124f    0x8  Code  Gb  main.o [1]
servo_position          0x2007'2f60    0x8  Data  Gb  main.o [1]
servo_set_position      0x2007'1231   0x1e  Code  Gb  main.o [1]
set_cursor              0x2007'0605   0x2c  Code  Gb  main.o [1]
set_timedate            0x2007'0939  0x13c  Code  Gb  main.o [1]
set_to_max_light        0x2007'12a5   0x3e  Code  Gb  main.o [1]
start_pulse             0x2007'0e75   0x3e  Code  Gb  main.o [1]
syst                    0x2007'2d78    0x4  Data  Gb  main.o [1]
systick_delay           0x2007'2fc0    0x4  Data  Gb  main.o [1]
systick_setup           0x2007'017f   0x18  Code  Gb  main.o [1]
systick_trigger         0x2007'2fc4    0x4  Data  Gb  main.o [1]
tcDelta                 0x2007'2f90    0x8  Data  Gb  main.o [1]
temp_alarm_flag         0x2007'2f5c    0x4  Data  Gb  main.o [1]
temp_display_alarm      0x2007'106f   0x4e  Code  Gb  main.o [1]
temp_led_alarm          0x2007'10bd    0xa  Code  Gb  main.o [1]
temp_rdy_flag           0x2007'2fd0    0x4  Data  Gb  main.o [1]
temp_reset              0x2007'0eb3   0x20  Code  Gb  main.o [1]
temp_setup              0x2007'0edd   0x36  Code  Gb  main.o [1]
temperature             0x2007'2fa8    0x8  Data  Gb  main.o [1]
temperature_alarm       0x2007'0f89   0xe6  Code  Gb  main.o [1]
time_config_flag        0x2007'2d8c    0x4  Data  Gb  main.o [1]
time_str                0x2007'2fa0    0x8  Data  Gb  main.o [1]
time_to_str             0x2007'0d89   0x3e  Code  Gb  main.o [1]
timer_counter_setup     0x2007'0e09   0x6c  Code  Gb  main.o [1]
users                   0x2007'2fd8    0x4  Data  Gb  main.o [1]
write_blank_to_display  0x2007'0631   0x3e  Code  Gb  main.o [1]
write_string_to_display
                        0x2007'07a1   0x50  Code  Gb  main.o [1]
zero_date               0x2007'2fe8    0x4  Data  Gb  main.o [1]
zero_time               0x2007'2fe4    0x4  Data  Gb  main.o [1]


[1] = C:\Users\Elias\Documents\IAR Embedded Workbench\CSE_GR18_Project\Debug\Obj
[2] = dl7M_tln.a
[3] = m7M_tl.a
[4] = rt7M_tl.a
[5] = shb_l.a

  10'692 bytes of readonly  code memory
     980 bytes of readonly  data memory
  12'892 bytes of readwrite data memory

Errors: none
Warnings: none
